[     112ms] [INFO] %cDownload the React DevTools for a better development experience: https://react.dev/link/react-devtools font-weight:bold @ http://localhost:3000/_next/static/chunks/0.i0_next_dist_0fs.020._.js:2431
[     440ms] [LOG] [HMR] connected @ http://localhost:3000/_next/static/chunks/0.i0_next_dist_0fs.020._.js:2431
[     472ms] [ERROR] Encountered a script tag while rendering React component. Scripts inside React components are never executed when rendering on the client. Consider using template tag instead (https://developer.mozilla.org/en-US/docs/Web/HTML/Element/template). @ http://localhost:3000/_next/static/chunks/0.i0_next_dist_0fs.020._.js:3272
[     484ms] Error: Hydration failed because the server rendered HTML didn't match the client. As a result this tree will be regenerated on the client. This can happen if a SSR-ed Client Component used:

- A server/client branch `if (typeof window !== 'undefined')`.
- Variable input such as `Date.now()` or `Math.random()` which changes each time it's called.
- Date formatting in a user's locale which doesn't match the server.
- External changing data without sending a snapshot of it along with the HTML.
- Invalid HTML tag nesting.

It can also happen if the client has a browser extension installed which messes with the HTML before React loaded.

https://react.dev/link/hydration-mismatch

  ...
    <HotReload globalError={[...]} webSocket={WebSocket} staticIndicatorState={{pathname:null, ...}}>
      <AppDevOverlayErrorBoundary globalError={[...]}>
        <ReplaySsrOnlyErrors>
        <DevRootHTTPAccessFallbackBoundary>
          <HTTPAccessFallbackBoundary notFound={<NotAllowedRootHTTPFallbackError>}>
            <HTTPAccessFallbackErrorBoundary pathname="/roadmap" notFound={<NotAllowedRootHTTPFallbackError>} ...>
              <RedirectBoundary>
                <RedirectErrorBoundary router={{...}}>
                  <Head>
                  <__next_root_layout_boundary__>
                    <SegmentViewNode type="layout" pagePath="layout.tsx">
                      <SegmentTrieNode>
                      <link>
                      <script>
                      <script>
                      <script>
                      <RootLayout>
                        <html
                          lang="en"
+                         className="geist_a71539c9-module__T19VSG__variable geist_mono_8d43a2aa-module__8Li5zG__varia..."
-                         className="geist_a71539c9-module__T19VSG__variable geist_mono_8d43a2aa-module__8Li5zG__varia..."
                        >
                          <head>
                          ...
                            <RoadmapPage>
                              <RoadmapView noProject={false}>
                                <div className="flex flex-...">
                                  <div className="flex gap-0...">
                                    <button
                                      onClick={function onClick}
+                                     className="px-4 py-2 text-sm font-medium border-b-2 transition-colors border-tra..."
-                                     className="px-4 py-2 text-sm font-medium border-b-2 transition-colors border-sla..."
                                    >
+                                     Roadmap
                                    <button
                                      onClick={function onClick}
+                                     className="px-4 py-2 text-sm font-medium border-b-2 transition-colors border-sla..."
-                                     className="px-4 py-2 text-sm font-medium border-b-2 transition-colors border-tra..."
                                    >
+                                     Changelog
                                  <div className="flex-1 ove...">
                                    <div className="flex flex-...">
                                      <div className="flex items...">
+                                       <button
+                                         onClick={function handleGenerateChangelog}
+                                         disabled={false}
+                                         className="px-4 py-2 text-sm font-medium bg-slate-900 dark:bg-white text-whi..."
+                                       >
-                                       <label
-                                         className="flex items-center gap-2 text-sm text-slate-600 dark:text-slate-40..."
-                                       >
                                      ...
                  ...

    at throwOnHydrationMismatch (http://localhost:3000/_next/static/chunks/0.i0_next_dist_compiled_react-dom_00nz2x1._.js:3318:56)
    at beginWork (http://localhost:3000/_next/static/chunks/0.i0_next_dist_compiled_react-dom_00nz2x1._.js:6758:918)
    at runWithFiberInDEV (http://localhost:3000/_next/static/chunks/0.i0_next_dist_compiled_react-dom_00nz2x1._.js:965:74)
    at performUnitOfWork (http://localhost:3000/_next/static/chunks/0.i0_next_dist_compiled_react-dom_00nz2x1._.js:9555:97)
    at workLoopConcurrentByScheduler (http://localhost:3000/_next/static/chunks/0.i0_next_dist_compiled_react-dom_00nz2x1._.js:9551:58)
    at renderRootConcurrent (http://localhost:3000/_next/static/chunks/0.i0_next_dist_compiled_react-dom_00nz2x1._.js:9534:71)
    at performWorkOnRoot (http://localhost:3000/_next/static/chunks/0.i0_next_dist_compiled_react-dom_00nz2x1._.js:9061:150)
    at performWorkOnRootViaSchedulerTask (http://localhost:3000/_next/static/chunks/0.i0_next_dist_compiled_react-dom_00nz2x1._.js:10255:9)
    at MessagePort.performWorkUntilDeadline (http://localhost:3000/_next/static/chunks/0.i0_next_dist_compiled_12as8i4._.js:2647:64)
[     652ms] [LOG] [Fast Refresh] rebuilding @ http://localhost:3000/_next/static/chunks/0.i0_next_dist_0fs.020._.js:2431
[     670ms] [LOG] [Fast Refresh] done in 123ms @ http://localhost:3000/_next/static/chunks/0.i0_next_dist_0fs.020._.js:2431
[     777ms] [LOG] [Fast Refresh] rebuilding @ http://localhost:3000/_next/static/chunks/0.i0_next_dist_0fs.020._.js:2431
[     825ms] [LOG] [Fast Refresh] done in 155ms @ http://localhost:3000/_next/static/chunks/0.i0_next_dist_0fs.020._.js:2431
