[     435ms] [INFO] %cDownload the React DevTools for a better development experience: https://react.dev/link/react-devtools font-weight:bold @ http://localhost:3000/_next/static/chunks/0.i0_next_dist_0fs.020._.js:2431
[     748ms] [LOG] [HMR] connected @ http://localhost:3000/_next/static/chunks/0.i0_next_dist_0fs.020._.js:2431
[  233476ms] [LOG] [Fast Refresh] rebuilding @ http://localhost:3000/_next/static/chunks/0.i0_next_dist_0fs.020._.js:2431
[  233523ms] [LOG] [Fast Refresh] done in 137ms @ http://localhost:3000/_next/static/chunks/0.i0_next_dist_0fs.020._.js:2431
[  233946ms] [LOG] [Fast Refresh] rebuilding @ http://localhost:3000/_next/static/chunks/0.i0_next_dist_0fs.020._.js:2431
[  234141ms] [LOG] [Fast Refresh] done in 311ms @ http://localhost:3000/_next/static/chunks/0.i0_next_dist_0fs.020._.js:2431
[  249816ms] [LOG] [Fast Refresh] rebuilding @ http://localhost:3000/_next/static/chunks/0.i0_next_dist_0fs.020._.js:2431
[  249821ms] [LOG] [Fast Refresh] done in 92ms @ http://localhost:3000/_next/static/chunks/0.i0_next_dist_0fs.020._.js:2431
[  249937ms] [LOG] [Fast Refresh] rebuilding @ http://localhost:3000/_next/static/chunks/0.i0_next_dist_0fs.020._.js:2431
[  250100ms] [LOG] [Fast Refresh] done in 273ms @ http://localhost:3000/_next/static/chunks/0.i0_next_dist_0fs.020._.js:2431
[  265114ms] [LOG] [Fast Refresh] rebuilding @ http://localhost:3000/_next/static/chunks/0.i0_next_dist_0fs.020._.js:2431
[  265135ms] [ERROR] ./IdeaProjects/TeamAI/teamai/src/app/task/[id]/page.tsx:7:1
Module not found: Can't resolve '@/components/phase-syncer'
   5 | import { AgentPanel } from '@/components/agent-panel';
   6 | import { RunTaskButton } from '@/components/run-task-button';
>  7 | import { PhaseSyncer } from '@/components/phase-syncer';
     | ^^^^^^^^^^^^^^^^^^^^^^^^^^^^^^^^^^^^^^^^^^^^^^^^^^^^^^^^
   8 |
   9 | const PHASE_BADGE: Record<string, string> = {
  10 |   backlog:           'bg-slate-100 text-slate-600 dark:bg-slate-800 dark:text-slate-300',

Import map: aliased to relative './src/components/phase-syncer' inside of [project]/IdeaProjects/TeamAI/teamai

https://nextjs.org/docs/messages/module-not-found @ http://localhost:3000/_next/static/chunks/0.i0_next_dist_0fs.020._.js:3272
[  265197ms] [ERROR] ./IdeaProjects/TeamAI/teamai/src/app/task/[id]/page.tsx:7:1
Module not found: Can't resolve '@/components/phase-syncer'
   5 | import { AgentPanel } from '@/components/agent-panel';
   6 | import { RunTaskButton } from '@/components/run-task-button';
>  7 | import { PhaseSyncer } from '@/components/phase-syncer';
     | ^^^^^^^^^^^^^^^^^^^^^^^^^^^^^^^^^^^^^^^^^^^^^^^^^^^^^^^^
   8 |
   9 | const PHASE_BADGE: Record<string, string> = {
  10 |   backlog:           'bg-slate-100 text-slate-600 dark:bg-slate-800 dark:text-slate-300',

Import map: aliased to relative './src/components/phase-syncer' inside of [project]/IdeaProjects/TeamAI/teamai

https://nextjs.org/docs/messages/module-not-found @ http://localhost:3000/_next/static/chunks/0.i0_next_dist_0fs.020._.js:3272
[  265303ms] [LOG] [Fast Refresh] rebuilding @ http://localhost:3000/_next/static/chunks/0.i0_next_dist_0fs.020._.js:2431
[  265809ms] [ERROR] ./IdeaProjects/TeamAI/teamai/src/app/task/[id]/page.tsx:7:1
Module not found: Can't resolve '@/components/phase-syncer'
   5 | import { AgentPanel } from '@/components/agent-panel';
   6 | import { RunTaskButton } from '@/components/run-task-button';
>  7 | import { PhaseSyncer } from '@/components/phase-syncer';
     | ^^^^^^^^^^^^^^^^^^^^^^^^^^^^^^^^^^^^^^^^^^^^^^^^^^^^^^^^
   8 |
   9 | const PHASE_BADGE: Record<string, string> = {
  10 |   backlog:           'bg-slate-100 text-slate-600 dark:bg-slate-800 dark:text-slate-300',

Import map: aliased to relative './src/components/phase-syncer' inside of [project]/IdeaProjects/TeamAI/teamai

https://nextjs.org/docs/messages/module-not-found @ http://localhost:3000/_next/static/chunks/0.i0_next_dist_0fs.020._.js:3272
[  265886ms] [ERROR] ./IdeaProjects/TeamAI/teamai/src/app/task/[id]/page.tsx:7:1
Module not found: Can't resolve '@/components/phase-syncer'
   5 | import { AgentPanel } from '@/components/agent-panel';
   6 | import { RunTaskButton } from '@/components/run-task-button';
>  7 | import { PhaseSyncer } from '@/components/phase-syncer';
     | ^^^^^^^^^^^^^^^^^^^^^^^^^^^^^^^^^^^^^^^^^^^^^^^^^^^^^^^^
   8 |
   9 | const PHASE_BADGE: Record<string, string> = {
  10 |   backlog:           'bg-slate-100 text-slate-600 dark:bg-slate-800 dark:text-slate-300',

Import map: aliased to relative './src/components/phase-syncer' inside of [project]/IdeaProjects/TeamAI/teamai

https://nextjs.org/docs/messages/module-not-found @ http://localhost:3000/_next/static/chunks/0.i0_next_dist_0fs.020._.js:3272
[  265988ms] [LOG] [Fast Refresh] rebuilding @ http://localhost:3000/_next/static/chunks/0.i0_next_dist_0fs.020._.js:2431
[  266477ms] [ERROR] ./IdeaProjects/TeamAI/teamai/src/app/task/[id]/page.tsx:7:1
Module not found: Can't resolve '@/components/phase-syncer'
   5 | import { AgentPanel } from '@/components/agent-panel';
   6 | import { RunTaskButton } from '@/components/run-task-button';
>  7 | import { PhaseSyncer } from '@/components/phase-syncer';
     | ^^^^^^^^^^^^^^^^^^^^^^^^^^^^^^^^^^^^^^^^^^^^^^^^^^^^^^^^
   8 |
   9 | const PHASE_BADGE: Record<string, string> = {
  10 |   backlog:           'bg-slate-100 text-slate-600 dark:bg-slate-800 dark:text-slate-300',

Import map: aliased to relative './src/components/phase-syncer' inside of [project]/IdeaProjects/TeamAI/teamai

https://nextjs.org/docs/messages/module-not-found @ http://localhost:3000/_next/static/chunks/0.i0_next_dist_0fs.020._.js:3272
[  266770ms] [ERROR] Failed to load resource: the server responded with a status of 500 (Internal Server Error) @ http://localhost:3000/task/fce850d2-f0c8-4c56-9388-422190db17f1?_rsc=1cb8v:0
[  266814ms] [ERROR] Failed to load resource: the server responded with a status of 500 (Internal Server Error) @ http://localhost:3000/task/fce850d2-f0c8-4c56-9388-422190db17f1:0
[  266930ms] [INFO] %cDownload the React DevTools for a better development experience: https://react.dev/link/react-devtools font-weight:bold @ http://localhost:3000/_next/static/chunks/0.i0_react-dom_0d~.mda._.js:15305
[  266994ms] Error: ./IdeaProjects/TeamAI/teamai/src/app/task/[id]/page.tsx:7:1
Module not found: Can't resolve '@/components/phase-syncer'
   5 | import { AgentPanel } from '@/components/agent-panel';
   6 | import { RunTaskButton } from '@/components/run-task-button';
>  7 | import { PhaseSyncer } from '@/components/phase-syncer';
     | ^^^^^^^^^^^^^^^^^^^^^^^^^^^^^^^^^^^^^^^^^^^^^^^^^^^^^^^^
   8 |
   9 | const PHASE_BADGE: Record<string, string> = {
  10 |   backlog:           'bg-slate-100 text-slate-600 dark:bg-slate-800 dark:text-slate-300',

Import map: aliased to relative './src/components/phase-syncer' inside of [project]/IdeaProjects/TeamAI/teamai


https://nextjs.org/docs/messages/module-not-found


    at <unknown> (Error: ./IdeaProjects/TeamAI/teamai/src/app/task/[id]/page.tsx:7:1)
    at <unknown> (https://nextjs.org/docs/messages/module-not-found)
    at Object.getCompilationErrors (file://C:\Users\dev\IdeaProjects\TeamAI\teamai\node_modules\next\dist\server\dev\hot-reloader-turbopack.js:1186:59)
    at DevBundlerService.getCompilationError (file://C:\Users\dev\IdeaProjects\TeamAI\teamai\node_modules\next\dist\server\lib\dev-bundler-service.js:44:55)
    at DevServer.getCompilationError (file://C:\Users\dev\IdeaProjects\TeamAI\teamai\node_modules\next\dist\server\dev\next-dev-server.js:719:42)
    at DevServer.findPageComponents (file://C:\Users\dev\IdeaProjects\TeamAI\teamai\node_modules\next\dist\server\dev\next-dev-server.js:689:43)
    at async DevServer.renderErrorToResponseImpl (file://C:\Users\dev\IdeaProjects\TeamAI\teamai\node_modules\next\dist\server\base-server.js:1745:26)
[  267298ms] [LOG] [HMR] connected @ http://localhost:3000/_next/static/chunks/0.i0_next_dist_12o~y_9._.js:1226
[  267304ms] [ERROR] ./IdeaProjects/TeamAI/teamai/src/app/task/[id]/page.tsx:7:1
Module not found: Can't resolve '@/components/phase-syncer'
   5 | import { AgentPanel } from '@/components/agent-panel';
   6 | import { RunTaskButton } from '@/components/run-task-button';
>  7 | import { PhaseSyncer } from '@/components/phase-syncer';
     | ^^^^^^^^^^^^^^^^^^^^^^^^^^^^^^^^^^^^^^^^^^^^^^^^^^^^^^^^
   8 |
   9 | const PHASE_BADGE: Record<string, string> = {
  10 |   backlog:           'bg-slate-100 text-slate-600 dark:bg-slate-800 dark:text-slate-300',

Import map: aliased to relative './src/components/phase-syncer' inside of [project]/IdeaProjects/TeamAI/teamai

https://nextjs.org/docs/messages/module-not-found @ http://localhost:3000/_next/static/chunks/0.i0_next_dist_12o~y_9._.js:1945
[  267359ms] [ERROR] ./IdeaProjects/TeamAI/teamai/src/app/task/[id]/page.tsx:7:1
Module not found: Can't resolve '@/components/phase-syncer'
   5 | import { AgentPanel } from '@/components/agent-panel';
   6 | import { RunTaskButton } from '@/components/run-task-button';
>  7 | import { PhaseSyncer } from '@/components/phase-syncer';
     | ^^^^^^^^^^^^^^^^^^^^^^^^^^^^^^^^^^^^^^^^^^^^^^^^^^^^^^^^
   8 |
   9 | const PHASE_BADGE: Record<string, string> = {
  10 |   backlog:           'bg-slate-100 text-slate-600 dark:bg-slate-800 dark:text-slate-300',

Import map: aliased to relative './src/components/phase-syncer' inside of [project]/IdeaProjects/TeamAI/teamai

https://nextjs.org/docs/messages/module-not-found @ http://localhost:3000/_next/static/chunks/0.i0_next_dist_12o~y_9._.js:1945
[  267404ms] [LOG] [Fast Refresh] rebuilding @ http://localhost:3000/_next/static/chunks/0.i0_next_dist_12o~y_9._.js:1226
[  268226ms] [ERROR] ./IdeaProjects/TeamAI/teamai/src/app/task/[id]/page.tsx:7:1
Module not found: Can't resolve '@/components/phase-syncer'
   5 | import { AgentPanel } from '@/components/agent-panel';
   6 | import { RunTaskButton } from '@/components/run-task-button';
>  7 | import { PhaseSyncer } from '@/components/phase-syncer';
     | ^^^^^^^^^^^^^^^^^^^^^^^^^^^^^^^^^^^^^^^^^^^^^^^^^^^^^^^^
   8 |
   9 | const PHASE_BADGE: Record<string, string> = {
  10 |   backlog:           'bg-slate-100 text-slate-600 dark:bg-slate-800 dark:text-slate-300',

Import map: aliased to relative './src/components/phase-syncer' inside of [project]/IdeaProjects/TeamAI/teamai

https://nextjs.org/docs/messages/module-not-found @ http://localhost:3000/_next/static/chunks/0.i0_next_dist_12o~y_9._.js:1945
[  268287ms] [LOG] [Fast Refresh] rebuilding @ http://localhost:3000/_next/static/chunks/0.i0_next_dist_12o~y_9._.js:1226
[  273134ms] [LOG] [Fast Refresh] rebuilding @ http://localhost:3000/_next/static/chunks/0.i0_next_dist_12o~y_9._.js:1226
[  273475ms] [LOG] [Fast Refresh] done in 396ms @ http://localhost:3000/_next/static/chunks/0.i0_next_dist_12o~y_9._.js:1226
[  273760ms] [LOG] [Fast Refresh] rebuilding @ http://localhost:3000/_next/static/chunks/0.i0_next_dist_12o~y_9._.js:1226
[  274028ms] [LOG] [Fast Refresh] done in 378ms @ http://localhost:3000/_next/static/chunks/0.i0_next_dist_12o~y_9._.js:1226
[  274142ms] [INFO] %cDownload the React DevTools for a better development experience: https://react.dev/link/react-devtools font-weight:bold @ http://localhost:3000/_next/static/chunks/0.i0_next_dist_0fs.020._.js:2431
[  274462ms] [LOG] [HMR] connected @ http://localhost:3000/_next/static/chunks/0.i0_next_dist_0fs.020._.js:2431
[  277536ms] [WARNING] The resource http://localhost:3000/_next/static/media/caa3a2e1cccd8315-s.p.16t1db8_9y2o~.woff2 was preloaded using link preload but not used within a few seconds from the window's load event. Please make sure it has an appropriate `as` value and it is preloaded intentionally. @ http://localhost:3000/task/fce850d2-f0c8-4c56-9388-422190db17f1:0
[  277537ms] [WARNING] The resource http://localhost:3000/_next/static/media/797e433ab948586e-s.p.0.q-h669a_dqa.woff2 was preloaded using link preload but not used within a few seconds from the window's load event. Please make sure it has an appropriate `as` value and it is preloaded intentionally. @ http://localhost:3000/task/fce850d2-f0c8-4c56-9388-422190db17f1:0
