[     162ms] [INFO] %cDownload the React DevTools for a better development experience: https://react.dev/link/react-devtools font-weight:bold @ http://localhost:3000/_next/static/chunks/0.i0_next_dist_0fs.020._.js:2431
[     482ms] [LOG] [HMR] connected @ http://localhost:3000/_next/static/chunks/0.i0_next_dist_0fs.020._.js:2431
[    3507ms] [WARNING] The resource http://localhost:3000/_next/static/media/caa3a2e1cccd8315-s.p.16t1db8_9y2o~.woff2 was preloaded using link preload but not used within a few seconds from the window's load event. Please make sure it has an appropriate `as` value and it is preloaded intentionally. @ http://localhost:3000/:0
[    3507ms] [WARNING] The resource http://localhost:3000/_next/static/media/797e433ab948586e-s.p.0.q-h669a_dqa.woff2 was preloaded using link preload but not used within a few seconds from the window's load event. Please make sure it has an appropriate `as` value and it is preloaded intentionally. @ http://localhost:3000/:0
[   83124ms] [LOG] [Fast Refresh] rebuilding @ http://localhost:3000/_next/static/chunks/0.i0_next_dist_0fs.020._.js:2431
[   83132ms] [LOG] [Fast Refresh] done in 100ms @ http://localhost:3000/_next/static/chunks/0.i0_next_dist_0fs.020._.js:2431
[   83577ms] [LOG] [Fast Refresh] rebuilding @ http://localhost:3000/_next/static/chunks/0.i0_next_dist_0fs.020._.js:2431
[   83796ms] [LOG] [Fast Refresh] done in 350ms @ http://localhost:3000/_next/static/chunks/0.i0_next_dist_0fs.020._.js:2431
[   86827ms] [WARNING] The resource http://localhost:3000/_next/static/media/caa3a2e1cccd8315-s.p.16t1db8_9y2o~.woff2 was preloaded using link preload but not used within a few seconds from the window's load event. Please make sure it has an appropriate `as` value and it is preloaded intentionally. @ http://localhost:3000/:0
[   86827ms] [WARNING] The resource http://localhost:3000/_next/static/media/797e433ab948586e-s.p.0.q-h669a_dqa.woff2 was preloaded using link preload but not used within a few seconds from the window's load event. Please make sure it has an appropriate `as` value and it is preloaded intentionally. @ http://localhost:3000/:0
[ 7721448ms] [WARNING] The resource http://localhost:3000/_next/static/media/caa3a2e1cccd8315-s.p.16t1db8_9y2o~.woff2 was preloaded using link preload but not used within a few seconds from the window's load event. Please make sure it has an appropriate `as` value and it is preloaded intentionally. @ http://localhost:3000/:0
[ 7721448ms] [WARNING] The resource http://localhost:3000/_next/static/media/797e433ab948586e-s.p.0.q-h669a_dqa.woff2 was preloaded using link preload but not used within a few seconds from the window's load event. Please make sure it has an appropriate `as` value and it is preloaded intentionally. @ http://localhost:3000/:0
[ 7744656ms] [LOG] [Fast Refresh] rebuilding @ http://localhost:3000/_next/static/chunks/0.i0_next_dist_0fs.020._.js:2431
[ 7744927ms] [LOG] [Fast Refresh] done in 385ms @ http://localhost:3000/_next/static/chunks/0.i0_next_dist_0fs.020._.js:2431
[ 7756065ms] [WARNING] The resource http://localhost:3000/_next/static/media/caa3a2e1cccd8315-s.p.16t1db8_9y2o~.woff2 was preloaded using link preload but not used within a few seconds from the window's load event. Please make sure it has an appropriate `as` value and it is preloaded intentionally. @ http://localhost:3000/task/cd441034-0755-4b54-8cc1-70fc66faf424:0
[ 7756065ms] [WARNING] The resource http://localhost:3000/_next/static/media/797e433ab948586e-s.p.0.q-h669a_dqa.woff2 was preloaded using link preload but not used within a few seconds from the window's load event. Please make sure it has an appropriate `as` value and it is preloaded intentionally. @ http://localhost:3000/task/cd441034-0755-4b54-8cc1-70fc66faf424:0
[ 7766356ms] [WARNING] The resource http://localhost:3000/_next/static/media/caa3a2e1cccd8315-s.p.16t1db8_9y2o~.woff2 was preloaded using link preload but not used within a few seconds from the window's load event. Please make sure it has an appropriate `as` value and it is preloaded intentionally. @ http://localhost:3000/task/cd441034-0755-4b54-8cc1-70fc66faf424:0
[ 7766357ms] [WARNING] The resource http://localhost:3000/_next/static/media/797e433ab948586e-s.p.0.q-h669a_dqa.woff2 was preloaded using link preload but not used within a few seconds from the window's load event. Please make sure it has an appropriate `as` value and it is preloaded intentionally. @ http://localhost:3000/task/cd441034-0755-4b54-8cc1-70fc66faf424:0
[ 7778452ms] [WARNING] The resource http://localhost:3000/_next/static/media/caa3a2e1cccd8315-s.p.16t1db8_9y2o~.woff2 was preloaded using link preload but not used within a few seconds from the window's load event. Please make sure it has an appropriate `as` value and it is preloaded intentionally. @ http://localhost:3000/task/cd441034-0755-4b54-8cc1-70fc66faf424:0
[ 7778452ms] [WARNING] The resource http://localhost:3000/_next/static/media/797e433ab948586e-s.p.0.q-h669a_dqa.woff2 was preloaded using link preload but not used within a few seconds from the window's load event. Please make sure it has an appropriate `as` value and it is preloaded intentionally. @ http://localhost:3000/task/cd441034-0755-4b54-8cc1-70fc66faf424:0
[ 7789897ms] [WARNING] The resource http://localhost:3000/_next/static/media/caa3a2e1cccd8315-s.p.16t1db8_9y2o~.woff2 was preloaded using link preload but not used within a few seconds from the window's load event. Please make sure it has an appropriate `as` value and it is preloaded intentionally. @ http://localhost:3000/task/cd441034-0755-4b54-8cc1-70fc66faf424:0
[ 7789897ms] [WARNING] The resource http://localhost:3000/_next/static/media/797e433ab948586e-s.p.0.q-h669a_dqa.woff2 was preloaded using link preload but not used within a few seconds from the window's load event. Please make sure it has an appropriate `as` value and it is preloaded intentionally. @ http://localhost:3000/task/cd441034-0755-4b54-8cc1-70fc66faf424:0
[ 7801006ms] [WARNING] The resource http://localhost:3000/_next/static/media/caa3a2e1cccd8315-s.p.16t1db8_9y2o~.woff2 was preloaded using link preload but not used within a few seconds from the window's load event. Please make sure it has an appropriate `as` value and it is preloaded intentionally. @ http://localhost:3000/task/cd441034-0755-4b54-8cc1-70fc66faf424:0
[ 7801006ms] [WARNING] The resource http://localhost:3000/_next/static/media/797e433ab948586e-s.p.0.q-h669a_dqa.woff2 was preloaded using link preload but not used within a few seconds from the window's load event. Please make sure it has an appropriate `as` value and it is preloaded intentionally. @ http://localhost:3000/task/cd441034-0755-4b54-8cc1-70fc66faf424:0
[ 7812639ms] [WARNING] The resource http://localhost:3000/_next/static/media/caa3a2e1cccd8315-s.p.16t1db8_9y2o~.woff2 was preloaded using link preload but not used within a few seconds from the window's load event. Please make sure it has an appropriate `as` value and it is preloaded intentionally. @ http://localhost:3000/task/cd441034-0755-4b54-8cc1-70fc66faf424:0
[ 7812639ms] [WARNING] The resource http://localhost:3000/_next/static/media/797e433ab948586e-s.p.0.q-h669a_dqa.woff2 was preloaded using link preload but not used within a few seconds from the window's load event. Please make sure it has an appropriate `as` value and it is preloaded intentionally. @ http://localhost:3000/task/cd441034-0755-4b54-8cc1-70fc66faf424:0
[ 7823560ms] [WARNING] The resource http://localhost:3000/_next/static/media/caa3a2e1cccd8315-s.p.16t1db8_9y2o~.woff2 was preloaded using link preload but not used within a few seconds from the window's load event. Please make sure it has an appropriate `as` value and it is preloaded intentionally. @ http://localhost:3000/task/cd441034-0755-4b54-8cc1-70fc66faf424:0
[ 7823560ms] [WARNING] The resource http://localhost:3000/_next/static/media/797e433ab948586e-s.p.0.q-h669a_dqa.woff2 was preloaded using link preload but not used within a few seconds from the window's load event. Please make sure it has an appropriate `as` value and it is preloaded intentionally. @ http://localhost:3000/task/cd441034-0755-4b54-8cc1-70fc66faf424:0
[ 7836073ms] [WARNING] The resource http://localhost:3000/_next/static/media/caa3a2e1cccd8315-s.p.16t1db8_9y2o~.woff2 was preloaded using link preload but not used within a few seconds from the window's load event. Please make sure it has an appropriate `as` value and it is preloaded intentionally. @ http://localhost:3000/task/cd441034-0755-4b54-8cc1-70fc66faf424:0
[ 7836073ms] [WARNING] The resource http://localhost:3000/_next/static/media/797e433ab948586e-s.p.0.q-h669a_dqa.woff2 was preloaded using link preload but not used within a few seconds from the window's load event. Please make sure it has an appropriate `as` value and it is preloaded intentionally. @ http://localhost:3000/task/cd441034-0755-4b54-8cc1-70fc66faf424:0
[ 7845305ms] [WARNING] The resource http://localhost:3000/_next/static/media/caa3a2e1cccd8315-s.p.16t1db8_9y2o~.woff2 was preloaded using link preload but not used within a few seconds from the window's load event. Please make sure it has an appropriate `as` value and it is preloaded intentionally. @ http://localhost:3000/task/cd441034-0755-4b54-8cc1-70fc66faf424:0
[ 7845305ms] [WARNING] The resource http://localhost:3000/_next/static/media/797e433ab948586e-s.p.0.q-h669a_dqa.woff2 was preloaded using link preload but not used within a few seconds from the window's load event. Please make sure it has an appropriate `as` value and it is preloaded intentionally. @ http://localhost:3000/task/cd441034-0755-4b54-8cc1-70fc66faf424:0
[ 7858104ms] [WARNING] The resource http://localhost:3000/_next/static/media/caa3a2e1cccd8315-s.p.16t1db8_9y2o~.woff2 was preloaded using link preload but not used within a few seconds from the window's load event. Please make sure it has an appropriate `as` value and it is preloaded intentionally. @ http://localhost:3000/task/cd441034-0755-4b54-8cc1-70fc66faf424:0
[ 7858104ms] [WARNING] The resource http://localhost:3000/_next/static/media/797e433ab948586e-s.p.0.q-h669a_dqa.woff2 was preloaded using link preload but not used within a few seconds from the window's load event. Please make sure it has an appropriate `as` value and it is preloaded intentionally. @ http://localhost:3000/task/cd441034-0755-4b54-8cc1-70fc66faf424:0
[ 7870131ms] [WARNING] The resource http://localhost:3000/_next/static/media/caa3a2e1cccd8315-s.p.16t1db8_9y2o~.woff2 was preloaded using link preload but not used within a few seconds from the window's load event. Please make sure it has an appropriate `as` value and it is preloaded intentionally. @ http://localhost:3000/task/cd441034-0755-4b54-8cc1-70fc66faf424:0
[ 7870131ms] [WARNING] The resource http://localhost:3000/_next/static/media/797e433ab948586e-s.p.0.q-h669a_dqa.woff2 was preloaded using link preload but not used within a few seconds from the window's load event. Please make sure it has an appropriate `as` value and it is preloaded intentionally. @ http://localhost:3000/task/cd441034-0755-4b54-8cc1-70fc66faf424:0
[ 7881531ms] [WARNING] The resource http://localhost:3000/_next/static/media/caa3a2e1cccd8315-s.p.16t1db8_9y2o~.woff2 was preloaded using link preload but not used within a few seconds from the window's load event. Please make sure it has an appropriate `as` value and it is preloaded intentionally. @ http://localhost:3000/task/cd441034-0755-4b54-8cc1-70fc66faf424:0
[ 7881531ms] [WARNING] The resource http://localhost:3000/_next/static/media/797e433ab948586e-s.p.0.q-h669a_dqa.woff2 was preloaded using link preload but not used within a few seconds from the window's load event. Please make sure it has an appropriate `as` value and it is preloaded intentionally. @ http://localhost:3000/task/cd441034-0755-4b54-8cc1-70fc66faf424:0
[ 7894055ms] [WARNING] The resource http://localhost:3000/_next/static/media/caa3a2e1cccd8315-s.p.16t1db8_9y2o~.woff2 was preloaded using link preload but not used within a few seconds from the window's load event. Please make sure it has an appropriate `as` value and it is preloaded intentionally. @ http://localhost:3000/task/cd441034-0755-4b54-8cc1-70fc66faf424:0
[ 7894055ms] [WARNING] The resource http://localhost:3000/_next/static/media/797e433ab948586e-s.p.0.q-h669a_dqa.woff2 was preloaded using link preload but not used within a few seconds from the window's load event. Please make sure it has an appropriate `as` value and it is preloaded intentionally. @ http://localhost:3000/task/cd441034-0755-4b54-8cc1-70fc66faf424:0
[ 7904491ms] [WARNING] The resource http://localhost:3000/_next/static/media/caa3a2e1cccd8315-s.p.16t1db8_9y2o~.woff2 was preloaded using link preload but not used within a few seconds from the window's load event. Please make sure it has an appropriate `as` value and it is preloaded intentionally. @ http://localhost:3000/task/cd441034-0755-4b54-8cc1-70fc66faf424:0
[ 7904491ms] [WARNING] The resource http://localhost:3000/_next/static/media/797e433ab948586e-s.p.0.q-h669a_dqa.woff2 was preloaded using link preload but not used within a few seconds from the window's load event. Please make sure it has an appropriate `as` value and it is preloaded intentionally. @ http://localhost:3000/task/cd441034-0755-4b54-8cc1-70fc66faf424:0
[ 7915567ms] [WARNING] The resource http://localhost:3000/_next/static/media/caa3a2e1cccd8315-s.p.16t1db8_9y2o~.woff2 was preloaded using link preload but not used within a few seconds from the window's load event. Please make sure it has an appropriate `as` value and it is preloaded intentionally. @ http://localhost:3000/task/cd441034-0755-4b54-8cc1-70fc66faf424:0
[ 7915567ms] [WARNING] The resource http://localhost:3000/_next/static/media/797e433ab948586e-s.p.0.q-h669a_dqa.woff2 was preloaded using link preload but not used within a few seconds from the window's load event. Please make sure it has an appropriate `as` value and it is preloaded intentionally. @ http://localhost:3000/task/cd441034-0755-4b54-8cc1-70fc66faf424:0
[ 7927951ms] [WARNING] The resource http://localhost:3000/_next/static/media/caa3a2e1cccd8315-s.p.16t1db8_9y2o~.woff2 was preloaded using link preload but not used within a few seconds from the window's load event. Please make sure it has an appropriate `as` value and it is preloaded intentionally. @ http://localhost:3000/task/cd441034-0755-4b54-8cc1-70fc66faf424:0
[ 7927952ms] [WARNING] The resource http://localhost:3000/_next/static/media/797e433ab948586e-s.p.0.q-h669a_dqa.woff2 was preloaded using link preload but not used within a few seconds from the window's load event. Please make sure it has an appropriate `as` value and it is preloaded intentionally. @ http://localhost:3000/task/cd441034-0755-4b54-8cc1-70fc66faf424:0
[ 7937801ms] [WARNING] The resource http://localhost:3000/_next/static/media/caa3a2e1cccd8315-s.p.16t1db8_9y2o~.woff2 was preloaded using link preload but not used within a few seconds from the window's load event. Please make sure it has an appropriate `as` value and it is preloaded intentionally. @ http://localhost:3000/task/cd441034-0755-4b54-8cc1-70fc66faf424:0
[ 7937801ms] [WARNING] The resource http://localhost:3000/_next/static/media/797e433ab948586e-s.p.0.q-h669a_dqa.woff2 was preloaded using link preload but not used within a few seconds from the window's load event. Please make sure it has an appropriate `as` value and it is preloaded intentionally. @ http://localhost:3000/task/cd441034-0755-4b54-8cc1-70fc66faf424:0
[ 7950581ms] [WARNING] The resource http://localhost:3000/_next/static/media/caa3a2e1cccd8315-s.p.16t1db8_9y2o~.woff2 was preloaded using link preload but not used within a few seconds from the window's load event. Please make sure it has an appropriate `as` value and it is preloaded intentionally. @ http://localhost:3000/task/cd441034-0755-4b54-8cc1-70fc66faf424:0
[ 7950581ms] [WARNING] The resource http://localhost:3000/_next/static/media/797e433ab948586e-s.p.0.q-h669a_dqa.woff2 was preloaded using link preload but not used within a few seconds from the window's load event. Please make sure it has an appropriate `as` value and it is preloaded intentionally. @ http://localhost:3000/task/cd441034-0755-4b54-8cc1-70fc66faf424:0
[ 7962038ms] [WARNING] The resource http://localhost:3000/_next/static/media/caa3a2e1cccd8315-s.p.16t1db8_9y2o~.woff2 was preloaded using link preload but not used within a few seconds from the window's load event. Please make sure it has an appropriate `as` value and it is preloaded intentionally. @ http://localhost:3000/task/cd441034-0755-4b54-8cc1-70fc66faf424:0
[ 7962038ms] [WARNING] The resource http://localhost:3000/_next/static/media/797e433ab948586e-s.p.0.q-h669a_dqa.woff2 was preloaded using link preload but not used within a few seconds from the window's load event. Please make sure it has an appropriate `as` value and it is preloaded intentionally. @ http://localhost:3000/task/cd441034-0755-4b54-8cc1-70fc66faf424:0
[ 7975180ms] [WARNING] The resource http://localhost:3000/_next/static/media/caa3a2e1cccd8315-s.p.16t1db8_9y2o~.woff2 was preloaded using link preload but not used within a few seconds from the window's load event. Please make sure it has an appropriate `as` value and it is preloaded intentionally. @ http://localhost:3000/task/cd441034-0755-4b54-8cc1-70fc66faf424:0
[ 7975180ms] [WARNING] The resource http://localhost:3000/_next/static/media/797e433ab948586e-s.p.0.q-h669a_dqa.woff2 was preloaded using link preload but not used within a few seconds from the window's load event. Please make sure it has an appropriate `as` value and it is preloaded intentionally. @ http://localhost:3000/task/cd441034-0755-4b54-8cc1-70fc66faf424:0
[ 7980899ms] [LOG] [Fast Refresh] rebuilding @ http://localhost:3000/_next/static/chunks/0.i0_next_dist_0fs.020._.js:2431
[ 7983227ms] [ERROR] Failed to load resource: net::ERR_CONNECTION_REFUSED @ http://localhost:3000/task/cd441034-0755-4b54-8cc1-70fc66faf424?_rsc=1ll91:0
[ 7983230ms] [ERROR] Failed to fetch RSC payload for http://localhost:3000/task/cd441034-0755-4b54-8cc1-70fc66faf424. Falling back to browser navigation. TypeError: Failed to fetch
    at createFetch (http://localhost:3000/_next/static/chunks/0.i0_next_dist_client_0djagrb._.js:8084:21)
    at fetchServerResponse (http://localhost:3000/_next/static/chunks/0.i0_next_dist_client_0djagrb._.js:7928:27)
    at fetchMissingDynamicData (http://localhost:3000/_next/static/chunks/0.i0_next_dist_client_0djagrb._.js:9341:75)
    at spawnDynamicRequests (http://localhost:3000/_next/static/chunks/0.i0_next_dist_client_0djagrb._.js:9149:35)
    at navigateToKnownRoute (http://localhost:3000/_next/static/chunks/0.i0_next_dist_client_0djagrb._.js:10033:54)
    at refreshDynamicData (http://localhost:3000/_next/static/chunks/0.i0_next_dist_client_0djagrb._.js:10653:49)
    at hmrRefreshReducer (http://localhost:3000/_next/static/chunks/0.i0_next_dist_client_0djagrb._.js:10802:51)
    at clientReducer (http://localhost:3000/_next/static/chunks/0.i0_next_dist_client_0djagrb._.js:11398:65)
    at Object.action (http://localhost:3000/_next/static/chunks/0.i0_next_dist_client_0djagrb._.js:11631:55)
    at runAction (http://localhost:3000/_next/static/chunks/0.i0_next_dist_client_0djagrb._.js:11536:38)
    at dispatchAction (http://localhost:3000/_next/static/chunks/0.i0_next_dist_client_0djagrb._.js:11599:9)
    at Object.dispatch (http://localhost:3000/_next/static/chunks/0.i0_next_dist_client_0djagrb._.js:11629:40)
    at http://localhost:3000/_next/static/chunks/0.i0_next_dist_client_0djagrb._.js:963:29
    at startTransition (http://localhost:3000/_next/static/chunks/0.i0_next_dist_compiled_react-dom_00nz2x1._.js:5469:31)
    at nextDispatch (http://localhost:3000/_next/static/chunks/0.i0_next_dist_client_0djagrb._.js:962:13)
    at dispatchAppRouterAction (http://localhost:3000/_next/static/chunks/0.i0_next_dist_client_0djagrb._.js:922:5)
    at http://localhost:3000/_next/static/chunks/0.i0_next_dist_client_0djagrb._.js:11800:61
    at startTransition (http://localhost:3000/_next/static/chunks/0.i0_next_dist_compiled_12as8i4._.js:1279:31)
    at Object.hmrRefresh (http://localhost:3000/_next/static/chunks/0.i0_next_dist_client_0djagrb._.js:11799:40)
    at http://localhost:3000/_next/static/chunks/0.i0_next_dist_client_0djagrb._.js:13967:64
    at startTransition (http://localhost:3000/_next/static/chunks/0.i0_next_dist_compiled_12as8i4._.js:1279:31)
    at processMessage (http://localhost:3000/_next/static/chunks/0.i0_next_dist_client_0djagrb._.js:13966:44)
    at WebSocket.handleMessage (http://localhost:3000/_next/static/chunks/0.i0_next_dist_client_0djagrb._.js:13335:52) @ http://localhost:3000/_next/static/chunks/0.i0_next_dist_0fs.020._.js:3272
[ 7983261ms] [ERROR] WebSocket is already in CLOSING or CLOSED state. @ http://localhost:3000/_next/static/chunks/0.i0_next_dist_0fs.020._.js:2790
[ 7994912ms] [INFO] %cDownload the React DevTools for a better development experience: https://react.dev/link/react-devtools font-weight:bold @ http://localhost:3000/_next/static/chunks/0.i0_next_dist_0fs.020._.js:2431
[ 7995534ms] [LOG] [HMR] connected @ http://localhost:3000/_next/static/chunks/0.i0_next_dist_0fs.020._.js:2431
[ 8003973ms] [LOG] [Fast Refresh] rebuilding @ http://localhost:3000/_next/static/chunks/0.i0_next_dist_0fs.020._.js:2431
[ 8004118ms] [LOG] [Fast Refresh] done in 247ms @ http://localhost:3000/_next/static/chunks/0.i0_next_dist_0fs.020._.js:2431
[ 8004239ms] [LOG] [Fast Refresh] rebuilding @ http://localhost:3000/_next/static/chunks/0.i0_next_dist_0fs.020._.js:2431
[ 8004517ms] [LOG] [Fast Refresh] done in 392ms @ http://localhost:3000/_next/static/chunks/0.i0_next_dist_0fs.020._.js:2431
