[    1631ms] [INFO] %cDownload the React DevTools for a better development experience: https://react.dev/link/react-devtools font-weight:bold @ http://localhost:3000/_next/static/chunks/0.i0_next_dist_0fs.020._.js:2431
[    2000ms] [LOG] [HMR] connected @ http://localhost:3000/_next/static/chunks/0.i0_next_dist_0fs.020._.js:2431
[    2070ms] [ERROR] A tree hydrated but some attributes of the server rendered HTML didn't match the client properties. This won't be patched up. This can happen if a SSR-ed Client Component used:

- A server/client branch `if (typeof window !== 'undefined')`.
- Variable input such as `Date.now()` or `Math.random()` which changes each time it's called.
- Date formatting in a user's locale which doesn't match the server.
- External changing data without sending a snapshot of it along with the HTML.
- Invalid HTML tag nesting.

It can also happen if the client has a browser extension installed which messes with the HTML before React loaded.

%s%s https://react.dev/link/hydration-mismatch 

  ...
    <HotReload globalError={[...]} webSocket={WebSocket} staticIndicatorState={{pathname:null, ...}}>
      <AppDevOverlayErrorBoundary globalError={[...]}>
        <ReplaySsrOnlyErrors>
        <DevRootHTTPAccessFallbackBoundary>
          <HTTPAccessFallbackBoundary notFound={<NotAllowedRootHTTPFallbackError>}>
            <HTTPAccessFallbackErrorBoundary pathname="/" notFound={<NotAllowedRootHTTPFallbackError>} ...>
              <RedirectBoundary>
                <RedirectErrorBoundary router={{...}}>
                  <Head>
                  <__next_root_layout_boundary__>
                    <SegmentViewNode type="layout" pagePath="layout.tsx">
                      <SegmentTrieNode>
                      <link>
                      <script>
                      <script>
                      <script>
                      <RootLayout>
                        <html
                          lang="en"
+                         className="geist_a71539c9-module__T19VSG__variable geist_mono_8d43a2aa-module__8Li5zG__varia..."
-                         className="geist_a71539c9-module__T19VSG__variable geist_mono_8d43a2aa-module__8Li5zG__varia..."
                        >
                  ...
 @ http://localhost:3000/_next/static/chunks/0.i0_next_dist_0fs.020._.js:3272
[    2128ms] [LOG] [Fast Refresh] rebuilding @ http://localhost:3000/_next/static/chunks/0.i0_next_dist_0fs.020._.js:2431
[    2191ms] [LOG] [Fast Refresh] done in 163ms @ http://localhost:3000/_next/static/chunks/0.i0_next_dist_0fs.020._.js:2431
[   83195ms] [LOG] [Fast Refresh] rebuilding @ http://localhost:3000/_next/static/chunks/0.i0_next_dist_0fs.020._.js:2431
[   83230ms] [LOG] [Fast Refresh] done in 142ms @ http://localhost:3000/_next/static/chunks/0.i0_next_dist_0fs.020._.js:2431
[  255653ms] [LOG] [Fast Refresh] rebuilding @ http://localhost:3000/_next/static/chunks/0.i0_next_dist_0fs.020._.js:2431
[  255701ms] [LOG] [Fast Refresh] done in 152ms @ http://localhost:3000/_next/static/chunks/0.i0_next_dist_0fs.020._.js:2431
[  255811ms] [LOG] [Fast Refresh] rebuilding @ http://localhost:3000/_next/static/chunks/0.i0_next_dist_0fs.020._.js:2431
[  255904ms] [LOG] [Fast Refresh] done in 193ms @ http://localhost:3000/_next/static/chunks/0.i0_next_dist_0fs.020._.js:2431
[  310701ms] [LOG] [Fast Refresh] rebuilding @ http://localhost:3000/_next/static/chunks/0.i0_next_dist_0fs.020._.js:2431
[  310719ms] [LOG] [Fast Refresh] done in 133ms @ http://localhost:3000/_next/static/chunks/0.i0_next_dist_0fs.020._.js:2431
[  310874ms] [LOG] [Fast Refresh] rebuilding @ http://localhost:3000/_next/static/chunks/0.i0_next_dist_0fs.020._.js:2431
[  310911ms] [LOG] [Fast Refresh] done in 137ms @ http://localhost:3000/_next/static/chunks/0.i0_next_dist_0fs.020._.js:2431
[  371826ms] [LOG] [Fast Refresh] rebuilding @ http://localhost:3000/_next/static/chunks/0.i0_next_dist_0fs.020._.js:2431
[  371855ms] [LOG] [Fast Refresh] done in 144ms @ http://localhost:3000/_next/static/chunks/0.i0_next_dist_0fs.020._.js:2431
[  371979ms] [LOG] [Fast Refresh] rebuilding @ http://localhost:3000/_next/static/chunks/0.i0_next_dist_0fs.020._.js:2431
[  372035ms] [LOG] [Fast Refresh] done in 170ms @ http://localhost:3000/_next/static/chunks/0.i0_next_dist_0fs.020._.js:2431
[  398520ms] [LOG] [Fast Refresh] rebuilding @ http://localhost:3000/_next/static/chunks/0.i0_next_dist_0fs.020._.js:2431
[  398711ms] [LOG] [Fast Refresh] done in 296ms @ http://localhost:3000/_next/static/chunks/0.i0_next_dist_0fs.020._.js:2431
[  398819ms] [LOG] [Fast Refresh] rebuilding @ http://localhost:3000/_next/static/chunks/0.i0_next_dist_0fs.020._.js:2431
[  398963ms] [LOG] [Fast Refresh] done in 251ms @ http://localhost:3000/_next/static/chunks/0.i0_next_dist_0fs.020._.js:2431
[20518693ms] [LOG] [Fast Refresh] rebuilding @ http://localhost:3000/_next/static/chunks/0.i0_next_dist_0fs.020._.js:2431
[20522181ms] [ERROR] WebSocket connection to 'ws://localhost:3000/_next/webpack-hmr?id=4Y-VTd6iJ9QzEhb8Fl9Sl' failed: Error in connection establishment: net::ERR_CONNECTION_REFUSED @ http://localhost:3000/_next/static/chunks/0.i0_next_dist_client_0djagrb._.js:13299
[20525567ms] [ERROR] WebSocket connection to 'ws://localhost:3000/_next/webpack-hmr?id=4Y-VTd6iJ9QzEhb8Fl9Sl' failed: Error in connection establishment: net::ERR_CONNECTION_REFUSED @ http://localhost:3000/_next/static/chunks/0.i0_next_dist_client_0djagrb._.js:13299
[20528949ms] [ERROR] WebSocket connection to 'ws://localhost:3000/_next/webpack-hmr?id=4Y-VTd6iJ9QzEhb8Fl9Sl' failed: Error in connection establishment: net::ERR_CONNECTION_REFUSED @ http://localhost:3000/_next/static/chunks/0.i0_next_dist_client_0djagrb._.js:13299
[20533732ms] [ERROR] WebSocket connection to 'ws://localhost:3000/_next/webpack-hmr?id=4Y-VTd6iJ9QzEhb8Fl9Sl' failed: Error during WebSocket handshake: net::ERR_CONNECTION_RESET @ http://localhost:3000/_next/static/chunks/0.i0_next_dist_client_0djagrb._.js:13299
[20537091ms] [ERROR] WebSocket connection to 'ws://localhost:3000/_next/webpack-hmr?id=4Y-VTd6iJ9QzEhb8Fl9Sl' failed: Error in connection establishment: net::ERR_CONNECTION_REFUSED @ http://localhost:3000/_next/static/chunks/0.i0_next_dist_client_0djagrb._.js:13299
[20559145ms] [ERROR] WebSocket connection to 'ws://localhost:3000/_next/webpack-hmr?id=4Y-VTd6iJ9QzEhb8Fl9Sl' failed: Error during WebSocket handshake: net::ERR_CONNECTION_RESET @ http://localhost:3000/_next/static/chunks/0.i0_next_dist_client_0djagrb._.js:13299
[20566514ms] [ERROR] WebSocket connection to 'ws://localhost:3000/_next/webpack-hmr?id=4Y-VTd6iJ9QzEhb8Fl9Sl' failed: Error in connection establishment: net::ERR_CONNECTION_REFUSED @ http://localhost:3000/_next/static/chunks/0.i0_next_dist_client_0djagrb._.js:13299
[20585566ms] [ERROR] WebSocket connection to 'ws://localhost:3000/_next/webpack-hmr?id=4Y-VTd6iJ9QzEhb8Fl9Sl' failed: Error during WebSocket handshake: net::ERR_CONNECTION_RESET @ http://localhost:3000/_next/static/chunks/0.i0_next_dist_client_0djagrb._.js:13299
[20592971ms] [ERROR] WebSocket connection to 'ws://localhost:3000/_next/webpack-hmr?id=4Y-VTd6iJ9QzEhb8Fl9Sl' failed: Error in connection establishment: net::ERR_CONNECTION_REFUSED @ http://localhost:3000/_next/static/chunks/0.i0_next_dist_client_0djagrb._.js:13299
[20838041ms] [ERROR] WebSocket connection to 'ws://localhost:3000/_next/webpack-hmr?id=4Y-VTd6iJ9QzEhb8Fl9Sl' failed: WebSocket opening handshake timed out @ http://localhost:3000/_next/static/chunks/0.i0_next_dist_client_0djagrb._.js:13299
