[    1760ms] [INFO] %cDownload the React DevTools for a better development experience: https://react.dev/link/react-devtools font-weight:bold @ http://localhost:3000/_next/static/chunks/0.i0_next_dist_0fs.020._.js:2431
[    2099ms] [LOG] [HMR] connected @ http://localhost:3000/_next/static/chunks/0.i0_next_dist_0fs.020._.js:2431
[    2243ms] [LOG] [Fast Refresh] rebuilding @ http://localhost:3000/_next/static/chunks/0.i0_next_dist_0fs.020._.js:2431
[    2260ms] [LOG] [Fast Refresh] done in 119ms @ http://localhost:3000/_next/static/chunks/0.i0_next_dist_0fs.020._.js:2431
[   54541ms] [LOG] [Fast Refresh] rebuilding @ http://localhost:3000/_next/static/chunks/0.i0_next_dist_0fs.020._.js:2431
[   55129ms] [ERROR] Failed to load resource: the server responded with a status of 500 (Internal Server Error) @ http://localhost:3000/terminals:0
[   55131ms] [LOG] [Fast Refresh] done in 703ms @ http://localhost:3000/_next/static/chunks/0.i0_next_dist_0fs.020._.js:2431
[   55154ms] Error: File not found: 
    at ProcessManager.createTerminalSession (about://React/Server/C:%5CUsers%5Cdev%5CIdeaProjects%5CTeamAI%5Cteamai%5Csrc%5Clib%5Cprocess-manager.ts?13:2:3709)
    at createTerminalSession (about://React/Server/C:%5CUsers%5Cdev%5CIdeaProjects%5CTeamAI%5Cteamai%5C.next%5Cdev%5Cserver%5Cchunks%5Cssr%5C%5Broot-of-the-server%5D__0u4a9k8._.js?14:322:195)
    at resolveErrorDev (http://localhost:3000/_next/static/chunks/0.i0_next_dist_compiled_react-server-dom-turbopack_0m0jlh6._.js:1919:105)
    at processFullStringRow (http://localhost:3000/_next/static/chunks/0.i0_next_dist_compiled_react-server-dom-turbopack_0m0jlh6._.js:2434:29)
    at processFullBinaryRow (http://localhost:3000/_next/static/chunks/0.i0_next_dist_compiled_react-server-dom-turbopack_0m0jlh6._.js:2393:9)
    at processBinaryChunk (http://localhost:3000/_next/static/chunks/0.i0_next_dist_compiled_react-server-dom-turbopack_0m0jlh6._.js:2502:221)
    at progress (http://localhost:3000/_next/static/chunks/0.i0_next_dist_compiled_react-server-dom-turbopack_0m0jlh6._.js:2689:13)
[  123863ms] [LOG] [Fast Refresh] rebuilding @ http://localhost:3000/_next/static/chunks/0.i0_next_dist_0fs.020._.js:2431
[  130509ms] [INFO] %cDownload the React DevTools for a better development experience: https://react.dev/link/react-devtools font-weight:bold @ http://localhost:3000/_next/static/chunks/0.i0_next_dist_0fs.020._.js:2431
[  130839ms] [LOG] [HMR] connected @ http://localhost:3000/_next/static/chunks/0.i0_next_dist_0fs.020._.js:2431
[  165963ms] [LOG] [Fast Refresh] rebuilding @ http://localhost:3000/_next/static/chunks/0.i0_next_dist_0fs.020._.js:2431
[  169343ms] [ERROR] WebSocket connection to 'ws://localhost:3000/_next/webpack-hmr?id=7CWD0zCG7rDB4Vw4a_uca' failed: Error in connection establishment: net::ERR_CONNECTION_REFUSED @ http://localhost:3000/_next/static/chunks/0.i0_next_dist_client_0djagrb._.js:13299
