[    1148ms] [INFO] %cDownload the React DevTools for a better development experience: https://react.dev/link/react-devtools font-weight:bold @ http://localhost:3000/_next/static/chunks/0.i0_next_dist_0fs.020._.js:2431
[    1504ms] [LOG] [HMR] connected @ http://localhost:3000/_next/static/chunks/0.i0_next_dist_0fs.020._.js:2431
[    1622ms] [LOG] [Fast Refresh] rebuilding @ http://localhost:3000/_next/static/chunks/0.i0_next_dist_0fs.020._.js:2431
[    1685ms] [LOG] [Fast Refresh] done in 166ms @ http://localhost:3000/_next/static/chunks/0.i0_next_dist_0fs.020._.js:2431
[   41034ms] [LOG] [Fast Refresh] rebuilding @ http://localhost:3000/_next/static/chunks/0.i0_next_dist_0fs.020._.js:2431
[   41041ms] [LOG] [Fast Refresh] done in 109ms @ http://localhost:3000/_next/static/chunks/0.i0_next_dist_0fs.020._.js:2431
[   85944ms] [LOG] [Fast Refresh] rebuilding @ http://localhost:3000/_next/static/chunks/0.i0_next_dist_0fs.020._.js:2431
[   86002ms] [LOG] [Fast Refresh] done in 167ms @ http://localhost:3000/_next/static/chunks/0.i0_next_dist_0fs.020._.js:2431
[ 1499191ms] [LOG] [Fast Refresh] rebuilding @ http://localhost:3000/_next/static/chunks/0.i0_next_dist_0fs.020._.js:2431
[ 1499207ms] [LOG] [Fast Refresh] done in 119ms @ http://localhost:3000/_next/static/chunks/0.i0_next_dist_0fs.020._.js:2431
[ 2626182ms] [LOG] [Fast Refresh] rebuilding @ http://localhost:3000/_next/static/chunks/0.i0_next_dist_0fs.020._.js:2431
[ 2626187ms] [LOG] [Fast Refresh] done in 105ms @ http://localhost:3000/_next/static/chunks/0.i0_next_dist_0fs.020._.js:2431
[ 9090809ms] [LOG] [Fast Refresh] rebuilding @ http://localhost:3000/_next/static/chunks/0.i0_next_dist_0fs.020._.js:2431
[ 9090811ms] [LOG] [Fast Refresh] done in 108ms @ http://localhost:3000/_next/static/chunks/0.i0_next_dist_0fs.020._.js:2431
[16337540ms] [LOG] [Fast Refresh] rebuilding @ http://localhost:3000/_next/static/chunks/0.i0_next_dist_0fs.020._.js:2431
[16339322ms] [ERROR] ./IdeaProjects/TeamAI/teamai/src/components/task-detail.tsx:10:1
Export setTaskDependencies doesn't exist in target module
   8 | import { PhaseSyncer } from './phase-syncer';
   9 | import { RunTaskButton } from './run-task-button';
> 10 | import { setTaskRoleOverride, setTaskDependencies } from '@/app/actions/tasks';
     | ^^^^^^^^^^^^^^^^^^^^^^^^^^^^^^^^^^^^^^^^^^^^^^^^^^^^^^^^^^^^^^^^^^^^^^^^^^^^^^^
  11 | import type { Task } from '@/lib/task-store';
  12 | import type { RoleDefinition } from '@/app/actions/roles';
  13 |

The export setTaskDependencies was not found in module [project]/IdeaProjects/TeamAI/teamai/src/app/actions/tasks.ts [app-client] (ecmascript).
Did you mean to import setTaskRoleOverride?
All exports of the module are statically known (It doesn't have dynamic exports). So it's known statically that the requested export doesn't exist.

Import trace:
  Server Component:
    ./IdeaProjects/TeamAI/teamai/src/components/task-detail.tsx
    ./IdeaProjects/TeamAI/teamai/src/app/task/[id]/page.tsx @ http://localhost:3000/_next/static/chunks/0.i0_next_dist_0fs.020._.js:3272
[16339322ms] [ERROR] ./IdeaProjects/TeamAI/teamai/src/components/task-detail.tsx:10:1
Export setTaskDependencies doesn't exist in target module
   8 | import { PhaseSyncer } from './phase-syncer';
   9 | import { RunTaskButton } from './run-task-button';
> 10 | import { setTaskRoleOverride, setTaskDependencies } from '@/app/actions/tasks';
     | ^^^^^^^^^^^^^^^^^^^^^^^^^^^^^^^^^^^^^^^^^^^^^^^^^^^^^^^^^^^^^^^^^^^^^^^^^^^^^^^
  11 | import type { Task } from '@/lib/task-store';
  12 | import type { RoleDefinition } from '@/app/actions/roles';
  13 |

The export setTaskDependencies was not found in module [project]/IdeaProjects/TeamAI/teamai/src/app/actions/tasks.ts [app-ssr] (ecmascript).
Did you mean to import setTaskRoleOverride?
All exports of the module are statically known (It doesn't have dynamic exports). So it's known statically that the requested export doesn't exist.

Import trace:
  Server Component:
    ./IdeaProjects/TeamAI/teamai/src/components/task-detail.tsx
    ./IdeaProjects/TeamAI/teamai/src/app/task/[id]/page.tsx @ http://localhost:3000/_next/static/chunks/0.i0_next_dist_0fs.020._.js:3272
[16339383ms] [ERROR] ./IdeaProjects/TeamAI/teamai/src/components/task-detail.tsx:10:1
Export setTaskDependencies doesn't exist in target module
   8 | import { PhaseSyncer } from './phase-syncer';
   9 | import { RunTaskButton } from './run-task-button';
> 10 | import { setTaskRoleOverride, setTaskDependencies } from '@/app/actions/tasks';
     | ^^^^^^^^^^^^^^^^^^^^^^^^^^^^^^^^^^^^^^^^^^^^^^^^^^^^^^^^^^^^^^^^^^^^^^^^^^^^^^^
  11 | import type { Task } from '@/lib/task-store';
  12 | import type { RoleDefinition } from '@/app/actions/roles';
  13 |

The export setTaskDependencies was not found in module [project]/IdeaProjects/TeamAI/teamai/src/app/actions/tasks.ts [app-client] (ecmascript).
Did you mean to import setTaskRoleOverride?
All exports of the module are statically known (It doesn't have dynamic exports). So it's known statically that the requested export doesn't exist.

Import trace:
  Server Component:
    ./IdeaProjects/TeamAI/teamai/src/components/task-detail.tsx
    ./IdeaProjects/TeamAI/teamai/src/app/task/[id]/page.tsx @ http://localhost:3000/_next/static/chunks/0.i0_next_dist_0fs.020._.js:3272
[16339384ms] [ERROR] ./IdeaProjects/TeamAI/teamai/src/components/task-detail.tsx:10:1
Export setTaskDependencies doesn't exist in target module
   8 | import { PhaseSyncer } from './phase-syncer';
   9 | import { RunTaskButton } from './run-task-button';
> 10 | import { setTaskRoleOverride, setTaskDependencies } from '@/app/actions/tasks';
     | ^^^^^^^^^^^^^^^^^^^^^^^^^^^^^^^^^^^^^^^^^^^^^^^^^^^^^^^^^^^^^^^^^^^^^^^^^^^^^^^
  11 | import type { Task } from '@/lib/task-store';
  12 | import type { RoleDefinition } from '@/app/actions/roles';
  13 |

The export setTaskDependencies was not found in module [project]/IdeaProjects/TeamAI/teamai/src/app/actions/tasks.ts [app-ssr] (ecmascript).
Did you mean to import setTaskRoleOverride?
All exports of the module are statically known (It doesn't have dynamic exports). So it's known statically that the requested export doesn't exist.

Import trace:
  Server Component:
    ./IdeaProjects/TeamAI/teamai/src/components/task-detail.tsx
    ./IdeaProjects/TeamAI/teamai/src/app/task/[id]/page.tsx @ http://localhost:3000/_next/static/chunks/0.i0_next_dist_0fs.020._.js:3272
[16339490ms] [LOG] [Fast Refresh] rebuilding @ http://localhost:3000/_next/static/chunks/0.i0_next_dist_0fs.020._.js:2431
[16339895ms] [ERROR] ./IdeaProjects/TeamAI/teamai/src/components/task-detail.tsx:10:1
Export setTaskDependencies doesn't exist in target module
   8 | import { PhaseSyncer } from './phase-syncer';
   9 | import { RunTaskButton } from './run-task-button';
> 10 | import { setTaskRoleOverride, setTaskDependencies } from '@/app/actions/tasks';
     | ^^^^^^^^^^^^^^^^^^^^^^^^^^^^^^^^^^^^^^^^^^^^^^^^^^^^^^^^^^^^^^^^^^^^^^^^^^^^^^^
  11 | import type { Task } from '@/lib/task-store';
  12 | import type { RoleDefinition } from '@/app/actions/roles';
  13 |

The export setTaskDependencies was not found in module [project]/IdeaProjects/TeamAI/teamai/src/app/actions/tasks.ts [app-client] (ecmascript).
Did you mean to import setTaskRoleOverride?
All exports of the module are statically known (It doesn't have dynamic exports). So it's known statically that the requested export doesn't exist.

Import trace:
  Server Component:
    ./IdeaProjects/TeamAI/teamai/src/components/task-detail.tsx
    ./IdeaProjects/TeamAI/teamai/src/app/task/[id]/page.tsx @ http://localhost:3000/_next/static/chunks/0.i0_next_dist_0fs.020._.js:3272
[16339895ms] [ERROR] ./IdeaProjects/TeamAI/teamai/src/components/task-detail.tsx:10:1
Export setTaskDependencies doesn't exist in target module
   8 | import { PhaseSyncer } from './phase-syncer';
   9 | import { RunTaskButton } from './run-task-button';
> 10 | import { setTaskRoleOverride, setTaskDependencies } from '@/app/actions/tasks';
     | ^^^^^^^^^^^^^^^^^^^^^^^^^^^^^^^^^^^^^^^^^^^^^^^^^^^^^^^^^^^^^^^^^^^^^^^^^^^^^^^
  11 | import type { Task } from '@/lib/task-store';
  12 | import type { RoleDefinition } from '@/app/actions/roles';
  13 |

The export setTaskDependencies was not found in module [project]/IdeaProjects/TeamAI/teamai/src/app/actions/tasks.ts [app-ssr] (ecmascript).
Did you mean to import setTaskRoleOverride?
All exports of the module are statically known (It doesn't have dynamic exports). So it's known statically that the requested export doesn't exist.

Import trace:
  Server Component:
    ./IdeaProjects/TeamAI/teamai/src/components/task-detail.tsx
    ./IdeaProjects/TeamAI/teamai/src/app/task/[id]/page.tsx @ http://localhost:3000/_next/static/chunks/0.i0_next_dist_0fs.020._.js:3272
[16340003ms] [LOG] [Fast Refresh] rebuilding @ http://localhost:3000/_next/static/chunks/0.i0_next_dist_0fs.020._.js:2431
[16340347ms] [ERROR] ./IdeaProjects/TeamAI/teamai/src/components/task-detail.tsx:10:1
Export setTaskDependencies doesn't exist in target module
   8 | import { PhaseSyncer } from './phase-syncer';
   9 | import { RunTaskButton } from './run-task-button';
> 10 | import { setTaskRoleOverride, setTaskDependencies } from '@/app/actions/tasks';
     | ^^^^^^^^^^^^^^^^^^^^^^^^^^^^^^^^^^^^^^^^^^^^^^^^^^^^^^^^^^^^^^^^^^^^^^^^^^^^^^^
  11 | import type { Task } from '@/lib/task-store';
  12 | import type { RoleDefinition } from '@/app/actions/roles';
  13 |

The export setTaskDependencies was not found in module [project]/IdeaProjects/TeamAI/teamai/src/app/actions/tasks.ts [app-client] (ecmascript).
Did you mean to import setTaskRoleOverride?
All exports of the module are statically known (It doesn't have dynamic exports). So it's known statically that the requested export doesn't exist.

Import trace:
  Server Component:
    ./IdeaProjects/TeamAI/teamai/src/components/task-detail.tsx
    ./IdeaProjects/TeamAI/teamai/src/app/task/[id]/page.tsx @ http://localhost:3000/_next/static/chunks/0.i0_next_dist_0fs.020._.js:3272
[16340347ms] [ERROR] ./IdeaProjects/TeamAI/teamai/src/components/task-detail.tsx:10:1
Export setTaskDependencies doesn't exist in target module
   8 | import { PhaseSyncer } from './phase-syncer';
   9 | import { RunTaskButton } from './run-task-button';
> 10 | import { setTaskRoleOverride, setTaskDependencies } from '@/app/actions/tasks';
     | ^^^^^^^^^^^^^^^^^^^^^^^^^^^^^^^^^^^^^^^^^^^^^^^^^^^^^^^^^^^^^^^^^^^^^^^^^^^^^^^
  11 | import type { Task } from '@/lib/task-store';
  12 | import type { RoleDefinition } from '@/app/actions/roles';
  13 |

The export setTaskDependencies was not found in module [project]/IdeaProjects/TeamAI/teamai/src/app/actions/tasks.ts [app-ssr] (ecmascript).
Did you mean to import setTaskRoleOverride?
All exports of the module are statically known (It doesn't have dynamic exports). So it's known statically that the requested export doesn't exist.

Import trace:
  Server Component:
    ./IdeaProjects/TeamAI/teamai/src/components/task-detail.tsx
    ./IdeaProjects/TeamAI/teamai/src/app/task/[id]/page.tsx @ http://localhost:3000/_next/static/chunks/0.i0_next_dist_0fs.020._.js:3272
[16340352ms] [ERROR] Failed to load resource: the server responded with a status of 500 (Internal Server Error) @ http://localhost:3000/terminals?_rsc=s93rw:0
[16340404ms] [ERROR] Failed to load resource: the server responded with a status of 500 (Internal Server Error) @ http://localhost:3000/terminals?_rsc=s93rw:0
[16340462ms] [ERROR] Failed to load resource: the server responded with a status of 500 (Internal Server Error) @ http://localhost:3000/terminals?_rsc=s93rw:0
[16340464ms] [LOG] [Fast Refresh] rebuilding @ http://localhost:3000/_next/static/chunks/0.i0_next_dist_0fs.020._.js:2431
[16340465ms] [ERROR] ./IdeaProjects/TeamAI/teamai/src/components/task-detail.tsx:10:1
Export setTaskDependencies doesn't exist in target module
   8 | import { PhaseSyncer } from './phase-syncer';
   9 | import { RunTaskButton } from './run-task-button';
> 10 | import { setTaskRoleOverride, setTaskDependencies } from '@/app/actions/tasks';
     | ^^^^^^^^^^^^^^^^^^^^^^^^^^^^^^^^^^^^^^^^^^^^^^^^^^^^^^^^^^^^^^^^^^^^^^^^^^^^^^^
  11 | import type { Task } from '@/lib/task-store';
  12 | import type { RoleDefinition } from '@/app/actions/roles';
  13 |

The export setTaskDependencies was not found in module [project]/IdeaProjects/TeamAI/teamai/src/app/actions/tasks.ts [app-client] (ecmascript).
Did you mean to import setTaskRoleOverride?
All exports of the module are statically known (It doesn't have dynamic exports). So it's known statically that the requested export doesn't exist.

Import trace:
  Server Component:
    ./IdeaProjects/TeamAI/teamai/src/components/task-detail.tsx
    ./IdeaProjects/TeamAI/teamai/src/app/task/[id]/page.tsx @ http://localhost:3000/_next/static/chunks/0.i0_next_dist_0fs.020._.js:3272
[16340466ms] [ERROR] ./IdeaProjects/TeamAI/teamai/src/components/task-detail.tsx:10:1
Export setTaskDependencies doesn't exist in target module
   8 | import { PhaseSyncer } from './phase-syncer';
   9 | import { RunTaskButton } from './run-task-button';
> 10 | import { setTaskRoleOverride, setTaskDependencies } from '@/app/actions/tasks';
     | ^^^^^^^^^^^^^^^^^^^^^^^^^^^^^^^^^^^^^^^^^^^^^^^^^^^^^^^^^^^^^^^^^^^^^^^^^^^^^^^
  11 | import type { Task } from '@/lib/task-store';
  12 | import type { RoleDefinition } from '@/app/actions/roles';
  13 |

The export setTaskDependencies was not found in module [project]/IdeaProjects/TeamAI/teamai/src/app/actions/tasks.ts [app-ssr] (ecmascript).
Did you mean to import setTaskRoleOverride?
All exports of the module are statically known (It doesn't have dynamic exports). So it's known statically that the requested export doesn't exist.

Import trace:
  Server Component:
    ./IdeaProjects/TeamAI/teamai/src/components/task-detail.tsx
    ./IdeaProjects/TeamAI/teamai/src/app/task/[id]/page.tsx @ http://localhost:3000/_next/static/chunks/0.i0_next_dist_0fs.020._.js:3272
[16340473ms] [ERROR] Failed to load resource: the server responded with a status of 500 (Internal Server Error) @ http://localhost:3000/terminals:0
[16340771ms] [INFO] %cDownload the React DevTools for a better development experience: https://react.dev/link/react-devtools font-weight:bold @ http://localhost:3000/_next/static/chunks/0.i0_react-dom_0d~.mda._.js:15305
[16340850ms] Error: ./IdeaProjects/TeamAI/teamai/src/components/task-detail.tsx:10:1
Export setTaskDependencies doesn't exist in target module
   8 | import { PhaseSyncer } from './phase-syncer';
   9 | import { RunTaskButton } from './run-task-button';
> 10 | import { setTaskRoleOverride, setTaskDependencies } from '@/app/actions/tasks';
     | ^^^^^^^^^^^^^^^^^^^^^^^^^^^^^^^^^^^^^^^^^^^^^^^^^^^^^^^^^^^^^^^^^^^^^^^^^^^^^^^
  11 | import type { Task } from '@/lib/task-store';
  12 | import type { RoleDefinition } from '@/app/actions/roles';
  13 |

The export setTaskDependencies was not found in module [project]/IdeaProjects/TeamAI/teamai/src/app/actions/tasks.ts [app-client] (ecmascript).
Did you mean to import setTaskRoleOverride?
All exports of the module are statically known (It doesn't have dynamic exports). So it's known statically that the requested export doesn't exist.

Import trace:
  Server Component:
    ./IdeaProjects/TeamAI/teamai/src/components/task-detail.tsx
    ./IdeaProjects/TeamAI/teamai/src/app/task/[id]/page.tsx


    at <unknown> (Error: ./IdeaProjects/TeamAI/teamai/src/components/task-detail.tsx:10:1)
    at Object.getCompilationErrors (file://C:\Users\vince\IdeaProjects\TeamAI\teamai\node_modules\next\dist\server\dev\hot-reloader-turbopack.js:1186:59)
    at DevBundlerService.getCompilationError (file://C:\Users\vince\IdeaProjects\TeamAI\teamai\node_modules\next\dist\server\lib\dev-bundler-service.js:44:55)
    at DevServer.getCompilationError (file://C:\Users\vince\IdeaProjects\TeamAI\teamai\node_modules\next\dist\server\dev\next-dev-server.js:719:42)
    at DevServer.findPageComponents (file://C:\Users\vince\IdeaProjects\TeamAI\teamai\node_modules\next\dist\server\dev\next-dev-server.js:689:43)
    at async DevServer.renderErrorToResponseImpl (file://C:\Users\vince\IdeaProjects\TeamAI\teamai\node_modules\next\dist\server\base-server.js:1745:26)
[16341161ms] [LOG] [HMR] connected @ http://localhost:3000/_next/static/chunks/0.i0_next_dist_12o~y_9._.js:1226
[16341165ms] [ERROR] ./IdeaProjects/TeamAI/teamai/src/components/task-detail.tsx:10:1
Export setTaskDependencies doesn't exist in target module
   8 | import { PhaseSyncer } from './phase-syncer';
   9 | import { RunTaskButton } from './run-task-button';
> 10 | import { setTaskRoleOverride, setTaskDependencies } from '@/app/actions/tasks';
     | ^^^^^^^^^^^^^^^^^^^^^^^^^^^^^^^^^^^^^^^^^^^^^^^^^^^^^^^^^^^^^^^^^^^^^^^^^^^^^^^
  11 | import type { Task } from '@/lib/task-store';
  12 | import type { RoleDefinition } from '@/app/actions/roles';
  13 |

The export setTaskDependencies was not found in module [project]/IdeaProjects/TeamAI/teamai/src/app/actions/tasks.ts [app-client] (ecmascript).
Did you mean to import setTaskRoleOverride?
All exports of the module are statically known (It doesn't have dynamic exports). So it's known statically that the requested export doesn't exist.

Import trace:
  Server Component:
    ./IdeaProjects/TeamAI/teamai/src/components/task-detail.tsx
    ./IdeaProjects/TeamAI/teamai/src/app/task/[id]/page.tsx @ http://localhost:3000/_next/static/chunks/0.i0_next_dist_12o~y_9._.js:1945
[16341166ms] [ERROR] ./IdeaProjects/TeamAI/teamai/src/components/task-detail.tsx:10:1
Export setTaskDependencies doesn't exist in target module
   8 | import { PhaseSyncer } from './phase-syncer';
   9 | import { RunTaskButton } from './run-task-button';
> 10 | import { setTaskRoleOverride, setTaskDependencies } from '@/app/actions/tasks';
     | ^^^^^^^^^^^^^^^^^^^^^^^^^^^^^^^^^^^^^^^^^^^^^^^^^^^^^^^^^^^^^^^^^^^^^^^^^^^^^^^
  11 | import type { Task } from '@/lib/task-store';
  12 | import type { RoleDefinition } from '@/app/actions/roles';
  13 |

The export setTaskDependencies was not found in module [project]/IdeaProjects/TeamAI/teamai/src/app/actions/tasks.ts [app-ssr] (ecmascript).
Did you mean to import setTaskRoleOverride?
All exports of the module are statically known (It doesn't have dynamic exports). So it's known statically that the requested export doesn't exist.

Import trace:
  Server Component:
    ./IdeaProjects/TeamAI/teamai/src/components/task-detail.tsx
    ./IdeaProjects/TeamAI/teamai/src/app/task/[id]/page.tsx @ http://localhost:3000/_next/static/chunks/0.i0_next_dist_12o~y_9._.js:1945
[16341211ms] [ERROR] ./IdeaProjects/TeamAI/teamai/src/components/task-detail.tsx:10:1
Export setTaskDependencies doesn't exist in target module
   8 | import { PhaseSyncer } from './phase-syncer';
   9 | import { RunTaskButton } from './run-task-button';
> 10 | import { setTaskRoleOverride, setTaskDependencies } from '@/app/actions/tasks';
     | ^^^^^^^^^^^^^^^^^^^^^^^^^^^^^^^^^^^^^^^^^^^^^^^^^^^^^^^^^^^^^^^^^^^^^^^^^^^^^^^
  11 | import type { Task } from '@/lib/task-store';
  12 | import type { RoleDefinition } from '@/app/actions/roles';
  13 |

The export setTaskDependencies was not found in module [project]/IdeaProjects/TeamAI/teamai/src/app/actions/tasks.ts [app-client] (ecmascript).
Did you mean to import setTaskRoleOverride?
All exports of the module are statically known (It doesn't have dynamic exports). So it's known statically that the requested export doesn't exist.

Import trace:
  Server Component:
    ./IdeaProjects/TeamAI/teamai/src/components/task-detail.tsx
    ./IdeaProjects/TeamAI/teamai/src/app/task/[id]/page.tsx @ http://localhost:3000/_next/static/chunks/0.i0_next_dist_12o~y_9._.js:1945
[16341211ms] [ERROR] ./IdeaProjects/TeamAI/teamai/src/components/task-detail.tsx:10:1
Export setTaskDependencies doesn't exist in target module
   8 | import { PhaseSyncer } from './phase-syncer';
   9 | import { RunTaskButton } from './run-task-button';
> 10 | import { setTaskRoleOverride, setTaskDependencies } from '@/app/actions/tasks';
     | ^^^^^^^^^^^^^^^^^^^^^^^^^^^^^^^^^^^^^^^^^^^^^^^^^^^^^^^^^^^^^^^^^^^^^^^^^^^^^^^
  11 | import type { Task } from '@/lib/task-store';
  12 | import type { RoleDefinition } from '@/app/actions/roles';
  13 |

The export setTaskDependencies was not found in module [project]/IdeaProjects/TeamAI/teamai/src/app/actions/tasks.ts [app-ssr] (ecmascript).
Did you mean to import setTaskRoleOverride?
All exports of the module are statically known (It doesn't have dynamic exports). So it's known statically that the requested export doesn't exist.

Import trace:
  Server Component:
    ./IdeaProjects/TeamAI/teamai/src/components/task-detail.tsx
    ./IdeaProjects/TeamAI/teamai/src/app/task/[id]/page.tsx @ http://localhost:3000/_next/static/chunks/0.i0_next_dist_12o~y_9._.js:1945
[16341246ms] [ERROR] ./IdeaProjects/TeamAI/teamai/src/components/task-detail.tsx:10:1
Export setTaskDependencies doesn't exist in target module
   8 | import { PhaseSyncer } from './phase-syncer';
   9 | import { RunTaskButton } from './run-task-button';
> 10 | import { setTaskRoleOverride, setTaskDependencies } from '@/app/actions/tasks';
     | ^^^^^^^^^^^^^^^^^^^^^^^^^^^^^^^^^^^^^^^^^^^^^^^^^^^^^^^^^^^^^^^^^^^^^^^^^^^^^^^
  11 | import type { Task } from '@/lib/task-store';
  12 | import type { RoleDefinition } from '@/app/actions/roles';
  13 |

The export setTaskDependencies was not found in module [project]/IdeaProjects/TeamAI/teamai/src/app/actions/tasks.ts [app-client] (ecmascript).
Did you mean to import setTaskRoleOverride?
All exports of the module are statically known (It doesn't have dynamic exports). So it's known statically that the requested export doesn't exist.

Import trace:
  Server Component:
    ./IdeaProjects/TeamAI/teamai/src/components/task-detail.tsx
    ./IdeaProjects/TeamAI/teamai/src/app/task/[id]/page.tsx @ http://localhost:3000/_next/static/chunks/0.i0_next_dist_12o~y_9._.js:1945
[16341246ms] [ERROR] ./IdeaProjects/TeamAI/teamai/src/components/task-detail.tsx:10:1
Export setTaskDependencies doesn't exist in target module
   8 | import { PhaseSyncer } from './phase-syncer';
   9 | import { RunTaskButton } from './run-task-button';
> 10 | import { setTaskRoleOverride, setTaskDependencies } from '@/app/actions/tasks';
     | ^^^^^^^^^^^^^^^^^^^^^^^^^^^^^^^^^^^^^^^^^^^^^^^^^^^^^^^^^^^^^^^^^^^^^^^^^^^^^^^
  11 | import type { Task } from '@/lib/task-store';
  12 | import type { RoleDefinition } from '@/app/actions/roles';
  13 |

The export setTaskDependencies was not found in module [project]/IdeaProjects/TeamAI/teamai/src/app/actions/tasks.ts [app-ssr] (ecmascript).
Did you mean to import setTaskRoleOverride?
All exports of the module are statically known (It doesn't have dynamic exports). So it's known statically that the requested export doesn't exist.

Import trace:
  Server Component:
    ./IdeaProjects/TeamAI/teamai/src/components/task-detail.tsx
    ./IdeaProjects/TeamAI/teamai/src/app/task/[id]/page.tsx @ http://localhost:3000/_next/static/chunks/0.i0_next_dist_12o~y_9._.js:1945
[16341323ms] [LOG] [Fast Refresh] rebuilding @ http://localhost:3000/_next/static/chunks/0.i0_next_dist_12o~y_9._.js:1226
[16341944ms] [ERROR] ./IdeaProjects/TeamAI/teamai/src/components/task-detail.tsx:10:1
Export setTaskDependencies doesn't exist in target module
   8 | import { PhaseSyncer } from './phase-syncer';
   9 | import { RunTaskButton } from './run-task-button';
> 10 | import { setTaskRoleOverride, setTaskDependencies } from '@/app/actions/tasks';
     | ^^^^^^^^^^^^^^^^^^^^^^^^^^^^^^^^^^^^^^^^^^^^^^^^^^^^^^^^^^^^^^^^^^^^^^^^^^^^^^^
  11 | import type { Task } from '@/lib/task-store';
  12 | import type { RoleDefinition } from '@/app/actions/roles';
  13 |

The export setTaskDependencies was not found in module [project]/IdeaProjects/TeamAI/teamai/src/app/actions/tasks.ts [app-client] (ecmascript).
Did you mean to import setTaskRoleOverride?
All exports of the module are statically known (It doesn't have dynamic exports). So it's known statically that the requested export doesn't exist.

Import trace:
  Server Component:
    ./IdeaProjects/TeamAI/teamai/src/components/task-detail.tsx
    ./IdeaProjects/TeamAI/teamai/src/app/task/[id]/page.tsx @ http://localhost:3000/_next/static/chunks/0.i0_next_dist_12o~y_9._.js:1945
[16341944ms] [ERROR] ./IdeaProjects/TeamAI/teamai/src/components/task-detail.tsx:10:1
Export setTaskDependencies doesn't exist in target module
   8 | import { PhaseSyncer } from './phase-syncer';
   9 | import { RunTaskButton } from './run-task-button';
> 10 | import { setTaskRoleOverride, setTaskDependencies } from '@/app/actions/tasks';
     | ^^^^^^^^^^^^^^^^^^^^^^^^^^^^^^^^^^^^^^^^^^^^^^^^^^^^^^^^^^^^^^^^^^^^^^^^^^^^^^^
  11 | import type { Task } from '@/lib/task-store';
  12 | import type { RoleDefinition } from '@/app/actions/roles';
  13 |

The export setTaskDependencies was not found in module [project]/IdeaProjects/TeamAI/teamai/src/app/actions/tasks.ts [app-ssr] (ecmascript).
Did you mean to import setTaskRoleOverride?
All exports of the module are statically known (It doesn't have dynamic exports). So it's known statically that the requested export doesn't exist.

Import trace:
  Server Component:
    ./IdeaProjects/TeamAI/teamai/src/components/task-detail.tsx
    ./IdeaProjects/TeamAI/teamai/src/app/task/[id]/page.tsx @ http://localhost:3000/_next/static/chunks/0.i0_next_dist_12o~y_9._.js:1945
[16342005ms] [LOG] [Fast Refresh] rebuilding @ http://localhost:3000/_next/static/chunks/0.i0_next_dist_12o~y_9._.js:1226
[16377352ms] [LOG] [Fast Refresh] rebuilding @ http://localhost:3000/_next/static/chunks/0.i0_next_dist_12o~y_9._.js:1226
[16377934ms] [LOG] [Fast Refresh] done in 687ms @ http://localhost:3000/_next/static/chunks/0.i0_next_dist_12o~y_9._.js:1226
[16378053ms] [LOG] [Fast Refresh] rebuilding @ http://localhost:3000/_next/static/chunks/0.i0_next_dist_12o~y_9._.js:1226
[16378337ms] [LOG] [Fast Refresh] done in 386ms @ http://localhost:3000/_next/static/chunks/0.i0_next_dist_12o~y_9._.js:1226
[16378456ms] [INFO] %cDownload the React DevTools for a better development experience: https://react.dev/link/react-devtools font-weight:bold @ http://localhost:3000/_next/static/chunks/0.i0_next_dist_0fs.020._.js:2431
[16378774ms] [LOG] [HMR] connected @ http://localhost:3000/_next/static/chunks/0.i0_next_dist_0fs.020._.js:2431
[16415204ms] [LOG] [Fast Refresh] rebuilding @ http://localhost:3000/_next/static/chunks/0.i0_next_dist_0fs.020._.js:2431
[16415353ms] [LOG] [Fast Refresh] done in 254ms @ http://localhost:3000/_next/static/chunks/0.i0_next_dist_0fs.020._.js:2431
[16415469ms] [LOG] [Fast Refresh] rebuilding @ http://localhost:3000/_next/static/chunks/0.i0_next_dist_0fs.020._.js:2431
[16415578ms] [LOG] [Fast Refresh] done in 223ms @ http://localhost:3000/_next/static/chunks/0.i0_next_dist_0fs.020._.js:2431
[16441053ms] [LOG] [Fast Refresh] rebuilding @ http://localhost:3000/_next/static/chunks/0.i0_next_dist_0fs.020._.js:2431
[16441161ms] [LOG] [Fast Refresh] done in 211ms @ http://localhost:3000/_next/static/chunks/0.i0_next_dist_0fs.020._.js:2431
[16441581ms] [LOG] [Fast Refresh] rebuilding @ http://localhost:3000/_next/static/chunks/0.i0_next_dist_0fs.020._.js:2431
[16441695ms] [LOG] [Fast Refresh] done in 218ms @ http://localhost:3000/_next/static/chunks/0.i0_next_dist_0fs.020._.js:2431
[16470613ms] [LOG] [Fast Refresh] rebuilding @ http://localhost:3000/_next/static/chunks/0.i0_next_dist_0fs.020._.js:2431
[16471143ms] [LOG] [Fast Refresh] done in 599ms @ http://localhost:3000/_next/static/chunks/0.i0_next_dist_0fs.020._.js:2431
[16471255ms] [LOG] [Fast Refresh] rebuilding @ http://localhost:3000/_next/static/chunks/0.i0_next_dist_0fs.020._.js:2431
[16471352ms] [LOG] [Fast Refresh] done in 208ms @ http://localhost:3000/_next/static/chunks/0.i0_next_dist_0fs.020._.js:2431
[16516560ms] [LOG] [Fast Refresh] rebuilding @ http://localhost:3000/_next/static/chunks/0.i0_next_dist_0fs.020._.js:2431
[16516719ms] [LOG] [Fast Refresh] done in 261ms @ http://localhost:3000/_next/static/chunks/0.i0_next_dist_0fs.020._.js:2431
[16516823ms] [LOG] [Fast Refresh] rebuilding @ http://localhost:3000/_next/static/chunks/0.i0_next_dist_0fs.020._.js:2431
[16516945ms] [LOG] [Fast Refresh] done in 222ms @ http://localhost:3000/_next/static/chunks/0.i0_next_dist_0fs.020._.js:2431
