[     962ms] [INFO] %cDownload the React DevTools for a better development experience: https://react.dev/link/react-devtools font-weight:bold @ http://localhost:3000/_next/static/chunks/0.i0_next_dist_0fs.020._.js:2431
[    1346ms] [LOG] [HMR] connected @ http://localhost:3000/_next/static/chunks/0.i0_next_dist_0fs.020._.js:2431
[  924418ms] [LOG] [Fast Refresh] rebuilding @ http://localhost:3000/_next/static/chunks/0.i0_next_dist_0fs.020._.js:2431
[  924497ms] [LOG] [Fast Refresh] done in 185ms @ http://localhost:3000/_next/static/chunks/0.i0_next_dist_0fs.020._.js:2431
[  946205ms] [ERROR] WebSocket connection to 'ws://localhost:3000/_next/webpack-hmr?id=BnzzTSOIl1q7auAGucz7v' failed: Error in connection establishment: net::ERR_CONNECTION_REFUSED @ http://localhost:3000/_next/static/chunks/0.i0_next_dist_client_0djagrb._.js:13299
[  949574ms] [ERROR] WebSocket connection to 'ws://localhost:3000/_next/webpack-hmr?id=BnzzTSOIl1q7auAGucz7v' failed: Error in connection establishment: net::ERR_CONNECTION_REFUSED @ http://localhost:3000/_next/static/chunks/0.i0_next_dist_client_0djagrb._.js:13299
[ 1190597ms] [ERROR] WebSocket connection to 'ws://localhost:3000/_next/webpack-hmr?id=BnzzTSOIl1q7auAGucz7v' failed: WebSocket opening handshake timed out @ http://localhost:3000/_next/static/chunks/0.i0_next_dist_client_0djagrb._.js:13299
[ 1191923ms] [LOG] [HMR] connected @ http://localhost:3000/_next/static/chunks/0.i0_next_dist_0fs.020._.js:2431
[ 1192699ms] [INFO] %cDownload the React DevTools for a better development experience: https://react.dev/link/react-devtools font-weight:bold @ http://localhost:3000/_next/static/chunks/0.i0_next_dist_0fs.020._.js:2431
[ 1193018ms] [LOG] [HMR] connected @ http://localhost:3000/_next/static/chunks/0.i0_next_dist_0fs.020._.js:2431
[ 1664137ms] [LOG] [Fast Refresh] rebuilding @ http://localhost:3000/_next/static/chunks/0.i0_next_dist_0fs.020._.js:2431
[ 1664183ms] [LOG] [Fast Refresh] done in 89ms @ http://localhost:3000/_next/static/chunks/0.i0_next_dist_0fs.020._.js:2431
[ 1664573ms] [LOG] [Fast Refresh] rebuilding @ http://localhost:3000/_next/static/chunks/0.i0_next_dist_0fs.020._.js:2431
[ 1664756ms] [LOG] [Fast Refresh] done in 294ms @ http://localhost:3000/_next/static/chunks/0.i0_next_dist_0fs.020._.js:2431
[ 2104519ms] [LOG] [Fast Refresh] rebuilding @ http://localhost:3000/_next/static/chunks/0.i0_next_dist_0fs.020._.js:2431
[ 2104589ms] [LOG] [Fast Refresh] done in 114ms @ http://localhost:3000/_next/static/chunks/0.i0_next_dist_0fs.020._.js:2431
[ 2104935ms] [LOG] [Fast Refresh] rebuilding @ http://localhost:3000/_next/static/chunks/0.i0_next_dist_0fs.020._.js:2431
[ 2105228ms] [LOG] [Fast Refresh] done in 393ms @ http://localhost:3000/_next/static/chunks/0.i0_next_dist_0fs.020._.js:2431
[ 2124322ms] [LOG] [Fast Refresh] rebuilding @ http://localhost:3000/_next/static/chunks/0.i0_next_dist_0fs.020._.js:2431
[ 2124652ms] [LOG] [Fast Refresh] done in 382ms @ http://localhost:3000/_next/static/chunks/0.i0_next_dist_0fs.020._.js:2431
[ 2124757ms] [LOG] [Fast Refresh] rebuilding @ http://localhost:3000/_next/static/chunks/0.i0_next_dist_0fs.020._.js:2431
[ 2125093ms] [LOG] [Fast Refresh] done in 439ms @ http://localhost:3000/_next/static/chunks/0.i0_next_dist_0fs.020._.js:2431
[ 2125383ms] [INFO] %cDownload the React DevTools for a better development experience: https://react.dev/link/react-devtools font-weight:bold @ http://localhost:3000/_next/static/chunks/0.i0_next_dist_0fs.020._.js:2431
[ 2125710ms] [LOG] [HMR] connected @ http://localhost:3000/_next/static/chunks/0.i0_next_dist_0fs.020._.js:2431
[ 2139874ms] [LOG] [Fast Refresh] rebuilding @ http://localhost:3000/_next/static/chunks/0.i0_next_dist_0fs.020._.js:2431
[ 2139906ms] [LOG] [Fast Refresh] done in 132ms @ http://localhost:3000/_next/static/chunks/0.i0_next_dist_0fs.020._.js:2431
[ 2140013ms] [LOG] [Fast Refresh] rebuilding @ http://localhost:3000/_next/static/chunks/0.i0_next_dist_0fs.020._.js:2431
[ 2140203ms] [LOG] [Fast Refresh] done in 294ms @ http://localhost:3000/_next/static/chunks/0.i0_next_dist_0fs.020._.js:2431
[ 2155938ms] [LOG] [Fast Refresh] rebuilding @ http://localhost:3000/_next/static/chunks/0.i0_next_dist_0fs.020._.js:2431
[ 2155953ms] [LOG] [Fast Refresh] done in 118ms @ http://localhost:3000/_next/static/chunks/0.i0_next_dist_0fs.020._.js:2431
[ 2156056ms] [LOG] [Fast Refresh] rebuilding @ http://localhost:3000/_next/static/chunks/0.i0_next_dist_0fs.020._.js:2431
[ 2156275ms] [LOG] [Fast Refresh] done in 320ms @ http://localhost:3000/_next/static/chunks/0.i0_next_dist_0fs.020._.js:2431
[ 2172360ms] [LOG] [Fast Refresh] rebuilding @ http://localhost:3000/_next/static/chunks/0.i0_next_dist_0fs.020._.js:2431
[ 2172390ms] [LOG] [Fast Refresh] done in 132ms @ http://localhost:3000/_next/static/chunks/0.i0_next_dist_0fs.020._.js:2431
[ 2172500ms] [LOG] [Fast Refresh] rebuilding @ http://localhost:3000/_next/static/chunks/0.i0_next_dist_0fs.020._.js:2431
[ 2172699ms] [LOG] [Fast Refresh] done in 306ms @ http://localhost:3000/_next/static/chunks/0.i0_next_dist_0fs.020._.js:2431
[ 2187863ms] [LOG] [Fast Refresh] rebuilding @ http://localhost:3000/_next/static/chunks/0.i0_next_dist_0fs.020._.js:2431
[ 2187890ms] [LOG] [Fast Refresh] done in 131ms @ http://localhost:3000/_next/static/chunks/0.i0_next_dist_0fs.020._.js:2431
[ 2188299ms] [LOG] [Fast Refresh] rebuilding @ http://localhost:3000/_next/static/chunks/0.i0_next_dist_0fs.020._.js:2431
[ 2188514ms] [LOG] [Fast Refresh] done in 318ms @ http://localhost:3000/_next/static/chunks/0.i0_next_dist_0fs.020._.js:2431
[ 2298123ms] [LOG] [Fast Refresh] rebuilding @ http://localhost:3000/_next/static/chunks/0.i0_next_dist_0fs.020._.js:2431
[ 2298127ms] [LOG] [Fast Refresh] done in 104ms @ http://localhost:3000/_next/static/chunks/0.i0_next_dist_0fs.020._.js:2431
[ 2298228ms] [INFO] %cDownload the React DevTools for a better development experience: https://react.dev/link/react-devtools font-weight:bold @ http://localhost:3000/_next/static/chunks/0.i0_next_dist_0fs.020._.js:2431
[ 2298547ms] [LOG] [HMR] connected @ http://localhost:3000/_next/static/chunks/0.i0_next_dist_0fs.020._.js:2431
[ 2785518ms] [LOG] [Fast Refresh] rebuilding @ http://localhost:3000/_next/static/chunks/0.i0_next_dist_0fs.020._.js:2431
[ 2785571ms] [LOG] [Fast Refresh] done in 86ms @ http://localhost:3000/_next/static/chunks/0.i0_next_dist_0fs.020._.js:2431
[ 2785946ms] [LOG] [Fast Refresh] rebuilding @ http://localhost:3000/_next/static/chunks/0.i0_next_dist_0fs.020._.js:2431
[ 2786234ms] [LOG] [Fast Refresh] done in 392ms @ http://localhost:3000/_next/static/chunks/0.i0_next_dist_0fs.020._.js:2431
[ 3095670ms] [ERROR] WebSocket connection to 'ws://localhost:3000/_next/webpack-hmr?id=4RHFiwdtf2muwvpK6aOKz' failed: Error in connection establishment: net::ERR_CONNECTION_REFUSED @ http://localhost:3000/_next/static/chunks/0.i0_next_dist_client_0djagrb._.js:13299
[ 3099028ms] [ERROR] WebSocket connection to 'ws://localhost:3000/_next/webpack-hmr?id=4RHFiwdtf2muwvpK6aOKz' failed: Error in connection establishment: net::ERR_CONNECTION_REFUSED @ http://localhost:3000/_next/static/chunks/0.i0_next_dist_client_0djagrb._.js:13299
[ 3340040ms] [ERROR] WebSocket connection to 'ws://localhost:3000/_next/webpack-hmr?id=4RHFiwdtf2muwvpK6aOKz' failed: WebSocket opening handshake timed out @ http://localhost:3000/_next/static/chunks/0.i0_next_dist_client_0djagrb._.js:13299
[ 3341360ms] [LOG] [HMR] connected @ http://localhost:3000/_next/static/chunks/0.i0_next_dist_0fs.020._.js:2431
[ 3341770ms] [INFO] %cDownload the React DevTools for a better development experience: https://react.dev/link/react-devtools font-weight:bold @ http://localhost:3000/_next/static/chunks/0.i0_next_dist_0fs.020._.js:2431
[ 3342089ms] [LOG] [HMR] connected @ http://localhost:3000/_next/static/chunks/0.i0_next_dist_0fs.020._.js:2431
[ 3421994ms] [LOG] [Fast Refresh] rebuilding @ http://localhost:3000/_next/static/chunks/0.i0_next_dist_0fs.020._.js:2431
[ 3425425ms] [ERROR] WebSocket connection to 'ws://localhost:3000/_next/webpack-hmr?id=prpoDUg6K55qApcixcz7T' failed: Error in connection establishment: net::ERR_CONNECTION_REFUSED @ http://localhost:3000/_next/static/chunks/0.i0_next_dist_client_0djagrb._.js:13299
[ 3666442ms] [ERROR] WebSocket connection to 'ws://localhost:3000/_next/webpack-hmr?id=prpoDUg6K55qApcixcz7T' failed: WebSocket opening handshake timed out @ http://localhost:3000/_next/static/chunks/0.i0_next_dist_client_0djagrb._.js:13299
[ 3907445ms] [ERROR] WebSocket connection to 'ws://localhost:3000/_next/webpack-hmr?id=prpoDUg6K55qApcixcz7T' failed: WebSocket opening handshake timed out @ http://localhost:3000/_next/static/chunks/0.i0_next_dist_client_0djagrb._.js:13299
[ 4148467ms] [ERROR] WebSocket connection to 'ws://localhost:3000/_next/webpack-hmr?id=prpoDUg6K55qApcixcz7T' failed: WebSocket opening handshake timed out @ http://localhost:3000/_next/static/chunks/0.i0_next_dist_client_0djagrb._.js:13299
[ 4389471ms] [ERROR] WebSocket connection to 'ws://localhost:3000/_next/webpack-hmr?id=prpoDUg6K55qApcixcz7T' failed: WebSocket opening handshake timed out @ http://localhost:3000/_next/static/chunks/0.i0_next_dist_client_0djagrb._.js:13299
[ 4634493ms] [ERROR] WebSocket connection to 'ws://localhost:3000/_next/webpack-hmr?id=prpoDUg6K55qApcixcz7T' failed: WebSocket opening handshake timed out @ http://localhost:3000/_next/static/chunks/0.i0_next_dist_client_0djagrb._.js:13299
[ 4879494ms] [ERROR] WebSocket connection to 'ws://localhost:3000/_next/webpack-hmr?id=prpoDUg6K55qApcixcz7T' failed: WebSocket opening handshake timed out @ http://localhost:3000/_next/static/chunks/0.i0_next_dist_client_0djagrb._.js:13299
[ 4884824ms] [LOG] [HMR] connected @ http://localhost:3000/_next/static/chunks/0.i0_next_dist_0fs.020._.js:2431
[ 4884925ms] [INFO] %cDownload the React DevTools for a better development experience: https://react.dev/link/react-devtools font-weight:bold @ http://localhost:3000/_next/static/chunks/0.i0_next_dist_0fs.020._.js:2431
[ 4885247ms] [LOG] [HMR] connected @ http://localhost:3000/_next/static/chunks/0.i0_next_dist_0fs.020._.js:2431
