[    1902ms] [INFO] %cDownload the React DevTools for a better development experience: https://react.dev/link/react-devtools font-weight:bold @ http://localhost:3000/_next/static/chunks/0.i0_next_dist_0fs.020._.js:2431
[    2240ms] [LOG] [HMR] connected @ http://localhost:3000/_next/static/chunks/0.i0_next_dist_0fs.020._.js:2431
[ 1933263ms] [LOG] [Fast Refresh] rebuilding @ http://localhost:3000/_next/static/chunks/0.i0_next_dist_0fs.020._.js:2431
[ 1933264ms] [LOG] [Fast Refresh] done in 109ms @ http://localhost:3000/_next/static/chunks/0.i0_next_dist_0fs.020._.js:2431
[ 1962969ms] [LOG] [Fast Refresh] rebuilding @ http://localhost:3000/_next/static/chunks/0.i0_next_dist_0fs.020._.js:2431
[ 1963133ms] [LOG] [Fast Refresh] done in 252ms @ http://localhost:3000/_next/static/chunks/0.i0_next_dist_0fs.020._.js:2431
[ 1963407ms] [LOG] [Fast Refresh] rebuilding @ http://localhost:3000/_next/static/chunks/0.i0_next_dist_0fs.020._.js:2431
[ 1963729ms] [LOG] [Fast Refresh] done in 432ms @ http://localhost:3000/_next/static/chunks/0.i0_next_dist_0fs.020._.js:2431
[ 1976940ms] [LOG] [Fast Refresh] rebuilding @ http://localhost:3000/_next/static/chunks/0.i0_next_dist_0fs.020._.js:2431
[ 1976941ms] [LOG] [Fast Refresh] done in 117ms @ http://localhost:3000/_next/static/chunks/0.i0_next_dist_0fs.020._.js:2431
[ 1992983ms] [LOG] [Fast Refresh] rebuilding @ http://localhost:3000/_next/static/chunks/0.i0_next_dist_0fs.020._.js:2431
[ 1992983ms] [LOG] [Fast Refresh] done in 106ms @ http://localhost:3000/_next/static/chunks/0.i0_next_dist_0fs.020._.js:2431
[ 2082363ms] [LOG] [Fast Refresh] rebuilding @ http://localhost:3000/_next/static/chunks/0.i0_next_dist_0fs.020._.js:2431
[ 2085752ms] [ERROR] WebSocket connection to 'ws://localhost:3000/_next/webpack-hmr?id=H22Ian4tBasRB1aWRz87d' failed: Error in connection establishment: net::ERR_CONNECTION_REFUSED @ http://localhost:3000/_next/static/chunks/0.i0_next_dist_client_0djagrb._.js:13299
[ 2089083ms] [ERROR] WebSocket connection to 'ws://localhost:3000/_next/webpack-hmr?id=H22Ian4tBasRB1aWRz87d' failed: Error in connection establishment: net::ERR_CONNECTION_REFUSED @ http://localhost:3000/_next/static/chunks/0.i0_next_dist_client_0djagrb._.js:13299
[ 2153798ms] [ERROR] WebSocket connection to 'ws://localhost:3000/_next/webpack-hmr?id=H22Ian4tBasRB1aWRz87d' failed: Error during WebSocket handshake: net::ERR_CONNECTION_RESET @ http://localhost:3000/_next/static/chunks/0.i0_next_dist_client_0djagrb._.js:13299
[ 2157130ms] [ERROR] WebSocket connection to 'ws://localhost:3000/_next/webpack-hmr?id=H22Ian4tBasRB1aWRz87d' failed: Error in connection establishment: net::ERR_CONNECTION_REFUSED @ http://localhost:3000/_next/static/chunks/0.i0_next_dist_client_0djagrb._.js:13299
[ 2160471ms] [ERROR] WebSocket connection to 'ws://localhost:3000/_next/webpack-hmr?id=H22Ian4tBasRB1aWRz87d' failed: Error in connection establishment: net::ERR_CONNECTION_REFUSED @ http://localhost:3000/_next/static/chunks/0.i0_next_dist_client_0djagrb._.js:13299
[ 2405594ms] [ERROR] WebSocket connection to 'ws://localhost:3000/_next/webpack-hmr?id=H22Ian4tBasRB1aWRz87d' failed: WebSocket opening handshake timed out @ http://localhost:3000/_next/static/chunks/0.i0_next_dist_client_0djagrb._.js:13299
[ 2650604ms] [ERROR] WebSocket connection to 'ws://localhost:3000/_next/webpack-hmr?id=H22Ian4tBasRB1aWRz87d' failed: WebSocket opening handshake timed out @ http://localhost:3000/_next/static/chunks/0.i0_next_dist_client_0djagrb._.js:13299
[ 2895623ms] [ERROR] WebSocket connection to 'ws://localhost:3000/_next/webpack-hmr?id=H22Ian4tBasRB1aWRz87d' failed: WebSocket opening handshake timed out @ http://localhost:3000/_next/static/chunks/0.i0_next_dist_client_0djagrb._.js:13299
