[     120ms] [LOG] [Fast Refresh] rebuilding @ http://localhost:3000/_next/static/chunks/0.i0_next_dist_0fs.020._.js:2431
[     444ms] [LOG] [Fast Refresh] done in 427ms @ http://localhost:3000/_next/static/chunks/0.i0_next_dist_0fs.020._.js:2431
[     634ms] [INFO] %cDownload the React DevTools for a better development experience: https://react.dev/link/react-devtools font-weight:bold @ http://localhost:3000/_next/static/chunks/0.i0_next_dist_0fs.020._.js:2431
[     959ms] [LOG] [HMR] connected @ http://localhost:3000/_next/static/chunks/0.i0_next_dist_0fs.020._.js:2431
[    1000ms] [ERROR] A tree hydrated but some attributes of the server rendered HTML didn't match the client properties. This won't be patched up. This can happen if a SSR-ed Client Component used:

- A server/client branch `if (typeof window !== 'undefined')`.
- Variable input such as `Date.now()` or `Math.random()` which changes each time it's called.
- Date formatting in a user's locale which doesn't match the server.
- External changing data without sending a snapshot of it along with the HTML.
- Invalid HTML tag nesting.

It can also happen if the client has a browser extension installed which messes with the HTML before React loaded.

%s%s https://react.dev/link/hydration-mismatch 

  ...
    <HotReload globalError={[...]} webSocket={WebSocket} staticIndicatorState={{pathname:null, ...}}>
      <AppDevOverlayErrorBoundary globalError={[...]}>
        <ReplaySsrOnlyErrors>
        <DevRootHTTPAccessFallbackBoundary>
          <HTTPAccessFallbackBoundary notFound={<NotAllowedRootHTTPFallbackError>}>
            <HTTPAccessFallbackErrorBoundary pathname="/settings" notFound={<NotAllowedRootHTTPFallbackError>} ...>
              <RedirectBoundary>
                <RedirectErrorBoundary router={{...}}>
                  <Head>
                  <__next_root_layout_boundary__>
                    <SegmentViewNode type="layout" pagePath="layout.tsx">
                      <SegmentTrieNode>
                      <link>
                      <script>
                      <script>
                      <script>
                      <RootLayout>
                        <html
                          lang="en"
+                         className="geist_a71539c9-module__T19VSG__variable geist_mono_8d43a2aa-module__8Li5zG__varia..."
-                         className="geist_a71539c9-module__T19VSG__variable geist_mono_8d43a2aa-module__8Li5zG__varia..."
                        >
                  ...
 @ http://localhost:3000/_next/static/chunks/0.i0_next_dist_0fs.020._.js:3272
[  214661ms] [LOG] [Fast Refresh] rebuilding @ http://localhost:3000/_next/static/chunks/0.i0_next_dist_0fs.020._.js:2431
[  214852ms] [LOG] [Fast Refresh] done in 297ms @ http://localhost:3000/_next/static/chunks/0.i0_next_dist_0fs.020._.js:2431
[  227896ms] [LOG] [Fast Refresh] rebuilding @ http://localhost:3000/_next/static/chunks/0.i0_next_dist_0fs.020._.js:2431
[  228136ms] [LOG] [Fast Refresh] done in 344ms @ http://localhost:3000/_next/static/chunks/0.i0_next_dist_0fs.020._.js:2431
[  594405ms] [LOG] [Fast Refresh] rebuilding @ http://localhost:3000/_next/static/chunks/0.i0_next_dist_0fs.020._.js:2431
[  596751ms] [ERROR] Failed to load resource: net::ERR_CONNECTION_REFUSED @ http://localhost:3000/roadmap?_rsc=yxmfh:0
[  596753ms] [ERROR] Failed to fetch RSC payload for http://localhost:3000/roadmap. Falling back to browser navigation. TypeError: Failed to fetch
    at createFetch (http://localhost:3000/_next/static/chunks/0.i0_next_dist_client_0djagrb._.js:8084:21)
    at fetchServerResponse (http://localhost:3000/_next/static/chunks/0.i0_next_dist_client_0djagrb._.js:7928:27)
    at fetchMissingDynamicData (http://localhost:3000/_next/static/chunks/0.i0_next_dist_client_0djagrb._.js:9341:75)
    at spawnDynamicRequests (http://localhost:3000/_next/static/chunks/0.i0_next_dist_client_0djagrb._.js:9149:35)
    at navigateToKnownRoute (http://localhost:3000/_next/static/chunks/0.i0_next_dist_client_0djagrb._.js:10033:54)
    at refreshDynamicData (http://localhost:3000/_next/static/chunks/0.i0_next_dist_client_0djagrb._.js:10653:49)
    at hmrRefreshReducer (http://localhost:3000/_next/static/chunks/0.i0_next_dist_client_0djagrb._.js:10802:51)
    at clientReducer (http://localhost:3000/_next/static/chunks/0.i0_next_dist_client_0djagrb._.js:11398:65)
    at Object.action (http://localhost:3000/_next/static/chunks/0.i0_next_dist_client_0djagrb._.js:11631:55)
    at runAction (http://localhost:3000/_next/static/chunks/0.i0_next_dist_client_0djagrb._.js:11536:38)
    at dispatchAction (http://localhost:3000/_next/static/chunks/0.i0_next_dist_client_0djagrb._.js:11599:9)
    at Object.dispatch (http://localhost:3000/_next/static/chunks/0.i0_next_dist_client_0djagrb._.js:11629:40)
    at http://localhost:3000/_next/static/chunks/0.i0_next_dist_client_0djagrb._.js:963:29
    at startTransition (http://localhost:3000/_next/static/chunks/0.i0_next_dist_compiled_react-dom_00nz2x1._.js:5469:31)
    at nextDispatch (http://localhost:3000/_next/static/chunks/0.i0_next_dist_client_0djagrb._.js:962:13)
    at dispatchAppRouterAction (http://localhost:3000/_next/static/chunks/0.i0_next_dist_client_0djagrb._.js:922:5)
    at http://localhost:3000/_next/static/chunks/0.i0_next_dist_client_0djagrb._.js:11800:61
    at startTransition (http://localhost:3000/_next/static/chunks/0.i0_next_dist_compiled_12as8i4._.js:1279:31)
    at Object.hmrRefresh (http://localhost:3000/_next/static/chunks/0.i0_next_dist_client_0djagrb._.js:11799:40)
    at http://localhost:3000/_next/static/chunks/0.i0_next_dist_client_0djagrb._.js:13967:64
    at startTransition (http://localhost:3000/_next/static/chunks/0.i0_next_dist_compiled_12as8i4._.js:1279:31)
    at processMessage (http://localhost:3000/_next/static/chunks/0.i0_next_dist_client_0djagrb._.js:13966:44)
    at WebSocket.handleMessage (http://localhost:3000/_next/static/chunks/0.i0_next_dist_client_0djagrb._.js:13335:52) @ http://localhost:3000/_next/static/chunks/0.i0_next_dist_0fs.020._.js:3272
[  596783ms] [ERROR] WebSocket is already in CLOSING or CLOSED state. @ http://localhost:3000/_next/static/chunks/0.i0_next_dist_0fs.020._.js:2790
[  605145ms] [INFO] %cDownload the React DevTools for a better development experience: https://react.dev/link/react-devtools font-weight:bold @ http://localhost:3000/_next/static/chunks/0.i0_next_dist_0fs.020._.js:2431
[  605473ms] [LOG] [HMR] connected @ http://localhost:3000/_next/static/chunks/0.i0_next_dist_0fs.020._.js:2431
[  605504ms] [ERROR] A tree hydrated but some attributes of the server rendered HTML didn't match the client properties. This won't be patched up. This can happen if a SSR-ed Client Component used:

- A server/client branch `if (typeof window !== 'undefined')`.
- Variable input such as `Date.now()` or `Math.random()` which changes each time it's called.
- Date formatting in a user's locale which doesn't match the server.
- External changing data without sending a snapshot of it along with the HTML.
- Invalid HTML tag nesting.

It can also happen if the client has a browser extension installed which messes with the HTML before React loaded.

%s%s https://react.dev/link/hydration-mismatch 

  ...
    <HotReload globalError={[...]} webSocket={WebSocket} staticIndicatorState={{pathname:null, ...}}>
      <AppDevOverlayErrorBoundary globalError={[...]}>
        <ReplaySsrOnlyErrors>
        <DevRootHTTPAccessFallbackBoundary>
          <HTTPAccessFallbackBoundary notFound={<NotAllowedRootHTTPFallbackError>}>
            <HTTPAccessFallbackErrorBoundary pathname="/roadmap" notFound={<NotAllowedRootHTTPFallbackError>} ...>
              <RedirectBoundary>
                <RedirectErrorBoundary router={{...}}>
                  <Head>
                  <__next_root_layout_boundary__>
                    <SegmentViewNode type="layout" pagePath="layout.tsx">
                      <SegmentTrieNode>
                      <link>
                      <script>
                      <script>
                      <script>
                      <RootLayout>
                        <html
                          lang="en"
+                         className="geist_a71539c9-module__T19VSG__variable geist_mono_8d43a2aa-module__8Li5zG__varia..."
-                         className="geist_a71539c9-module__T19VSG__variable geist_mono_8d43a2aa-module__8Li5zG__varia..."
                        >
                  ...
 @ http://localhost:3000/_next/static/chunks/0.i0_next_dist_0fs.020._.js:3272
[  605604ms] [LOG] [Fast Refresh] rebuilding @ http://localhost:3000/_next/static/chunks/0.i0_next_dist_0fs.020._.js:2431
[  605605ms] [LOG] [Fast Refresh] done in 106ms @ http://localhost:3000/_next/static/chunks/0.i0_next_dist_0fs.020._.js:2431
[  611675ms] [LOG] [Fast Refresh] rebuilding @ http://localhost:3000/_next/static/chunks/0.i0_next_dist_0fs.020._.js:2431
[  612016ms] [LOG] [Fast Refresh] done in 440ms @ http://localhost:3000/_next/static/chunks/0.i0_next_dist_0fs.020._.js:2431
[  612133ms] [LOG] [Fast Refresh] rebuilding @ http://localhost:3000/_next/static/chunks/0.i0_next_dist_0fs.020._.js:2431
[  612265ms] [LOG] [Fast Refresh] done in 246ms @ http://localhost:3000/_next/static/chunks/0.i0_next_dist_0fs.020._.js:2431
[  737397ms] [LOG] [Fast Refresh] rebuilding @ http://localhost:3000/_next/static/chunks/0.i0_next_dist_0fs.020._.js:2431
[  737488ms] [LOG] [Fast Refresh] done in 192ms @ http://localhost:3000/_next/static/chunks/0.i0_next_dist_0fs.020._.js:2431
