[     198ms] [INFO] %cDownload the React DevTools for a better development experience: https://react.dev/link/react-devtools font-weight:bold @ http://localhost:3000/_next/static/chunks/0.i0_next_dist_0fs.020._.js:2431
[     551ms] [LOG] [HMR] connected @ http://localhost:3000/_next/static/chunks/0.i0_next_dist_0fs.020._.js:2431
[     656ms] [ERROR] A tree hydrated but some attributes of the server rendered HTML didn't match the client properties. This won't be patched up. This can happen if a SSR-ed Client Component used:

- A server/client branch `if (typeof window !== 'undefined')`.
- Variable input such as `Date.now()` or `Math.random()` which changes each time it's called.
- Date formatting in a user's locale which doesn't match the server.
- External changing data without sending a snapshot of it along with the HTML.
- Invalid HTML tag nesting.

It can also happen if the client has a browser extension installed which messes with the HTML before React loaded.

%s%s https://react.dev/link/hydration-mismatch 

  ...
    <HotReload globalError={[...]} webSocket={WebSocket} staticIndicatorState={{pathname:null, ...}}>
      <AppDevOverlayErrorBoundary globalError={[...]}>
        <ReplaySsrOnlyErrors>
        <DevRootHTTPAccessFallbackBoundary>
          <HTTPAccessFallbackBoundary notFound={<NotAllowedRootHTTPFallbackError>}>
            <HTTPAccessFallbackErrorBoundary pathname="/" notFound={<NotAllowedRootHTTPFallbackError>} ...>
              <RedirectBoundary>
                <RedirectErrorBoundary router={{...}}>
                  <Head>
                  <__next_root_layout_boundary__>
                    <SegmentViewNode type="layout" pagePath="layout.tsx">
                      <SegmentTrieNode>
                      <link>
                      <script>
                      <script>
                      <script>
                      <RootLayout>
                        <html
                          lang="en"
+                         className="geist_a71539c9-module__T19VSG__variable geist_mono_8d43a2aa-module__8Li5zG__varia..."
-                         className="geist_a71539c9-module__T19VSG__variable geist_mono_8d43a2aa-module__8Li5zG__varia..."
                        >
                  ...
 @ http://localhost:3000/_next/static/chunks/0.i0_next_dist_0fs.020._.js:3272
[  141685ms] [LOG] [Fast Refresh] rebuilding @ http://localhost:3000/_next/static/chunks/0.i0_next_dist_0fs.020._.js:2431
[  144054ms] [ERROR] Failed to load resource: net::ERR_CONNECTION_REFUSED @ http://localhost:3000/?_rsc=wnywt:0
[  144055ms] [ERROR] Failed to fetch RSC payload for http://localhost:3000/. Falling back to browser navigation. TypeError: Failed to fetch
    at createFetch (http://localhost:3000/_next/static/chunks/0.i0_next_dist_client_0djagrb._.js:8084:21)
    at fetchServerResponse (http://localhost:3000/_next/static/chunks/0.i0_next_dist_client_0djagrb._.js:7928:27)
    at fetchMissingDynamicData (http://localhost:3000/_next/static/chunks/0.i0_next_dist_client_0djagrb._.js:9341:75)
    at spawnDynamicRequests (http://localhost:3000/_next/static/chunks/0.i0_next_dist_client_0djagrb._.js:9149:35)
    at navigateToKnownRoute (http://localhost:3000/_next/static/chunks/0.i0_next_dist_client_0djagrb._.js:10033:54)
    at refreshDynamicData (http://localhost:3000/_next/static/chunks/0.i0_next_dist_client_0djagrb._.js:10653:49)
    at hmrRefreshReducer (http://localhost:3000/_next/static/chunks/0.i0_next_dist_client_0djagrb._.js:10802:51)
    at clientReducer (http://localhost:3000/_next/static/chunks/0.i0_next_dist_client_0djagrb._.js:11398:65)
    at Object.action (http://localhost:3000/_next/static/chunks/0.i0_next_dist_client_0djagrb._.js:11631:55)
    at runAction (http://localhost:3000/_next/static/chunks/0.i0_next_dist_client_0djagrb._.js:11536:38)
    at dispatchAction (http://localhost:3000/_next/static/chunks/0.i0_next_dist_client_0djagrb._.js:11599:9)
    at Object.dispatch (http://localhost:3000/_next/static/chunks/0.i0_next_dist_client_0djagrb._.js:11629:40)
    at http://localhost:3000/_next/static/chunks/0.i0_next_dist_client_0djagrb._.js:963:29
    at startTransition (http://localhost:3000/_next/static/chunks/0.i0_next_dist_compiled_react-dom_00nz2x1._.js:5469:31)
    at nextDispatch (http://localhost:3000/_next/static/chunks/0.i0_next_dist_client_0djagrb._.js:962:13)
    at dispatchAppRouterAction (http://localhost:3000/_next/static/chunks/0.i0_next_dist_client_0djagrb._.js:922:5)
    at http://localhost:3000/_next/static/chunks/0.i0_next_dist_client_0djagrb._.js:11800:61
    at startTransition (http://localhost:3000/_next/static/chunks/0.i0_next_dist_compiled_12as8i4._.js:1279:31)
    at Object.hmrRefresh (http://localhost:3000/_next/static/chunks/0.i0_next_dist_client_0djagrb._.js:11799:40)
    at http://localhost:3000/_next/static/chunks/0.i0_next_dist_client_0djagrb._.js:13967:64
    at startTransition (http://localhost:3000/_next/static/chunks/0.i0_next_dist_compiled_12as8i4._.js:1279:31)
    at processMessage (http://localhost:3000/_next/static/chunks/0.i0_next_dist_client_0djagrb._.js:13966:44)
    at WebSocket.handleMessage (http://localhost:3000/_next/static/chunks/0.i0_next_dist_client_0djagrb._.js:13335:52) @ http://localhost:3000/_next/static/chunks/0.i0_next_dist_0fs.020._.js:3272
[  144076ms] [ERROR] WebSocket is already in CLOSING or CLOSED state. @ http://localhost:3000/_next/static/chunks/0.i0_next_dist_0fs.020._.js:2790
[  153018ms] [INFO] %cDownload the React DevTools for a better development experience: https://react.dev/link/react-devtools font-weight:bold @ http://localhost:3000/_next/static/chunks/0.i0_next_dist_0fs.020._.js:2431
[  155557ms] [ERROR] WebSocket connection to 'ws://localhost:3000/_next/webpack-hmr?id=5_Tdossk_JO8uCFQAf56Q' failed: Error in connection establishment: net::ERR_CONNECTION_REFUSED @ http://localhost:3000/_next/static/chunks/0.i0_next_dist_client_0djagrb._.js:13299
[  155604ms] [ERROR] Failed to load resource: net::ERR_CONNECTION_REFUSED @ http://localhost:3000/_next/static/chunks/%5Bturbopack%5D_browser_dev_hmr-client_hmr-client_ts_0ck9zr2._.js:0
[  155604ms] [ERROR] Failed to load resource: net::ERR_CONNECTION_REFUSED @ http://localhost:3000/_next/static/chunks/%5Bturbopack%5D_browser_dev_hmr-client_hmr-client_ts_0yjw1oe._.js:0
[  155606ms] ChunkLoadError: Failed to load chunk /_next/static/chunks/%5Bturbopack%5D_browser_dev_hmr-client_hmr-client_ts_0ck9zr2._.js from module [turbopack]/browser/dev/hmr-client/hmr-client.ts [app-client] (ecmascript, async loader)
    at http://localhost:3000/_next/static/chunks/turbopack-IdeaProjects_TeamAI_teamai_0rm3v31._.js:698:25
    at async Promise.all (index 1)
[  157972ms] [ERROR] Failed to load resource: net::ERR_CONNECTION_REFUSED @ http://localhost:3000/favicon.ico?favicon.0x3dzn~oxb6tn.ico:0
[  158919ms] [ERROR] WebSocket connection to 'ws://localhost:3000/_next/webpack-hmr?id=5_Tdossk_JO8uCFQAf56Q' failed: Error in connection establishment: net::ERR_CONNECTION_REFUSED @ http://localhost:3000/_next/static/chunks/0.i0_next_dist_client_0djagrb._.js:13299
