[     120ms] [LOG] [Fast Refresh] rebuilding @ http://localhost:3000/_next/static/chunks/0.i0_next_dist_0fs.020._.js:2431
[    1112ms] [LOG] [Fast Refresh] done in 1094ms @ http://localhost:3000/_next/static/chunks/0.i0_next_dist_0fs.020._.js:2431
[    1220ms] [LOG] [Fast Refresh] rebuilding @ http://localhost:3000/_next/static/chunks/0.i0_next_dist_0fs.020._.js:2431
[    1717ms] [LOG] [Fast Refresh] done in 605ms @ http://localhost:3000/_next/static/chunks/0.i0_next_dist_0fs.020._.js:2431
[    1724ms] [ERROR] Failed to load resource: the server responded with a status of 500 (Internal Server Error) @ http://localhost:3000/settings:0
[    1803ms] [INFO] %cDownload the React DevTools for a better development experience: https://react.dev/link/react-devtools font-weight:bold @ http://localhost:3000/_next/static/chunks/0.i0_react-dom_0d~.mda._.js:15305
[    1891ms] Error: A "use server" file can only export async functions, found object.
Read more: https://nextjs.org/docs/messages/invalid-use-server-value
    at ensureServerEntryExports (file://C:\Users\vince\IdeaProjects\TeamAI\teamai\.next\dev\server\chunks\ssr\0.i0_next_0hapn9o._.js:10799:41)
    at module evaluation (file://C:\Users\vince\IdeaProjects\TeamAI\teamai\.next\dev\server\chunks\ssr\IdeaProjects_TeamAI_teamai_080usod._.js:141:275)
    at <unknown> (file://C:\Users\vince\IdeaProjects\TeamAI\teamai\.next\dev\server\chunks\ssr\[turbopack]_runtime.js:1291:27)
    at runWithHooks (file://C:\Users\vince\IdeaProjects\TeamAI\teamai\.next\dev\server\chunks\ssr\[turbopack]_runtime.js:1554:9)
    at instantiateModuleShared (file://C:\Users\vince\IdeaProjects\TeamAI\teamai\.next\dev\server\chunks\ssr\[turbopack]_runtime.js:1289:9)
    at instantiateModule (file://C:\Users\vince\IdeaProjects\TeamAI\teamai\.next\dev\server\chunks\ssr\[turbopack]_runtime.js:1557:23)
    at getOrInstantiateModuleFromParent (file://C:\Users\vince\IdeaProjects\TeamAI\teamai\.next\dev\server\chunks\ssr\[turbopack]_runtime.js:1593:23)
    at Context.esmImport [as i] (file://C:\Users\vince\IdeaProjects\TeamAI\teamai\.next\dev\server\chunks\ssr\[turbopack]_runtime.js:281:20)
    at module evaluation (file://C:\Users\vince\IdeaProjects\TeamAI\teamai\.next\dev\server\chunks\ssr\[root-of-the-server]__0p_~4xb._.js:108:195)
    at <unknown> (file://C:\Users\vince\IdeaProjects\TeamAI\teamai\.next\dev\server\chunks\ssr\[turbopack]_runtime.js:1291:27)
    at runWithHooks (file://C:\Users\vince\IdeaProjects\TeamAI\teamai\.next\dev\server\chunks\ssr\[turbopack]_runtime.js:1554:9)
    at instantiateModuleShared (file://C:\Users\vince\IdeaProjects\TeamAI\teamai\.next\dev\server\chunks\ssr\[turbopack]_runtime.js:1289:9)
    at instantiateModule (file://C:\Users\vince\IdeaProjects\TeamAI\teamai\.next\dev\server\chunks\ssr\[turbopack]_runtime.js:1557:23)
    at getOrInstantiateModuleFromParent (file://C:\Users\vince\IdeaProjects\TeamAI\teamai\.next\dev\server\chunks\ssr\[turbopack]_runtime.js:1593:23)
    at Context.esmImport [as i] (file://C:\Users\vince\IdeaProjects\TeamAI\teamai\.next\dev\server\chunks\ssr\[turbopack]_runtime.js:281:20)
    at module evaluation (file://C:\Users\vince\IdeaProjects\TeamAI\teamai\.next\dev\server\chunks\ssr\[root-of-the-server]__0p_~4xb._.js:249:47)
    at <unknown> (file://C:\Users\vince\IdeaProjects\TeamAI\teamai\.next\dev\server\chunks\ssr\[turbopack]_runtime.js:1291:27)
    at runWithHooks (file://C:\Users\vince\IdeaProjects\TeamAI\teamai\.next\dev\server\chunks\ssr\[turbopack]_runtime.js:1554:9)
    at instantiateModuleShared (file://C:\Users\vince\IdeaProjects\TeamAI\teamai\.next\dev\server\chunks\ssr\[turbopack]_runtime.js:1289:9)
    at instantiateModule (file://C:\Users\vince\IdeaProjects\TeamAI\teamai\.next\dev\server\chunks\ssr\[turbopack]_runtime.js:1557:23)
    at getOrInstantiateModuleFromParent (file://C:\Users\vince\IdeaProjects\TeamAI\teamai\.next\dev\server\chunks\ssr\[turbopack]_runtime.js:1593:23)
    at Context.commonJsRequire [as r] (file://C:\Users\vince\IdeaProjects\TeamAI\teamai\.next\dev\server\chunks\ssr\[turbopack]_runtime.js:302:12)
    at Array.__TURBOPACK__page__$23$6__ (file://C:\Users\vince\IdeaProjects\TeamAI\teamai\.next\dev\server\chunks\ssr\0.i0_0rw664e._.js:3441:62)
    at createFlightRouterStateFromLoaderTreeImpl (file://C:\Users\vince\IdeaProjects\TeamAI\teamai\node_modules\next\dist\compiled\next-server\app-page-turbo.runtime.dev.js:62:7050)
    at createFlightRouterStateFromLoaderTreeImpl (file://C:\Users\vince\IdeaProjects\TeamAI\teamai\node_modules\next\dist\compiled\next-server\app-page-turbo.runtime.dev.js:62:7798)
    at createFlightRouterStateFromLoaderTreeImpl (file://C:\Users\vince\IdeaProjects\TeamAI\teamai\node_modules\next\dist\compiled\next-server\app-page-turbo.runtime.dev.js:62:7798)
[    2192ms] [LOG] [HMR] connected @ http://localhost:3000/_next/static/chunks/0.i0_next_dist_12o~y_9._.js:1226
[   32569ms] [LOG] [Fast Refresh] rebuilding @ http://localhost:3000/_next/static/chunks/0.i0_next_dist_12o~y_9._.js:1226
[   33170ms] [LOG] [Fast Refresh] done in 690ms @ http://localhost:3000/_next/static/chunks/0.i0_next_dist_12o~y_9._.js:1226
[   33291ms] [LOG] [Fast Refresh] rebuilding @ http://localhost:3000/_next/static/chunks/0.i0_next_dist_12o~y_9._.js:1226
[   33842ms] [LOG] [Fast Refresh] done in 664ms @ http://localhost:3000/_next/static/chunks/0.i0_next_dist_12o~y_9._.js:1226
[   34184ms] [INFO] %cDownload the React DevTools for a better development experience: https://react.dev/link/react-devtools font-weight:bold @ http://localhost:3000/_next/static/chunks/0.i0_next_dist_0fs.020._.js:2431
[   34533ms] [LOG] [HMR] connected @ http://localhost:3000/_next/static/chunks/0.i0_next_dist_0fs.020._.js:2431
