[     882ms] [ERROR] Failed to load resource: the server responded with a status of 500 (Internal Server Error) @ http://localhost:3000/:0
[    1024ms] [INFO] %cDownload the React DevTools for a better development experience: https://react.dev/link/react-devtools font-weight:bold @ http://localhost:3000/_next/static/chunks/0.i0_react-dom_0d~.mda._.js:15305
[    1118ms] Error: ./IdeaProjects/TeamAI/teamai/src/components/roadmap-view.tsx:419:21
Expected '</', got '}'
  417 |                     />
  418 |                   );
> 419 |                   })}
      |                     ^
  420 |                 )}
  421 |               </div>
  422 |             </div>

Parsing ecmascript source code failed

Import trace:
  Server Component:
    ./IdeaProjects/TeamAI/teamai/src/components/roadmap-view.tsx
    ./IdeaProjects/TeamAI/teamai/src/app/roadmap/page.tsx


    at <unknown> (Error: ./IdeaProjects/TeamAI/teamai/src/components/roadmap-view.tsx:419:21)
    at Object.getCompilationErrors (file://C:\Users\vince\IdeaProjects\TeamAI\teamai\node_modules\next\dist\server\dev\hot-reloader-turbopack.js:1186:59)
    at DevBundlerService.getCompilationError (file://C:\Users\vince\IdeaProjects\TeamAI\teamai\node_modules\next\dist\server\lib\dev-bundler-service.js:44:55)
    at DevServer.getCompilationError (file://C:\Users\vince\IdeaProjects\TeamAI\teamai\node_modules\next\dist\server\dev\next-dev-server.js:719:42)
    at DevServer.findPageComponents (file://C:\Users\vince\IdeaProjects\TeamAI\teamai\node_modules\next\dist\server\dev\next-dev-server.js:689:43)
    at async DevServer.renderErrorToResponseImpl (file://C:\Users\vince\IdeaProjects\TeamAI\teamai\node_modules\next\dist\server\base-server.js:1745:26)
[    1412ms] [LOG] [HMR] connected @ http://localhost:3000/_next/static/chunks/0.i0_next_dist_12o~y_9._.js:1226
[    1417ms] [ERROR] ./IdeaProjects/TeamAI/teamai/src/components/roadmap-view.tsx:419:21
Expected '</', got '}'
  417 |                     />
  418 |                   );
> 419 |                   })}
      |                     ^
  420 |                 )}
  421 |               </div>
  422 |             </div>

Parsing ecmascript source code failed

Import trace:
  Server Component:
    ./IdeaProjects/TeamAI/teamai/src/components/roadmap-view.tsx
    ./IdeaProjects/TeamAI/teamai/src/app/roadmap/page.tsx @ http://localhost:3000/_next/static/chunks/0.i0_next_dist_12o~y_9._.js:1945
[    1480ms] [ERROR] ./IdeaProjects/TeamAI/teamai/src/components/roadmap-view.tsx:419:21
Expected '</', got '}'
  417 |                     />
  418 |                   );
> 419 |                   })}
      |                     ^
  420 |                 )}
  421 |               </div>
  422 |             </div>

Parsing ecmascript source code failed

Import trace:
  Server Component:
    ./IdeaProjects/TeamAI/teamai/src/components/roadmap-view.tsx
    ./IdeaProjects/TeamAI/teamai/src/app/roadmap/page.tsx @ http://localhost:3000/_next/static/chunks/0.i0_next_dist_12o~y_9._.js:1945
[    1588ms] [LOG] [Fast Refresh] rebuilding @ http://localhost:3000/_next/static/chunks/0.i0_next_dist_12o~y_9._.js:1226
[    8930ms] [ERROR] ./IdeaProjects/TeamAI/teamai/src/components/roadmap-view.tsx:419:21
Expected '</', got '}'
  417 |                     />
  418 |                   );
> 419 |                   })}
      |                     ^
  420 |                 )}
  421 |               </div>
  422 |             </div>

Parsing ecmascript source code failed

Import trace:
  Server Component:
    ./IdeaProjects/TeamAI/teamai/src/components/roadmap-view.tsx
    ./IdeaProjects/TeamAI/teamai/src/app/roadmap/page.tsx @ http://localhost:3000/_next/static/chunks/0.i0_next_dist_12o~y_9._.js:1945
[    8990ms] [LOG] [Fast Refresh] rebuilding @ http://localhost:3000/_next/static/chunks/0.i0_next_dist_12o~y_9._.js:1226
[   20285ms] [ERROR] ./IdeaProjects/TeamAI/teamai/src/components/roadmap-view.tsx:419:21
Expected '</', got '}'
  417 |                     />
  418 |                   );
> 419 |                   })}
      |                     ^
  420 |                 )}
  421 |               </div>
  422 |             </div>

Parsing ecmascript source code failed

Import trace:
  Server Component:
    ./IdeaProjects/TeamAI/teamai/src/components/roadmap-view.tsx
    ./IdeaProjects/TeamAI/teamai/src/app/roadmap/page.tsx @ http://localhost:3000/_next/static/chunks/0.i0_next_dist_12o~y_9._.js:1945
[   20343ms] [LOG] [Fast Refresh] rebuilding @ http://localhost:3000/_next/static/chunks/0.i0_next_dist_12o~y_9._.js:1226
[   91927ms] [LOG] [Fast Refresh] rebuilding @ http://localhost:3000/_next/static/chunks/0.i0_next_dist_12o~y_9._.js:1226
[   91977ms] [ERROR] ./IdeaProjects/TeamAI/teamai/src/components/roadmap-view.tsx:419:21
Expected '</', got '}'
  417 |                       />
  418 |                     );
> 419 |                   })}
      |                     ^
  420 |                 )}
  421 |               </div>
  422 |             </div>

Parsing ecmascript source code failed

Import trace:
  Server Component:
    ./IdeaProjects/TeamAI/teamai/src/components/roadmap-view.tsx
    ./IdeaProjects/TeamAI/teamai/src/app/roadmap/page.tsx @ http://localhost:3000/_next/static/chunks/0.i0_next_dist_12o~y_9._.js:1945
[  131945ms] [LOG] [Fast Refresh] rebuilding @ http://localhost:3000/_next/static/chunks/0.i0_next_dist_12o~y_9._.js:1226
[  132025ms] [ERROR] ./IdeaProjects/TeamAI/teamai/src/components/roadmap-view.tsx:413:21
Expected '</', got '}'
  411 |                       />
  412 |                     );
> 413 |                   })}
      |                     ^
  414 |                 )}
  415 |               </div>
  416 |             </div>

Parsing ecmascript source code failed

Import trace:
  Server Component:
    ./IdeaProjects/TeamAI/teamai/src/components/roadmap-view.tsx
    ./IdeaProjects/TeamAI/teamai/src/app/roadmap/page.tsx @ http://localhost:3000/_next/static/chunks/0.i0_next_dist_12o~y_9._.js:1945
[  138632ms] [ERROR] ./IdeaProjects/TeamAI/teamai/src/components/roadmap-view.tsx:413:21
Expected '</', got '}'
  411 |                       />
  412 |                     );
> 413 |                   })}
      |                     ^
  414 |                 )}
  415 |               </div>
  416 |             </div>

Parsing ecmascript source code failed

Import trace:
  Server Component:
    ./IdeaProjects/TeamAI/teamai/src/components/roadmap-view.tsx
    ./IdeaProjects/TeamAI/teamai/src/app/roadmap/page.tsx @ http://localhost:3000/_next/static/chunks/0.i0_next_dist_12o~y_9._.js:1945
[  138693ms] [LOG] [Fast Refresh] rebuilding @ http://localhost:3000/_next/static/chunks/0.i0_next_dist_12o~y_9._.js:1226
[  153966ms] [ERROR] ./IdeaProjects/TeamAI/teamai/src/components/roadmap-view.tsx:413:21
Expected '</', got '}'
  411 |                       />
  412 |                     );
> 413 |                   })}
      |                     ^
  414 |                 )}
  415 |               </div>
  416 |             </div>

Parsing ecmascript source code failed

Import trace:
  Server Component:
    ./IdeaProjects/TeamAI/teamai/src/components/roadmap-view.tsx
    ./IdeaProjects/TeamAI/teamai/src/app/roadmap/page.tsx @ http://localhost:3000/_next/static/chunks/0.i0_next_dist_12o~y_9._.js:1945
[  154042ms] [LOG] [Fast Refresh] rebuilding @ http://localhost:3000/_next/static/chunks/0.i0_next_dist_12o~y_9._.js:1226
[  154729ms] [ERROR] ./IdeaProjects/TeamAI/teamai/src/components/roadmap-view.tsx:413:21
Expected '</', got '}'
  411 |                       />
  412 |                     );
> 413 |                   })}
      |                     ^
  414 |                 )}
  415 |               </div>
  416 |             </div>

Parsing ecmascript source code failed

Import trace:
  Server Component:
    ./IdeaProjects/TeamAI/teamai/src/components/roadmap-view.tsx
    ./IdeaProjects/TeamAI/teamai/src/app/roadmap/page.tsx @ http://localhost:3000/_next/static/chunks/0.i0_next_dist_12o~y_9._.js:1945
[  154787ms] [LOG] [Fast Refresh] rebuilding @ http://localhost:3000/_next/static/chunks/0.i0_next_dist_12o~y_9._.js:1226
[  155087ms] [ERROR] ./IdeaProjects/TeamAI/teamai/src/components/roadmap-view.tsx:413:21
Expected '</', got '}'
  411 |                       />
  412 |                     );
> 413 |                   })}
      |                     ^
  414 |                 )}
  415 |               </div>
  416 |             </div>

Parsing ecmascript source code failed

Import trace:
  Server Component:
    ./IdeaProjects/TeamAI/teamai/src/components/roadmap-view.tsx
    ./IdeaProjects/TeamAI/teamai/src/app/roadmap/page.tsx @ http://localhost:3000/_next/static/chunks/0.i0_next_dist_12o~y_9._.js:1945
[  155161ms] [LOG] [Fast Refresh] rebuilding @ http://localhost:3000/_next/static/chunks/0.i0_next_dist_12o~y_9._.js:1226
[  155363ms] [ERROR] ./IdeaProjects/TeamAI/teamai/src/components/roadmap-view.tsx:413:21
Expected '</', got '}'
  411 |                       />
  412 |                     );
> 413 |                   })}
      |                     ^
  414 |                 )}
  415 |               </div>
  416 |             </div>

Parsing ecmascript source code failed

Import trace:
  Server Component:
    ./IdeaProjects/TeamAI/teamai/src/components/roadmap-view.tsx
    ./IdeaProjects/TeamAI/teamai/src/app/roadmap/page.tsx @ http://localhost:3000/_next/static/chunks/0.i0_next_dist_12o~y_9._.js:1945
[  155410ms] [ERROR] ./IdeaProjects/TeamAI/teamai/src/components/roadmap-view.tsx:413:21
Expected '</', got '}'
  411 |                       />
  412 |                     );
> 413 |                   })}
      |                     ^
  414 |                 )}
  415 |               </div>
  416 |             </div>

Parsing ecmascript source code failed

Import trace:
  Server Component:
    ./IdeaProjects/TeamAI/teamai/src/components/roadmap-view.tsx
    ./IdeaProjects/TeamAI/teamai/src/app/roadmap/page.tsx @ http://localhost:3000/_next/static/chunks/0.i0_next_dist_12o~y_9._.js:1945
[  155470ms] [LOG] [Fast Refresh] rebuilding @ http://localhost:3000/_next/static/chunks/0.i0_next_dist_12o~y_9._.js:1226
[  155971ms] [ERROR] ./IdeaProjects/TeamAI/teamai/src/components/roadmap-view.tsx:413:21
Expected '</', got '}'
  411 |                       />
  412 |                     );
> 413 |                   })}
      |                     ^
  414 |                 )}
  415 |               </div>
  416 |             </div>

Parsing ecmascript source code failed

Import trace:
  Server Component:
    ./IdeaProjects/TeamAI/teamai/src/components/roadmap-view.tsx
    ./IdeaProjects/TeamAI/teamai/src/app/roadmap/page.tsx @ http://localhost:3000/_next/static/chunks/0.i0_next_dist_12o~y_9._.js:1945
[  156032ms] [LOG] [Fast Refresh] rebuilding @ http://localhost:3000/_next/static/chunks/0.i0_next_dist_12o~y_9._.js:1226
[  156627ms] [ERROR] ./IdeaProjects/TeamAI/teamai/src/components/roadmap-view.tsx:413:21
Expected '</', got '}'
  411 |                       />
  412 |                     );
> 413 |                   })}
      |                     ^
  414 |                 )}
  415 |               </div>
  416 |             </div>

Parsing ecmascript source code failed

Import trace:
  Server Component:
    ./IdeaProjects/TeamAI/teamai/src/components/roadmap-view.tsx
    ./IdeaProjects/TeamAI/teamai/src/app/roadmap/page.tsx @ http://localhost:3000/_next/static/chunks/0.i0_next_dist_12o~y_9._.js:1945
[  156703ms] [ERROR] ./IdeaProjects/TeamAI/teamai/src/components/roadmap-view.tsx:413:21
Expected '</', got '}'
  411 |                       />
  412 |                     );
> 413 |                   })}
      |                     ^
  414 |                 )}
  415 |               </div>
  416 |             </div>

Parsing ecmascript source code failed

Import trace:
  Server Component:
    ./IdeaProjects/TeamAI/teamai/src/components/roadmap-view.tsx
    ./IdeaProjects/TeamAI/teamai/src/app/roadmap/page.tsx @ http://localhost:3000/_next/static/chunks/0.i0_next_dist_12o~y_9._.js:1945
[  156748ms] [LOG] [Fast Refresh] rebuilding @ http://localhost:3000/_next/static/chunks/0.i0_next_dist_12o~y_9._.js:1226
[  157952ms] [ERROR] ./IdeaProjects/TeamAI/teamai/src/components/roadmap-view.tsx:413:21
Expected '</', got '}'
  411 |                       />
  412 |                     );
> 413 |                   })}
      |                     ^
  414 |                 )}
  415 |               </div>
  416 |             </div>

Parsing ecmascript source code failed

Import trace:
  Server Component:
    ./IdeaProjects/TeamAI/teamai/src/components/roadmap-view.tsx
    ./IdeaProjects/TeamAI/teamai/src/app/roadmap/page.tsx @ http://localhost:3000/_next/static/chunks/0.i0_next_dist_12o~y_9._.js:1945
[  158013ms] [LOG] [Fast Refresh] rebuilding @ http://localhost:3000/_next/static/chunks/0.i0_next_dist_12o~y_9._.js:1226
[  158341ms] [ERROR] ./IdeaProjects/TeamAI/teamai/src/components/roadmap-view.tsx:413:21
Expected '</', got '}'
  411 |                       />
  412 |                     );
> 413 |                   })}
      |                     ^
  414 |                 )}
  415 |               </div>
  416 |             </div>

Parsing ecmascript source code failed

Import trace:
  Server Component:
    ./IdeaProjects/TeamAI/teamai/src/components/roadmap-view.tsx
    ./IdeaProjects/TeamAI/teamai/src/app/roadmap/page.tsx @ http://localhost:3000/_next/static/chunks/0.i0_next_dist_12o~y_9._.js:1945
[  158401ms] [LOG] [Fast Refresh] rebuilding @ http://localhost:3000/_next/static/chunks/0.i0_next_dist_12o~y_9._.js:1226
[  158886ms] [ERROR] ./IdeaProjects/TeamAI/teamai/src/components/roadmap-view.tsx:413:21
Expected '</', got '}'
  411 |                       />
  412 |                     );
> 413 |                   })}
      |                     ^
  414 |                 )}
  415 |               </div>
  416 |             </div>

Parsing ecmascript source code failed

Import trace:
  Server Component:
    ./IdeaProjects/TeamAI/teamai/src/components/roadmap-view.tsx
    ./IdeaProjects/TeamAI/teamai/src/app/roadmap/page.tsx @ http://localhost:3000/_next/static/chunks/0.i0_next_dist_12o~y_9._.js:1945
[  158955ms] [LOG] [Fast Refresh] rebuilding @ http://localhost:3000/_next/static/chunks/0.i0_next_dist_12o~y_9._.js:1226
[  161905ms] [ERROR] ./IdeaProjects/TeamAI/teamai/src/components/roadmap-view.tsx:413:21
Expected '</', got '}'
  411 |                       />
  412 |                     );
> 413 |                   })}
      |                     ^
  414 |                 )}
  415 |               </div>
  416 |             </div>

Parsing ecmascript source code failed

Import trace:
  Server Component:
    ./IdeaProjects/TeamAI/teamai/src/components/roadmap-view.tsx
    ./IdeaProjects/TeamAI/teamai/src/app/roadmap/page.tsx @ http://localhost:3000/_next/static/chunks/0.i0_next_dist_12o~y_9._.js:1945
[  161959ms] [LOG] [Fast Refresh] rebuilding @ http://localhost:3000/_next/static/chunks/0.i0_next_dist_12o~y_9._.js:1226
[  163509ms] [ERROR] ./IdeaProjects/TeamAI/teamai/src/components/roadmap-view.tsx:413:21
Expected '</', got '}'
  411 |                       />
  412 |                     );
> 413 |                   })}
      |                     ^
  414 |                 )}
  415 |               </div>
  416 |             </div>

Parsing ecmascript source code failed

Import trace:
  Server Component:
    ./IdeaProjects/TeamAI/teamai/src/components/roadmap-view.tsx
    ./IdeaProjects/TeamAI/teamai/src/app/roadmap/page.tsx @ http://localhost:3000/_next/static/chunks/0.i0_next_dist_12o~y_9._.js:1945
[  163583ms] [LOG] [Fast Refresh] rebuilding @ http://localhost:3000/_next/static/chunks/0.i0_next_dist_12o~y_9._.js:1226
[  163786ms] [ERROR] ./IdeaProjects/TeamAI/teamai/src/components/roadmap-view.tsx:413:21
Expected '</', got '}'
  411 |                       />
  412 |                     );
> 413 |                   })}
      |                     ^
  414 |                 )}
  415 |               </div>
  416 |             </div>

Parsing ecmascript source code failed

Import trace:
  Server Component:
    ./IdeaProjects/TeamAI/teamai/src/components/roadmap-view.tsx
    ./IdeaProjects/TeamAI/teamai/src/app/roadmap/page.tsx @ http://localhost:3000/_next/static/chunks/0.i0_next_dist_12o~y_9._.js:1945
[  163846ms] [LOG] [Fast Refresh] rebuilding @ http://localhost:3000/_next/static/chunks/0.i0_next_dist_12o~y_9._.js:1226
[  165080ms] [ERROR] ./IdeaProjects/TeamAI/teamai/src/components/roadmap-view.tsx:413:21
Expected '</', got '}'
  411 |                       />
  412 |                     );
> 413 |                   })}
      |                     ^
  414 |                 )}
  415 |               </div>
  416 |             </div>

Parsing ecmascript source code failed

Import trace:
  Server Component:
    ./IdeaProjects/TeamAI/teamai/src/components/roadmap-view.tsx
    ./IdeaProjects/TeamAI/teamai/src/app/roadmap/page.tsx @ http://localhost:3000/_next/static/chunks/0.i0_next_dist_12o~y_9._.js:1945
[  165128ms] [ERROR] ./IdeaProjects/TeamAI/teamai/src/components/roadmap-view.tsx:413:21
Expected '</', got '}'
  411 |                       />
  412 |                     );
> 413 |                   })}
      |                     ^
  414 |                 )}
  415 |               </div>
  416 |             </div>

Parsing ecmascript source code failed

Import trace:
  Server Component:
    ./IdeaProjects/TeamAI/teamai/src/components/roadmap-view.tsx
    ./IdeaProjects/TeamAI/teamai/src/app/roadmap/page.tsx @ http://localhost:3000/_next/static/chunks/0.i0_next_dist_12o~y_9._.js:1945
[  165187ms] [LOG] [Fast Refresh] rebuilding @ http://localhost:3000/_next/static/chunks/0.i0_next_dist_12o~y_9._.js:1226
[  170268ms] [ERROR] ./IdeaProjects/TeamAI/teamai/src/components/roadmap-view.tsx:413:21
Expected '</', got '}'
  411 |                       />
  412 |                     );
> 413 |                   })}
      |                     ^
  414 |                 )}
  415 |               </div>
  416 |             </div>

Parsing ecmascript source code failed

Import trace:
  Server Component:
    ./IdeaProjects/TeamAI/teamai/src/components/roadmap-view.tsx
    ./IdeaProjects/TeamAI/teamai/src/app/roadmap/page.tsx @ http://localhost:3000/_next/static/chunks/0.i0_next_dist_12o~y_9._.js:1945
[  170329ms] [LOG] [Fast Refresh] rebuilding @ http://localhost:3000/_next/static/chunks/0.i0_next_dist_12o~y_9._.js:1226
[  191335ms] [ERROR] ./IdeaProjects/TeamAI/teamai/src/components/roadmap-view.tsx:413:21
Expected '</', got '}'
  411 |                       />
  412 |                     );
> 413 |                   })}
      |                     ^
  414 |                 )}
  415 |               </div>
  416 |             </div>

Parsing ecmascript source code failed

Import trace:
  Server Component:
    ./IdeaProjects/TeamAI/teamai/src/components/roadmap-view.tsx
    ./IdeaProjects/TeamAI/teamai/src/app/roadmap/page.tsx @ http://localhost:3000/_next/static/chunks/0.i0_next_dist_12o~y_9._.js:1945
[  191411ms] [LOG] [Fast Refresh] rebuilding @ http://localhost:3000/_next/static/chunks/0.i0_next_dist_12o~y_9._.js:1226
[  193690ms] [ERROR] ./IdeaProjects/TeamAI/teamai/src/components/roadmap-view.tsx:413:21
Expected '</', got '}'
  411 |                       />
  412 |                     );
> 413 |                   })}
      |                     ^
  414 |                 )}
  415 |               </div>
  416 |             </div>

Parsing ecmascript source code failed

Import trace:
  Server Component:
    ./IdeaProjects/TeamAI/teamai/src/components/roadmap-view.tsx
    ./IdeaProjects/TeamAI/teamai/src/app/roadmap/page.tsx @ http://localhost:3000/_next/static/chunks/0.i0_next_dist_12o~y_9._.js:1945
[  193751ms] [LOG] [Fast Refresh] rebuilding @ http://localhost:3000/_next/static/chunks/0.i0_next_dist_12o~y_9._.js:1226
[  201252ms] [ERROR] ./IdeaProjects/TeamAI/teamai/src/components/roadmap-view.tsx:413:21
Expected '</', got '}'
  411 |                       />
  412 |                     );
> 413 |                   })}
      |                     ^
  414 |                 )}
  415 |               </div>
  416 |             </div>

Parsing ecmascript source code failed

Import trace:
  Server Component:
    ./IdeaProjects/TeamAI/teamai/src/components/roadmap-view.tsx
    ./IdeaProjects/TeamAI/teamai/src/app/roadmap/page.tsx @ http://localhost:3000/_next/static/chunks/0.i0_next_dist_12o~y_9._.js:1945
[  201313ms] [LOG] [Fast Refresh] rebuilding @ http://localhost:3000/_next/static/chunks/0.i0_next_dist_12o~y_9._.js:1226
[  202357ms] [ERROR] ./IdeaProjects/TeamAI/teamai/src/components/roadmap-view.tsx:413:21
Expected '</', got '}'
  411 |                       />
  412 |                     );
> 413 |                   })}
      |                     ^
  414 |                 )}
  415 |               </div>
  416 |             </div>

Parsing ecmascript source code failed

Import trace:
  Server Component:
    ./IdeaProjects/TeamAI/teamai/src/components/roadmap-view.tsx
    ./IdeaProjects/TeamAI/teamai/src/app/roadmap/page.tsx @ http://localhost:3000/_next/static/chunks/0.i0_next_dist_12o~y_9._.js:1945
[  202417ms] [LOG] [Fast Refresh] rebuilding @ http://localhost:3000/_next/static/chunks/0.i0_next_dist_12o~y_9._.js:1226
[  212355ms] [ERROR] ./IdeaProjects/TeamAI/teamai/src/components/roadmap-view.tsx:413:21
Expected '</', got '}'
  411 |                       />
  412 |                     );
> 413 |                   })}
      |                     ^
  414 |                 )}
  415 |               </div>
  416 |             </div>

Parsing ecmascript source code failed

Import trace:
  Server Component:
    ./IdeaProjects/TeamAI/teamai/src/components/roadmap-view.tsx
    ./IdeaProjects/TeamAI/teamai/src/app/roadmap/page.tsx @ http://localhost:3000/_next/static/chunks/0.i0_next_dist_12o~y_9._.js:1945
[  212415ms] [LOG] [Fast Refresh] rebuilding @ http://localhost:3000/_next/static/chunks/0.i0_next_dist_12o~y_9._.js:1226
[  227201ms] [ERROR] ./IdeaProjects/TeamAI/teamai/src/components/roadmap-view.tsx:413:21
Expected '</', got '}'
  411 |                       />
  412 |                     );
> 413 |                   })}
      |                     ^
  414 |                 )}
  415 |               </div>
  416 |             </div>

Parsing ecmascript source code failed

Import trace:
  Server Component:
    ./IdeaProjects/TeamAI/teamai/src/components/roadmap-view.tsx
    ./IdeaProjects/TeamAI/teamai/src/app/roadmap/page.tsx @ http://localhost:3000/_next/static/chunks/0.i0_next_dist_12o~y_9._.js:1945
[  227262ms] [LOG] [Fast Refresh] rebuilding @ http://localhost:3000/_next/static/chunks/0.i0_next_dist_12o~y_9._.js:1226
[  229618ms] [ERROR] ./IdeaProjects/TeamAI/teamai/src/components/roadmap-view.tsx:413:21
Expected '</', got '}'
  411 |                       />
  412 |                     );
> 413 |                   })}
      |                     ^
  414 |                 )}
  415 |               </div>
  416 |             </div>

Parsing ecmascript source code failed

Import trace:
  Server Component:
    ./IdeaProjects/TeamAI/teamai/src/components/roadmap-view.tsx
    ./IdeaProjects/TeamAI/teamai/src/app/roadmap/page.tsx @ http://localhost:3000/_next/static/chunks/0.i0_next_dist_12o~y_9._.js:1945
[  229678ms] [LOG] [Fast Refresh] rebuilding @ http://localhost:3000/_next/static/chunks/0.i0_next_dist_12o~y_9._.js:1226
[  244913ms] [ERROR] ./IdeaProjects/TeamAI/teamai/src/components/roadmap-view.tsx:413:21
Expected '</', got '}'
  411 |                       />
  412 |                     );
> 413 |                   })}
      |                     ^
  414 |                 )}
  415 |               </div>
  416 |             </div>

Parsing ecmascript source code failed

Import trace:
  Server Component:
    ./IdeaProjects/TeamAI/teamai/src/components/roadmap-view.tsx
    ./IdeaProjects/TeamAI/teamai/src/app/roadmap/page.tsx @ http://localhost:3000/_next/static/chunks/0.i0_next_dist_12o~y_9._.js:1945
[  244974ms] [LOG] [Fast Refresh] rebuilding @ http://localhost:3000/_next/static/chunks/0.i0_next_dist_12o~y_9._.js:1226
[  256334ms] [ERROR] ./IdeaProjects/TeamAI/teamai/src/components/roadmap-view.tsx:413:21
Expected '</', got '}'
  411 |                       />
  412 |                     );
> 413 |                   })}
      |                     ^
  414 |                 )}
  415 |               </div>
  416 |             </div>

Parsing ecmascript source code failed

Import trace:
  Server Component:
    ./IdeaProjects/TeamAI/teamai/src/components/roadmap-view.tsx
    ./IdeaProjects/TeamAI/teamai/src/app/roadmap/page.tsx @ http://localhost:3000/_next/static/chunks/0.i0_next_dist_12o~y_9._.js:1945
[  256395ms] [LOG] [Fast Refresh] rebuilding @ http://localhost:3000/_next/static/chunks/0.i0_next_dist_12o~y_9._.js:1226
[  260642ms] [ERROR] ./IdeaProjects/TeamAI/teamai/src/components/roadmap-view.tsx:413:21
Expected '</', got '}'
  411 |                       />
  412 |                     );
> 413 |                   })}
      |                     ^
  414 |                 )}
  415 |               </div>
  416 |             </div>

Parsing ecmascript source code failed

Import trace:
  Server Component:
    ./IdeaProjects/TeamAI/teamai/src/components/roadmap-view.tsx
    ./IdeaProjects/TeamAI/teamai/src/app/roadmap/page.tsx @ http://localhost:3000/_next/static/chunks/0.i0_next_dist_12o~y_9._.js:1945
[  260718ms] [LOG] [Fast Refresh] rebuilding @ http://localhost:3000/_next/static/chunks/0.i0_next_dist_12o~y_9._.js:1226
[  266508ms] [ERROR] ./IdeaProjects/TeamAI/teamai/src/components/roadmap-view.tsx:413:21
Expected '</', got '}'
  411 |                       />
  412 |                     );
> 413 |                   })}
      |                     ^
  414 |                 )}
  415 |               </div>
  416 |             </div>

Parsing ecmascript source code failed

Import trace:
  Server Component:
    ./IdeaProjects/TeamAI/teamai/src/components/roadmap-view.tsx
    ./IdeaProjects/TeamAI/teamai/src/app/roadmap/page.tsx @ http://localhost:3000/_next/static/chunks/0.i0_next_dist_12o~y_9._.js:1945
[  266582ms] [LOG] [Fast Refresh] rebuilding @ http://localhost:3000/_next/static/chunks/0.i0_next_dist_12o~y_9._.js:1226
[  267095ms] [ERROR] ./IdeaProjects/TeamAI/teamai/src/components/roadmap-view.tsx:413:21
Expected '</', got '}'
  411 |                       />
  412 |                     );
> 413 |                   })}
      |                     ^
  414 |                 )}
  415 |               </div>
  416 |             </div>

Parsing ecmascript source code failed

Import trace:
  Server Component:
    ./IdeaProjects/TeamAI/teamai/src/components/roadmap-view.tsx
    ./IdeaProjects/TeamAI/teamai/src/app/roadmap/page.tsx @ http://localhost:3000/_next/static/chunks/0.i0_next_dist_12o~y_9._.js:1945
[  267159ms] [LOG] [Fast Refresh] rebuilding @ http://localhost:3000/_next/static/chunks/0.i0_next_dist_12o~y_9._.js:1226
[  303081ms] [ERROR] ./IdeaProjects/TeamAI/teamai/src/components/roadmap-view.tsx:413:21
Expected '</', got '}'
  411 |                       />
  412 |                     );
> 413 |                   })}
      |                     ^
  414 |                 )}
  415 |               </div>
  416 |             </div>

Parsing ecmascript source code failed

Import trace:
  Server Component:
    ./IdeaProjects/TeamAI/teamai/src/components/roadmap-view.tsx
    ./IdeaProjects/TeamAI/teamai/src/app/roadmap/page.tsx @ http://localhost:3000/_next/static/chunks/0.i0_next_dist_12o~y_9._.js:1945
[  303142ms] [LOG] [Fast Refresh] rebuilding @ http://localhost:3000/_next/static/chunks/0.i0_next_dist_12o~y_9._.js:1226
[  323450ms] [ERROR] ./IdeaProjects/TeamAI/teamai/src/components/roadmap-view.tsx:413:21
Expected '</', got '}'
  411 |                       />
  412 |                     );
> 413 |                   })}
      |                     ^
  414 |                 )}
  415 |               </div>
  416 |             </div>

Parsing ecmascript source code failed

Import trace:
  Server Component:
    ./IdeaProjects/TeamAI/teamai/src/components/roadmap-view.tsx
    ./IdeaProjects/TeamAI/teamai/src/app/roadmap/page.tsx @ http://localhost:3000/_next/static/chunks/0.i0_next_dist_12o~y_9._.js:1945
[  323511ms] [LOG] [Fast Refresh] rebuilding @ http://localhost:3000/_next/static/chunks/0.i0_next_dist_12o~y_9._.js:1226
[  362438ms] [ERROR] ./IdeaProjects/TeamAI/teamai/src/components/roadmap-view.tsx:413:21
Expected '</', got '}'
  411 |                       />
  412 |                     );
> 413 |                   })}
      |                     ^
  414 |                 )}
  415 |               </div>
  416 |             </div>

Parsing ecmascript source code failed

Import trace:
  Server Component:
    ./IdeaProjects/TeamAI/teamai/src/components/roadmap-view.tsx
    ./IdeaProjects/TeamAI/teamai/src/app/roadmap/page.tsx @ http://localhost:3000/_next/static/chunks/0.i0_next_dist_12o~y_9._.js:1945
[  362514ms] [LOG] [Fast Refresh] rebuilding @ http://localhost:3000/_next/static/chunks/0.i0_next_dist_12o~y_9._.js:1226
[  364107ms] [ERROR] ./IdeaProjects/TeamAI/teamai/src/components/roadmap-view.tsx:413:21
Expected '</', got '}'
  411 |                       />
  412 |                     );
> 413 |                   })}
      |                     ^
  414 |                 )}
  415 |               </div>
  416 |             </div>

Parsing ecmascript source code failed

Import trace:
  Server Component:
    ./IdeaProjects/TeamAI/teamai/src/components/roadmap-view.tsx
    ./IdeaProjects/TeamAI/teamai/src/app/roadmap/page.tsx @ http://localhost:3000/_next/static/chunks/0.i0_next_dist_12o~y_9._.js:1945
[  364167ms] [LOG] [Fast Refresh] rebuilding @ http://localhost:3000/_next/static/chunks/0.i0_next_dist_12o~y_9._.js:1226
[  371726ms] [ERROR] ./IdeaProjects/TeamAI/teamai/src/components/roadmap-view.tsx:413:21
Expected '</', got '}'
  411 |                       />
  412 |                     );
> 413 |                   })}
      |                     ^
  414 |                 )}
  415 |               </div>
  416 |             </div>

Parsing ecmascript source code failed

Import trace:
  Server Component:
    ./IdeaProjects/TeamAI/teamai/src/components/roadmap-view.tsx
    ./IdeaProjects/TeamAI/teamai/src/app/roadmap/page.tsx @ http://localhost:3000/_next/static/chunks/0.i0_next_dist_12o~y_9._.js:1945
[  371786ms] [LOG] [Fast Refresh] rebuilding @ http://localhost:3000/_next/static/chunks/0.i0_next_dist_12o~y_9._.js:1226
[  373047ms] [ERROR] ./IdeaProjects/TeamAI/teamai/src/components/roadmap-view.tsx:413:21
Expected '</', got '}'
  411 |                       />
  412 |                     );
> 413 |                   })}
      |                     ^
  414 |                 )}
  415 |               </div>
  416 |             </div>

Parsing ecmascript source code failed

Import trace:
  Server Component:
    ./IdeaProjects/TeamAI/teamai/src/components/roadmap-view.tsx
    ./IdeaProjects/TeamAI/teamai/src/app/roadmap/page.tsx @ http://localhost:3000/_next/static/chunks/0.i0_next_dist_12o~y_9._.js:1945
[  373108ms] [LOG] [Fast Refresh] rebuilding @ http://localhost:3000/_next/static/chunks/0.i0_next_dist_12o~y_9._.js:1226
[  373263ms] [ERROR] ./IdeaProjects/TeamAI/teamai/src/components/roadmap-view.tsx:413:21
Expected '</', got '}'
  411 |                       />
  412 |                     );
> 413 |                   })}
      |                     ^
  414 |                 )}
  415 |               </div>
  416 |             </div>

Parsing ecmascript source code failed

Import trace:
  Server Component:
    ./IdeaProjects/TeamAI/teamai/src/components/roadmap-view.tsx
    ./IdeaProjects/TeamAI/teamai/src/app/roadmap/page.tsx @ http://localhost:3000/_next/static/chunks/0.i0_next_dist_12o~y_9._.js:1945
[  373323ms] [LOG] [Fast Refresh] rebuilding @ http://localhost:3000/_next/static/chunks/0.i0_next_dist_12o~y_9._.js:1226
[  375950ms] [ERROR] ./IdeaProjects/TeamAI/teamai/src/components/roadmap-view.tsx:413:21
Expected '</', got '}'
  411 |                       />
  412 |                     );
> 413 |                   })}
      |                     ^
  414 |                 )}
  415 |               </div>
  416 |             </div>

Parsing ecmascript source code failed

Import trace:
  Server Component:
    ./IdeaProjects/TeamAI/teamai/src/components/roadmap-view.tsx
    ./IdeaProjects/TeamAI/teamai/src/app/roadmap/page.tsx @ http://localhost:3000/_next/static/chunks/0.i0_next_dist_12o~y_9._.js:1945
[  376025ms] [LOG] [Fast Refresh] rebuilding @ http://localhost:3000/_next/static/chunks/0.i0_next_dist_12o~y_9._.js:1226
[  511534ms] [LOG] [Fast Refresh] rebuilding @ http://localhost:3000/_next/static/chunks/0.i0_next_dist_12o~y_9._.js:1226
[  511994ms] [LOG] [Fast Refresh] done in 520ms @ http://localhost:3000/_next/static/chunks/0.i0_next_dist_12o~y_9._.js:1226
[  512120ms] [LOG] [Fast Refresh] rebuilding @ http://localhost:3000/_next/static/chunks/0.i0_next_dist_12o~y_9._.js:1226
[  512352ms] [LOG] [Fast Refresh] done in 338ms @ http://localhost:3000/_next/static/chunks/0.i0_next_dist_12o~y_9._.js:1226
[  512663ms] [INFO] %cDownload the React DevTools for a better development experience: https://react.dev/link/react-devtools font-weight:bold @ http://localhost:3000/_next/static/chunks/0.i0_next_dist_0fs.020._.js:2431
[  512999ms] [LOG] [HMR] connected @ http://localhost:3000/_next/static/chunks/0.i0_next_dist_0fs.020._.js:2431
[  513035ms] [ERROR] A tree hydrated but some attributes of the server rendered HTML didn't match the client properties. This won't be patched up. This can happen if a SSR-ed Client Component used:

- A server/client branch `if (typeof window !== 'undefined')`.
- Variable input such as `Date.now()` or `Math.random()` which changes each time it's called.
- Date formatting in a user's locale which doesn't match the server.
- External changing data without sending a snapshot of it along with the HTML.
- Invalid HTML tag nesting.

It can also happen if the client has a browser extension installed which messes with the HTML before React loaded.

%s%s https://react.dev/link/hydration-mismatch 

  ...
    <HotReload globalError={[...]} webSocket={WebSocket} staticIndicatorState={{pathname:null, ...}}>
      <AppDevOverlayErrorBoundary globalError={[...]}>
        <ReplaySsrOnlyErrors>
        <DevRootHTTPAccessFallbackBoundary>
          <HTTPAccessFallbackBoundary notFound={<NotAllowedRootHTTPFallbackError>}>
            <HTTPAccessFallbackErrorBoundary pathname="/" notFound={<NotAllowedRootHTTPFallbackError>} ...>
              <RedirectBoundary>
                <RedirectErrorBoundary router={{...}}>
                  <Head>
                  <__next_root_layout_boundary__>
                    <SegmentViewNode type="layout" pagePath="layout.tsx">
                      <SegmentTrieNode>
                      <link>
                      <script>
                      <script>
                      <script>
                      <RootLayout>
                        <html
                          lang="en"
+                         className="geist_a71539c9-module__T19VSG__variable geist_mono_8d43a2aa-module__8Li5zG__varia..."
-                         className="geist_a71539c9-module__T19VSG__variable geist_mono_8d43a2aa-module__8Li5zG__varia..."
                        >
                  ...
 @ http://localhost:3000/_next/static/chunks/0.i0_next_dist_0fs.020._.js:3272
[  613809ms] [LOG] [Fast Refresh] rebuilding @ http://localhost:3000/_next/static/chunks/0.i0_next_dist_0fs.020._.js:2431
[  613959ms] [LOG] [Fast Refresh] done in 239ms @ http://localhost:3000/_next/static/chunks/0.i0_next_dist_0fs.020._.js:2431
[  614372ms] [LOG] [Fast Refresh] rebuilding @ http://localhost:3000/_next/static/chunks/0.i0_next_dist_0fs.020._.js:2431
[  614505ms] [LOG] [Fast Refresh] done in 235ms @ http://localhost:3000/_next/static/chunks/0.i0_next_dist_0fs.020._.js:2431
[ 1026354ms] [LOG] [Fast Refresh] rebuilding @ http://localhost:3000/_next/static/chunks/0.i0_next_dist_0fs.020._.js:2431
[ 1026550ms] [LOG] [Fast Refresh] done in 310ms @ http://localhost:3000/_next/static/chunks/0.i0_next_dist_0fs.020._.js:2431
[ 1026670ms] [LOG] [Fast Refresh] rebuilding @ http://localhost:3000/_next/static/chunks/0.i0_next_dist_0fs.020._.js:2431
[ 1026880ms] [LOG] [Fast Refresh] done in 311ms @ http://localhost:3000/_next/static/chunks/0.i0_next_dist_0fs.020._.js:2431
[ 1056324ms] [LOG] [Fast Refresh] rebuilding @ http://localhost:3000/_next/static/chunks/0.i0_next_dist_0fs.020._.js:2431
[ 1056744ms] [LOG] [Fast Refresh] done in 532ms @ http://localhost:3000/_next/static/chunks/0.i0_next_dist_0fs.020._.js:2431
[ 1779094ms] [LOG] [Fast Refresh] rebuilding @ http://localhost:3000/_next/static/chunks/0.i0_next_dist_0fs.020._.js:2431
[ 1779117ms] [LOG] [Fast Refresh] done in 137ms @ http://localhost:3000/_next/static/chunks/0.i0_next_dist_0fs.020._.js:2431
[ 1779228ms] [LOG] [Fast Refresh] rebuilding @ http://localhost:3000/_next/static/chunks/0.i0_next_dist_0fs.020._.js:2431
[ 1779250ms] [LOG] [Fast Refresh] done in 124ms @ http://localhost:3000/_next/static/chunks/0.i0_next_dist_0fs.020._.js:2431
[ 1797110ms] [LOG] [Fast Refresh] rebuilding @ http://localhost:3000/_next/static/chunks/0.i0_next_dist_0fs.020._.js:2431
[ 1797133ms] [LOG] [Fast Refresh] done in 127ms @ http://localhost:3000/_next/static/chunks/0.i0_next_dist_0fs.020._.js:2431
[ 1797277ms] [LOG] [Fast Refresh] rebuilding @ http://localhost:3000/_next/static/chunks/0.i0_next_dist_0fs.020._.js:2431
[ 1797283ms] [LOG] [Fast Refresh] done in 106ms @ http://localhost:3000/_next/static/chunks/0.i0_next_dist_0fs.020._.js:2431
[ 1800810ms] [LOG] [Fast Refresh] rebuilding @ http://localhost:3000/_next/static/chunks/0.i0_next_dist_0fs.020._.js:2431
[ 1800818ms] [LOG] [Fast Refresh] done in 111ms @ http://localhost:3000/_next/static/chunks/0.i0_next_dist_0fs.020._.js:2431
[ 1803992ms] [LOG] [Fast Refresh] rebuilding @ http://localhost:3000/_next/static/chunks/0.i0_next_dist_0fs.020._.js:2431
[ 1804012ms] [LOG] [Fast Refresh] done in 122ms @ http://localhost:3000/_next/static/chunks/0.i0_next_dist_0fs.020._.js:2431
[ 1804120ms] [LOG] [Fast Refresh] rebuilding @ http://localhost:3000/_next/static/chunks/0.i0_next_dist_0fs.020._.js:2431
[ 1804145ms] [LOG] [Fast Refresh] done in 126ms @ http://localhost:3000/_next/static/chunks/0.i0_next_dist_0fs.020._.js:2431
[ 1809526ms] [LOG] [Fast Refresh] rebuilding @ http://localhost:3000/_next/static/chunks/0.i0_next_dist_0fs.020._.js:2431
[ 1809549ms] [LOG] [Fast Refresh] done in 128ms @ http://localhost:3000/_next/static/chunks/0.i0_next_dist_0fs.020._.js:2431
[ 1809691ms] [LOG] [Fast Refresh] rebuilding @ http://localhost:3000/_next/static/chunks/0.i0_next_dist_0fs.020._.js:2431
[ 1809704ms] [LOG] [Fast Refresh] done in 114ms @ http://localhost:3000/_next/static/chunks/0.i0_next_dist_0fs.020._.js:2431
[ 1815678ms] [LOG] [Fast Refresh] rebuilding @ http://localhost:3000/_next/static/chunks/0.i0_next_dist_0fs.020._.js:2431
[ 1815691ms] [LOG] [Fast Refresh] done in 125ms @ http://localhost:3000/_next/static/chunks/0.i0_next_dist_0fs.020._.js:2431
[ 1815809ms] [LOG] [Fast Refresh] rebuilding @ http://localhost:3000/_next/static/chunks/0.i0_next_dist_0fs.020._.js:2431
[ 1815840ms] [LOG] [Fast Refresh] done in 142ms @ http://localhost:3000/_next/static/chunks/0.i0_next_dist_0fs.020._.js:2431
[ 1821129ms] [LOG] [Fast Refresh] rebuilding @ http://localhost:3000/_next/static/chunks/0.i0_next_dist_0fs.020._.js:2431
[ 1821196ms] [LOG] [Fast Refresh] done in 171ms @ http://localhost:3000/_next/static/chunks/0.i0_next_dist_0fs.020._.js:2431
[ 1821353ms] [LOG] [Fast Refresh] rebuilding @ http://localhost:3000/_next/static/chunks/0.i0_next_dist_0fs.020._.js:2431
[ 1821460ms] [LOG] [Fast Refresh] done in 207ms @ http://localhost:3000/_next/static/chunks/0.i0_next_dist_0fs.020._.js:2431
[ 1824578ms] [LOG] [Fast Refresh] rebuilding @ http://localhost:3000/_next/static/chunks/0.i0_next_dist_0fs.020._.js:2431
[ 1824578ms] [LOG] [Fast Refresh] done in 103ms @ http://localhost:3000/_next/static/chunks/0.i0_next_dist_0fs.020._.js:2431
[ 1826941ms] [LOG] [Fast Refresh] rebuilding @ http://localhost:3000/_next/static/chunks/0.i0_next_dist_0fs.020._.js:2431
[ 1826953ms] [LOG] [Fast Refresh] done in 125ms @ http://localhost:3000/_next/static/chunks/0.i0_next_dist_0fs.020._.js:2431
[ 1827060ms] [LOG] [Fast Refresh] rebuilding @ http://localhost:3000/_next/static/chunks/0.i0_next_dist_0fs.020._.js:2431
[ 1827096ms] [LOG] [Fast Refresh] done in 136ms @ http://localhost:3000/_next/static/chunks/0.i0_next_dist_0fs.020._.js:2431
[ 2002549ms] [LOG] [Fast Refresh] rebuilding @ http://localhost:3000/_next/static/chunks/0.i0_next_dist_0fs.020._.js:2431
[ 2003103ms] [LOG] [Fast Refresh] done in 650ms @ http://localhost:3000/_next/static/chunks/0.i0_next_dist_0fs.020._.js:2431
[ 2003225ms] [LOG] [Fast Refresh] rebuilding @ http://localhost:3000/_next/static/chunks/0.i0_next_dist_0fs.020._.js:2431
[ 2003733ms] [LOG] [Fast Refresh] done in 616ms @ http://localhost:3000/_next/static/chunks/0.i0_next_dist_0fs.020._.js:2431
[ 2003875ms] [LOG] [Fast Refresh] rebuilding @ http://localhost:3000/_next/static/chunks/0.i0_next_dist_0fs.020._.js:2431
[ 2003914ms] [LOG] [Fast Refresh] done in 147ms @ http://localhost:3000/_next/static/chunks/0.i0_next_dist_0fs.020._.js:2431
[ 2025236ms] [LOG] [Fast Refresh] rebuilding @ http://localhost:3000/_next/static/chunks/0.i0_next_dist_0fs.020._.js:2431
[ 2025464ms] [LOG] [Fast Refresh] done in 333ms @ http://localhost:3000/_next/static/chunks/0.i0_next_dist_0fs.020._.js:2431
[ 2025893ms] [LOG] [Fast Refresh] rebuilding @ http://localhost:3000/_next/static/chunks/0.i0_next_dist_0fs.020._.js:2431
[ 2026149ms] [LOG] [Fast Refresh] done in 366ms @ http://localhost:3000/_next/static/chunks/0.i0_next_dist_0fs.020._.js:2431
[ 2272253ms] [LOG] [Fast Refresh] rebuilding @ http://localhost:3000/_next/static/chunks/0.i0_next_dist_0fs.020._.js:2431
[ 2272263ms] [LOG] [Fast Refresh] done in 117ms @ http://localhost:3000/_next/static/chunks/0.i0_next_dist_0fs.020._.js:2431
[ 2272389ms] [LOG] [Fast Refresh] rebuilding @ http://localhost:3000/_next/static/chunks/0.i0_next_dist_0fs.020._.js:2431
[ 2272439ms] [LOG] [Fast Refresh] done in 163ms @ http://localhost:3000/_next/static/chunks/0.i0_next_dist_0fs.020._.js:2431
[ 2275222ms] [LOG] [Fast Refresh] rebuilding @ http://localhost:3000/_next/static/chunks/0.i0_next_dist_0fs.020._.js:2431
[ 2275300ms] [LOG] [Fast Refresh] done in 193ms @ http://localhost:3000/_next/static/chunks/0.i0_next_dist_0fs.020._.js:2431
[ 2275554ms] [INFO] %cDownload the React DevTools for a better development experience: https://react.dev/link/react-devtools font-weight:bold @ http://localhost:3000/_next/static/chunks/0.i0_next_dist_0fs.020._.js:2431
[ 2275882ms] [LOG] [HMR] connected @ http://localhost:3000/_next/static/chunks/0.i0_next_dist_0fs.020._.js:2431
[ 2275924ms] [ERROR] A tree hydrated but some attributes of the server rendered HTML didn't match the client properties. This won't be patched up. This can happen if a SSR-ed Client Component used:

- A server/client branch `if (typeof window !== 'undefined')`.
- Variable input such as `Date.now()` or `Math.random()` which changes each time it's called.
- Date formatting in a user's locale which doesn't match the server.
- External changing data without sending a snapshot of it along with the HTML.
- Invalid HTML tag nesting.

It can also happen if the client has a browser extension installed which messes with the HTML before React loaded.

%s%s https://react.dev/link/hydration-mismatch 

  ...
    <HotReload globalError={[...]} webSocket={WebSocket} staticIndicatorState={{pathname:null, ...}}>
      <AppDevOverlayErrorBoundary globalError={[...]}>
        <ReplaySsrOnlyErrors>
        <DevRootHTTPAccessFallbackBoundary>
          <HTTPAccessFallbackBoundary notFound={<NotAllowedRootHTTPFallbackError>}>
            <HTTPAccessFallbackErrorBoundary pathname="/" notFound={<NotAllowedRootHTTPFallbackError>} ...>
              <RedirectBoundary>
                <RedirectErrorBoundary router={{...}}>
                  <Head>
                  <__next_root_layout_boundary__>
                    <SegmentViewNode type="layout" pagePath="layout.tsx">
                      <SegmentTrieNode>
                      <link>
                      <script>
                      <script>
                      <script>
                      <RootLayout>
                        <html
                          lang="en"
+                         className="geist_a71539c9-module__T19VSG__variable geist_mono_8d43a2aa-module__8Li5zG__varia..."
-                         className="geist_a71539c9-module__T19VSG__variable geist_mono_8d43a2aa-module__8Li5zG__varia..."
                        >
                  ...
 @ http://localhost:3000/_next/static/chunks/0.i0_next_dist_0fs.020._.js:3272
[ 2276924ms] [LOG] [Fast Refresh] rebuilding @ http://localhost:3000/_next/static/chunks/0.i0_next_dist_0fs.020._.js:2431
[ 2276954ms] [LOG] [Fast Refresh] done in 130ms @ http://localhost:3000/_next/static/chunks/0.i0_next_dist_0fs.020._.js:2431
[ 2288697ms] [LOG] [Fast Refresh] rebuilding @ http://localhost:3000/_next/static/chunks/0.i0_next_dist_0fs.020._.js:2431
[ 2288722ms] [LOG] [Fast Refresh] done in 129ms @ http://localhost:3000/_next/static/chunks/0.i0_next_dist_0fs.020._.js:2431
[ 2288825ms] [LOG] [Fast Refresh] rebuilding @ http://localhost:3000/_next/static/chunks/0.i0_next_dist_0fs.020._.js:2431
[ 2298344ms] [LOG] [Fast Refresh] done in 9621ms @ http://localhost:3000/_next/static/chunks/0.i0_next_dist_0fs.020._.js:2431
[ 2298453ms] [LOG] [Fast Refresh] rebuilding @ http://localhost:3000/_next/static/chunks/0.i0_next_dist_0fs.020._.js:2431
[ 2298623ms] [LOG] [Fast Refresh] done in 272ms @ http://localhost:3000/_next/static/chunks/0.i0_next_dist_0fs.020._.js:2431
[ 2298790ms] [LOG] [Fast Refresh] rebuilding @ http://localhost:3000/_next/static/chunks/0.i0_next_dist_0fs.020._.js:2431
[ 2298981ms] [LOG] [Fast Refresh] done in 292ms @ http://localhost:3000/_next/static/chunks/0.i0_next_dist_0fs.020._.js:2431
[ 2300699ms] [LOG] [Fast Refresh] rebuilding @ http://localhost:3000/_next/static/chunks/0.i0_next_dist_0fs.020._.js:2431
[ 2300902ms] [LOG] [Fast Refresh] done in 316ms @ http://localhost:3000/_next/static/chunks/0.i0_next_dist_0fs.020._.js:2431
[ 2301127ms] [LOG] [Fast Refresh] rebuilding @ http://localhost:3000/_next/static/chunks/0.i0_next_dist_0fs.020._.js:2431
[ 2301214ms] [LOG] [Fast Refresh] done in 187ms @ http://localhost:3000/_next/static/chunks/0.i0_next_dist_0fs.020._.js:2431
[ 2340283ms] [LOG] [Fast Refresh] rebuilding @ http://localhost:3000/_next/static/chunks/0.i0_next_dist_0fs.020._.js:2431
[ 2340338ms] [LOG] [Fast Refresh] done in 157ms @ http://localhost:3000/_next/static/chunks/0.i0_next_dist_0fs.020._.js:2431
