[     550ms] [INFO] %cDownload the React DevTools for a better development experience: https://react.dev/link/react-devtools font-weight:bold @ http://localhost:3000/_next/static/chunks/0.i0_next_dist_0fs.020._.js:2431
[     910ms] [LOG] [HMR] connected @ http://localhost:3000/_next/static/chunks/0.i0_next_dist_0fs.020._.js:2431
[     964ms] [ERROR] A tree hydrated but some attributes of the server rendered HTML didn't match the client properties. This won't be patched up. This can happen if a SSR-ed Client Component used:

- A server/client branch `if (typeof window !== 'undefined')`.
- Variable input such as `Date.now()` or `Math.random()` which changes each time it's called.
- Date formatting in a user's locale which doesn't match the server.
- External changing data without sending a snapshot of it along with the HTML.
- Invalid HTML tag nesting.

It can also happen if the client has a browser extension installed which messes with the HTML before React loaded.

%s%s https://react.dev/link/hydration-mismatch 

  ...
    <HotReload globalError={[...]} webSocket={WebSocket} staticIndicatorState={{pathname:null, ...}}>
      <AppDevOverlayErrorBoundary globalError={[...]}>
        <ReplaySsrOnlyErrors>
        <DevRootHTTPAccessFallbackBoundary>
          <HTTPAccessFallbackBoundary notFound={<NotAllowedRootHTTPFallbackError>}>
            <HTTPAccessFallbackErrorBoundary pathname="/" notFound={<NotAllowedRootHTTPFallbackError>} ...>
              <RedirectBoundary>
                <RedirectErrorBoundary router={{...}}>
                  <Head>
                  <__next_root_layout_boundary__>
                    <SegmentViewNode type="layout" pagePath="layout.tsx">
                      <SegmentTrieNode>
                      <link>
                      <script>
                      <script>
                      <script>
                      <RootLayout>
                        <html
                          lang="en"
+                         className="geist_a71539c9-module__T19VSG__variable geist_mono_8d43a2aa-module__8Li5zG__varia..."
-                         className="geist_a71539c9-module__T19VSG__variable geist_mono_8d43a2aa-module__8Li5zG__varia..."
                        >
                  ...
 @ http://localhost:3000/_next/static/chunks/0.i0_next_dist_0fs.020._.js:3272
[   50150ms] [LOG] [Fast Refresh] rebuilding @ http://localhost:3000/_next/static/chunks/0.i0_next_dist_0fs.020._.js:2431
[   50280ms] [LOG] [Fast Refresh] done in 236ms @ http://localhost:3000/_next/static/chunks/0.i0_next_dist_0fs.020._.js:2431
[   50447ms] [LOG] [Fast Refresh] rebuilding @ http://localhost:3000/_next/static/chunks/0.i0_next_dist_0fs.020._.js:2431
[   50647ms] [LOG] [Fast Refresh] done in 308ms @ http://localhost:3000/_next/static/chunks/0.i0_next_dist_0fs.020._.js:2431
[  184378ms] [LOG] [Fast Refresh] rebuilding @ http://localhost:3000/_next/static/chunks/0.i0_next_dist_0fs.020._.js:2431
[  185067ms] [LOG] [Fast Refresh] done in 784ms @ http://localhost:3000/_next/static/chunks/0.i0_next_dist_0fs.020._.js:2431
[  185173ms] [LOG] [Fast Refresh] rebuilding @ http://localhost:3000/_next/static/chunks/0.i0_next_dist_0fs.020._.js:2431
[  185603ms] [LOG] [Fast Refresh] done in 534ms @ http://localhost:3000/_next/static/chunks/0.i0_next_dist_0fs.020._.js:2431
[  185718ms] [LOG] [Fast Refresh] rebuilding @ http://localhost:3000/_next/static/chunks/0.i0_next_dist_0fs.020._.js:2431
[  185800ms] [LOG] [Fast Refresh] done in 182ms @ http://localhost:3000/_next/static/chunks/0.i0_next_dist_0fs.020._.js:2431
[  185974ms] ReferenceError: initLenRef is not defined
    at AgentPanel.useEffect (http://localhost:3000/_next/static/chunks/IdeaProjects_TeamAI_teamai_src_114de8m._.js?id=%255Bproject%255D%252FIdeaProjects%252FTeamAI%252Fteamai%252Fsrc%252Fcomponents%252Fagent-panel.tsx+%255Bapp-client%255D+%2528ecmascript%2529:69:13)
    at Object.react_stack_bottom_frame (http://localhost:3000/_next/static/chunks/0.i0_next_dist_compiled_react-dom_00nz2x1._.js:15087:22)
    at runWithFiberInDEV (http://localhost:3000/_next/static/chunks/0.i0_next_dist_compiled_react-dom_00nz2x1._.js:965:74)
    at commitHookEffectListMount (http://localhost:3000/_next/static/chunks/0.i0_next_dist_compiled_react-dom_00nz2x1._.js:7255:167)
    at commitHookPassiveMountEffects (http://localhost:3000/_next/static/chunks/0.i0_next_dist_compiled_react-dom_00nz2x1._.js:7290:60)
    at commitPassiveMountOnFiber (http://localhost:3000/_next/static/chunks/0.i0_next_dist_compiled_react-dom_00nz2x1._.js:8689:33)
    at recursivelyTraversePassiveMountEffects (http://localhost:3000/_next/static/chunks/0.i0_next_dist_compiled_react-dom_00nz2x1._.js:8676:316)
    at commitPassiveMountOnFiber (http://localhost:3000/_next/static/chunks/0.i0_next_dist_compiled_react-dom_00nz2x1._.js:8750:17)
    at recursivelyTraversePassiveMountEffects (http://localhost:3000/_next/static/chunks/0.i0_next_dist_compiled_react-dom_00nz2x1._.js:8676:316)
    at commitPassiveMountOnFiber (http://localhost:3000/_next/static/chunks/0.i0_next_dist_compiled_react-dom_00nz2x1._.js:8750:17)
    at recursivelyTraversePassiveMountEffects (http://localhost:3000/_next/static/chunks/0.i0_next_dist_compiled_react-dom_00nz2x1._.js:8676:316)
    at commitPassiveMountOnFiber (http://localhost:3000/_next/static/chunks/0.i0_next_dist_compiled_react-dom_00nz2x1._.js:8750:17)
    at recursivelyTraversePassiveMountEffects (http://localhost:3000/_next/static/chunks/0.i0_next_dist_compiled_react-dom_00nz2x1._.js:8676:316)
    at commitPassiveMountOnFiber (http://localhost:3000/_next/static/chunks/0.i0_next_dist_compiled_react-dom_00nz2x1._.js:8688:17)
    at recursivelyTraversePassiveMountEffects (http://localhost:3000/_next/static/chunks/0.i0_next_dist_compiled_react-dom_00nz2x1._.js:8676:316)
    at commitPassiveMountOnFiber (http://localhost:3000/_next/static/chunks/0.i0_next_dist_compiled_react-dom_00nz2x1._.js:8750:17)
    at recursivelyTraversePassiveMountEffects (http://localhost:3000/_next/static/chunks/0.i0_next_dist_compiled_react-dom_00nz2x1._.js:8676:316)
    at commitPassiveMountOnFiber (http://localhost:3000/_next/static/chunks/0.i0_next_dist_compiled_react-dom_00nz2x1._.js:8750:17)
    at recursivelyTraversePassiveMountEffects (http://localhost:3000/_next/static/chunks/0.i0_next_dist_compiled_react-dom_00nz2x1._.js:8676:316)
    at commitPassiveMountOnFiber (http://localhost:3000/_next/static/chunks/0.i0_next_dist_compiled_react-dom_00nz2x1._.js:8688:17)
    at recursivelyTraversePassiveMountEffects (http://localhost:3000/_next/static/chunks/0.i0_next_dist_compiled_react-dom_00nz2x1._.js:8676:316)
    at commitPassiveMountOnFiber (http://localhost:3000/_next/static/chunks/0.i0_next_dist_compiled_react-dom_00nz2x1._.js:8750:17)
    at recursivelyTraversePassiveMountEffects (http://localhost:3000/_next/static/chunks/0.i0_next_dist_compiled_react-dom_00nz2x1._.js:8676:316)
    at commitPassiveMountOnFiber (http://localhost:3000/_next/static/chunks/0.i0_next_dist_compiled_react-dom_00nz2x1._.js:8750:17)
    at recursivelyTraversePassiveMountEffects (http://localhost:3000/_next/static/chunks/0.i0_next_dist_compiled_react-dom_00nz2x1._.js:8676:316)
    at commitPassiveMountOnFiber (http://localhost:3000/_next/static/chunks/0.i0_next_dist_compiled_react-dom_00nz2x1._.js:8750:17)
    at recursivelyTraversePassiveMountEffects (http://localhost:3000/_next/static/chunks/0.i0_next_dist_compiled_react-dom_00nz2x1._.js:8676:316)
    at commitPassiveMountOnFiber (http://localhost:3000/_next/static/chunks/0.i0_next_dist_compiled_react-dom_00nz2x1._.js:8688:17)
    at recursivelyTraversePassiveMountEffects (http://localhost:3000/_next/static/chunks/0.i0_next_dist_compiled_react-dom_00nz2x1._.js:8676:316)
    at commitPassiveMountOnFiber (http://localhost:3000/_next/static/chunks/0.i0_next_dist_compiled_react-dom_00nz2x1._.js:8688:17)
    at recursivelyTraversePassiveMountEffects (http://localhost:3000/_next/static/chunks/0.i0_next_dist_compiled_react-dom_00nz2x1._.js:8676:316)
    at commitPassiveMountOnFiber (http://localhost:3000/_next/static/chunks/0.i0_next_dist_compiled_react-dom_00nz2x1._.js:8750:17)
    at recursivelyTraversePassiveMountEffects (http://localhost:3000/_next/static/chunks/0.i0_next_dist_compiled_react-dom_00nz2x1._.js:8676:316)
    at commitPassiveMountOnFiber (http://localhost:3000/_next/static/chunks/0.i0_next_dist_compiled_react-dom_00nz2x1._.js:8750:17)
    at recursivelyTraversePassiveMountEffects (http://localhost:3000/_next/static/chunks/0.i0_next_dist_compiled_react-dom_00nz2x1._.js:8676:316)
    at commitPassiveMountOnFiber (http://localhost:3000/_next/static/chunks/0.i0_next_dist_compiled_react-dom_00nz2x1._.js:8688:17)
    at recursivelyTraversePassiveMountEffects (http://localhost:3000/_next/static/chunks/0.i0_next_dist_compiled_react-dom_00nz2x1._.js:8676:316)
    at commitPassiveMountOnFiber (http://localhost:3000/_next/static/chunks/0.i0_next_dist_compiled_react-dom_00nz2x1._.js:8693:17)
    at recursivelyTraversePassiveMountEffects (http://localhost:3000/_next/static/chunks/0.i0_next_dist_compiled_react-dom_00nz2x1._.js:8676:316)
    at commitPassiveMountOnFiber (http://localhost:3000/_next/static/chunks/0.i0_next_dist_compiled_react-dom_00nz2x1._.js:8688:17)
    at recursivelyTraversePassiveMountEffects (http://localhost:3000/_next/static/chunks/0.i0_next_dist_compiled_react-dom_00nz2x1._.js:8676:316)
    at commitPassiveMountOnFiber (http://localhost:3000/_next/static/chunks/0.i0_next_dist_compiled_react-dom_00nz2x1._.js:8693:17)
    at recursivelyTraversePassiveMountEffects (http://localhost:3000/_next/static/chunks/0.i0_next_dist_compiled_react-dom_00nz2x1._.js:8676:316)
    at commitPassiveMountOnFiber (http://localhost:3000/_next/static/chunks/0.i0_next_dist_compiled_react-dom_00nz2x1._.js:8688:17)
    at recursivelyTraversePassiveMountEffects (http://localhost:3000/_next/static/chunks/0.i0_next_dist_compiled_react-dom_00nz2x1._.js:8676:316)
    at commitPassiveMountOnFiber (http://localhost:3000/_next/static/chunks/0.i0_next_dist_compiled_react-dom_00nz2x1._.js:8688:17)
    at recursivelyTraversePassiveMountEffects (http://localhost:3000/_next/static/chunks/0.i0_next_dist_compiled_react-dom_00nz2x1._.js:8676:316)
    at commitPassiveMountOnFiber (http://localhost:3000/_next/static/chunks/0.i0_next_dist_compiled_react-dom_00nz2x1._.js:8688:17)
    at recursivelyTraversePassiveMountEffects (http://localhost:3000/_next/static/chunks/0.i0_next_dist_compiled_react-dom_00nz2x1._.js:8676:316)
    at commitPassiveMountOnFiber (http://localhost:3000/_next/static/chunks/0.i0_next_dist_compiled_react-dom_00nz2x1._.js:8693:17)
[  186058ms] [INFO] %cDownload the React DevTools for a better development experience: https://react.dev/link/react-devtools font-weight:bold @ http://localhost:3000/_next/static/chunks/0.i0_next_dist_0fs.020._.js:2431
[  186398ms] [LOG] [HMR] connected @ http://localhost:3000/_next/static/chunks/0.i0_next_dist_0fs.020._.js:2431
[  186451ms] [ERROR] A tree hydrated but some attributes of the server rendered HTML didn't match the client properties. This won't be patched up. This can happen if a SSR-ed Client Component used:

- A server/client branch `if (typeof window !== 'undefined')`.
- Variable input such as `Date.now()` or `Math.random()` which changes each time it's called.
- Date formatting in a user's locale which doesn't match the server.
- External changing data without sending a snapshot of it along with the HTML.
- Invalid HTML tag nesting.

It can also happen if the client has a browser extension installed which messes with the HTML before React loaded.

%s%s https://react.dev/link/hydration-mismatch 

  ...
    <HotReload globalError={[...]} webSocket={WebSocket} staticIndicatorState={{pathname:null, ...}}>
      <AppDevOverlayErrorBoundary globalError={[...]}>
        <ReplaySsrOnlyErrors>
        <DevRootHTTPAccessFallbackBoundary>
          <HTTPAccessFallbackBoundary notFound={<NotAllowedRootHTTPFallbackError>}>
            <HTTPAccessFallbackErrorBoundary pathname="/" notFound={<NotAllowedRootHTTPFallbackError>} ...>
              <RedirectBoundary>
                <RedirectErrorBoundary router={{...}}>
                  <Head>
                  <__next_root_layout_boundary__>
                    <SegmentViewNode type="layout" pagePath="layout.tsx">
                      <SegmentTrieNode>
                      <link>
                      <script>
                      <script>
                      <script>
                      <RootLayout>
                        <html
                          lang="en"
+                         className="geist_a71539c9-module__T19VSG__variable geist_mono_8d43a2aa-module__8Li5zG__varia..."
-                         className="geist_a71539c9-module__T19VSG__variable geist_mono_8d43a2aa-module__8Li5zG__varia..."
                        >
                  ...
 @ http://localhost:3000/_next/static/chunks/0.i0_next_dist_0fs.020._.js:3272
[  206855ms] [LOG] [Fast Refresh] rebuilding @ http://localhost:3000/_next/static/chunks/0.i0_next_dist_0fs.020._.js:2431
[  207486ms] [LOG] [Fast Refresh] done in 740ms @ http://localhost:3000/_next/static/chunks/0.i0_next_dist_0fs.020._.js:2431
[  207600ms] [LOG] [Fast Refresh] rebuilding @ http://localhost:3000/_next/static/chunks/0.i0_next_dist_0fs.020._.js:2431
[  208021ms] [LOG] [Fast Refresh] done in 529ms @ http://localhost:3000/_next/static/chunks/0.i0_next_dist_0fs.020._.js:2431
[  230418ms] [LOG] [Fast Refresh] rebuilding @ http://localhost:3000/_next/static/chunks/0.i0_next_dist_0fs.020._.js:2431
[  231128ms] [LOG] [Fast Refresh] done in 813ms @ http://localhost:3000/_next/static/chunks/0.i0_next_dist_0fs.020._.js:2431
[  231234ms] [LOG] [Fast Refresh] rebuilding @ http://localhost:3000/_next/static/chunks/0.i0_next_dist_0fs.020._.js:2431
[  231634ms] [LOG] [Fast Refresh] done in 503ms @ http://localhost:3000/_next/static/chunks/0.i0_next_dist_0fs.020._.js:2431
[  259512ms] [LOG] [Fast Refresh] rebuilding @ http://localhost:3000/_next/static/chunks/0.i0_next_dist_0fs.020._.js:2431
[  260245ms] [LOG] [Fast Refresh] done in 845ms @ http://localhost:3000/_next/static/chunks/0.i0_next_dist_0fs.020._.js:2431
[  260361ms] [LOG] [Fast Refresh] rebuilding @ http://localhost:3000/_next/static/chunks/0.i0_next_dist_0fs.020._.js:2431
[  260699ms] [LOG] [Fast Refresh] done in 451ms @ http://localhost:3000/_next/static/chunks/0.i0_next_dist_0fs.020._.js:2431
[  487900ms] [LOG] [Fast Refresh] rebuilding @ http://localhost:3000/_next/static/chunks/0.i0_next_dist_0fs.020._.js:2431
[  488053ms] [LOG] [Fast Refresh] done in 266ms @ http://localhost:3000/_next/static/chunks/0.i0_next_dist_0fs.020._.js:2431
