[     113ms] [LOG] [Fast Refresh] rebuilding @ http://localhost:3000/_next/static/chunks/0.i0_next_dist_0fs.020._.js:2431
[     193ms] [LOG] [Fast Refresh] done in 181ms @ http://localhost:3000/_next/static/chunks/0.i0_next_dist_0fs.020._.js:2431
[     356ms] [INFO] %cDownload the React DevTools for a better development experience: https://react.dev/link/react-devtools font-weight:bold @ http://localhost:3000/_next/static/chunks/0.i0_next_dist_0fs.020._.js:2431
[     677ms] [LOG] [HMR] connected @ http://localhost:3000/_next/static/chunks/0.i0_next_dist_0fs.020._.js:2431
[  182384ms] TypeError: Cannot read properties of undefined (reading 'type')
    at formatEvent (http://localhost:3000/_next/static/chunks/IdeaProjects_TeamAI_teamai_src_0slvln8._.js:74:18)
    at AgentPanel.useEffect (http://localhost:3000/_next/static/chunks/IdeaProjects_TeamAI_teamai_src_0slvln8._.js:173:30)
    at Object.react_stack_bottom_frame (http://localhost:3000/_next/static/chunks/0.i0_next_dist_compiled_react-dom_00nz2x1._.js:15087:22)
    at runWithFiberInDEV (http://localhost:3000/_next/static/chunks/0.i0_next_dist_compiled_react-dom_00nz2x1._.js:965:74)
    at commitHookEffectListMount (http://localhost:3000/_next/static/chunks/0.i0_next_dist_compiled_react-dom_00nz2x1._.js:7255:167)
    at commitHookPassiveMountEffects (http://localhost:3000/_next/static/chunks/0.i0_next_dist_compiled_react-dom_00nz2x1._.js:7290:60)
    at commitPassiveMountOnFiber (http://localhost:3000/_next/static/chunks/0.i0_next_dist_compiled_react-dom_00nz2x1._.js:8689:33)
    at recursivelyTraversePassiveMountEffects (http://localhost:3000/_next/static/chunks/0.i0_next_dist_compiled_react-dom_00nz2x1._.js:8676:316)
    at commitPassiveMountOnFiber (http://localhost:3000/_next/static/chunks/0.i0_next_dist_compiled_react-dom_00nz2x1._.js:8750:17)
    at recursivelyTraversePassiveMountEffects (http://localhost:3000/_next/static/chunks/0.i0_next_dist_compiled_react-dom_00nz2x1._.js:8676:316)
    at commitPassiveMountOnFiber (http://localhost:3000/_next/static/chunks/0.i0_next_dist_compiled_react-dom_00nz2x1._.js:8750:17)
    at recursivelyTraversePassiveMountEffects (http://localhost:3000/_next/static/chunks/0.i0_next_dist_compiled_react-dom_00nz2x1._.js:8676:316)
    at commitPassiveMountOnFiber (http://localhost:3000/_next/static/chunks/0.i0_next_dist_compiled_react-dom_00nz2x1._.js:8688:17)
    at recursivelyTraversePassiveMountEffects (http://localhost:3000/_next/static/chunks/0.i0_next_dist_compiled_react-dom_00nz2x1._.js:8676:316)
    at commitPassiveMountOnFiber (http://localhost:3000/_next/static/chunks/0.i0_next_dist_compiled_react-dom_00nz2x1._.js:8750:17)
    at recursivelyTraversePassiveMountEffects (http://localhost:3000/_next/static/chunks/0.i0_next_dist_compiled_react-dom_00nz2x1._.js:8676:316)
    at commitPassiveMountOnFiber (http://localhost:3000/_next/static/chunks/0.i0_next_dist_compiled_react-dom_00nz2x1._.js:8750:17)
    at recursivelyTraversePassiveMountEffects (http://localhost:3000/_next/static/chunks/0.i0_next_dist_compiled_react-dom_00nz2x1._.js:8676:316)
    at commitPassiveMountOnFiber (http://localhost:3000/_next/static/chunks/0.i0_next_dist_compiled_react-dom_00nz2x1._.js:8688:17)
    at recursivelyTraversePassiveMountEffects (http://localhost:3000/_next/static/chunks/0.i0_next_dist_compiled_react-dom_00nz2x1._.js:8676:316)
    at commitPassiveMountOnFiber (http://localhost:3000/_next/static/chunks/0.i0_next_dist_compiled_react-dom_00nz2x1._.js:8693:17)
    at recursivelyTraversePassiveMountEffects (http://localhost:3000/_next/static/chunks/0.i0_next_dist_compiled_react-dom_00nz2x1._.js:8676:316)
    at commitPassiveMountOnFiber (http://localhost:3000/_next/static/chunks/0.i0_next_dist_compiled_react-dom_00nz2x1._.js:8688:17)
    at recursivelyTraversePassiveMountEffects (http://localhost:3000/_next/static/chunks/0.i0_next_dist_compiled_react-dom_00nz2x1._.js:8676:316)
    at commitPassiveMountOnFiber (http://localhost:3000/_next/static/chunks/0.i0_next_dist_compiled_react-dom_00nz2x1._.js:8688:17)
    at recursivelyTraversePassiveMountEffects (http://localhost:3000/_next/static/chunks/0.i0_next_dist_compiled_react-dom_00nz2x1._.js:8676:316)
    at commitPassiveMountOnFiber (http://localhost:3000/_next/static/chunks/0.i0_next_dist_compiled_react-dom_00nz2x1._.js:8688:17)
    at recursivelyTraversePassiveMountEffects (http://localhost:3000/_next/static/chunks/0.i0_next_dist_compiled_react-dom_00nz2x1._.js:8676:316)
    at commitPassiveMountOnFiber (http://localhost:3000/_next/static/chunks/0.i0_next_dist_compiled_react-dom_00nz2x1._.js:8688:17)
    at recursivelyTraversePassiveMountEffects (http://localhost:3000/_next/static/chunks/0.i0_next_dist_compiled_react-dom_00nz2x1._.js:8676:316)
    at commitPassiveMountOnFiber (http://localhost:3000/_next/static/chunks/0.i0_next_dist_compiled_react-dom_00nz2x1._.js:8693:17)
    at recursivelyTraversePassiveMountEffects (http://localhost:3000/_next/static/chunks/0.i0_next_dist_compiled_react-dom_00nz2x1._.js:8676:316)
    at commitPassiveMountOnFiber (http://localhost:3000/_next/static/chunks/0.i0_next_dist_compiled_react-dom_00nz2x1._.js:8688:17)
    at recursivelyTraversePassiveMountEffects (http://localhost:3000/_next/static/chunks/0.i0_next_dist_compiled_react-dom_00nz2x1._.js:8676:316)
    at commitPassiveMountOnFiber (http://localhost:3000/_next/static/chunks/0.i0_next_dist_compiled_react-dom_00nz2x1._.js:8688:17)
    at recursivelyTraversePassiveMountEffects (http://localhost:3000/_next/static/chunks/0.i0_next_dist_compiled_react-dom_00nz2x1._.js:8676:316)
    at commitPassiveMountOnFiber (http://localhost:3000/_next/static/chunks/0.i0_next_dist_compiled_react-dom_00nz2x1._.js:8750:17)
    at recursivelyTraversePassiveMountEffects (http://localhost:3000/_next/static/chunks/0.i0_next_dist_compiled_react-dom_00nz2x1._.js:8676:316)
    at commitPassiveMountOnFiber (http://localhost:3000/_next/static/chunks/0.i0_next_dist_compiled_react-dom_00nz2x1._.js:8750:17)
    at recursivelyTraversePassiveMountEffects (http://localhost:3000/_next/static/chunks/0.i0_next_dist_compiled_react-dom_00nz2x1._.js:8676:316)
    at commitPassiveMountOnFiber (http://localhost:3000/_next/static/chunks/0.i0_next_dist_compiled_react-dom_00nz2x1._.js:8688:17)
    at recursivelyTraversePassiveMountEffects (http://localhost:3000/_next/static/chunks/0.i0_next_dist_compiled_react-dom_00nz2x1._.js:8676:316)
    at commitPassiveMountOnFiber (http://localhost:3000/_next/static/chunks/0.i0_next_dist_compiled_react-dom_00nz2x1._.js:8688:17)
    at recursivelyTraversePassiveMountEffects (http://localhost:3000/_next/static/chunks/0.i0_next_dist_compiled_react-dom_00nz2x1._.js:8676:316)
    at commitPassiveMountOnFiber (http://localhost:3000/_next/static/chunks/0.i0_next_dist_compiled_react-dom_00nz2x1._.js:8750:17)
    at recursivelyTraversePassiveMountEffects (http://localhost:3000/_next/static/chunks/0.i0_next_dist_compiled_react-dom_00nz2x1._.js:8676:316)
    at commitPassiveMountOnFiber (http://localhost:3000/_next/static/chunks/0.i0_next_dist_compiled_react-dom_00nz2x1._.js:8750:17)
    at recursivelyTraversePassiveMountEffects (http://localhost:3000/_next/static/chunks/0.i0_next_dist_compiled_react-dom_00nz2x1._.js:8676:316)
    at commitPassiveMountOnFiber (http://localhost:3000/_next/static/chunks/0.i0_next_dist_compiled_react-dom_00nz2x1._.js:8750:17)
    at recursivelyTraversePassiveMountEffects (http://localhost:3000/_next/static/chunks/0.i0_next_dist_compiled_react-dom_00nz2x1._.js:8676:316)
[  182575ms] [LOG] [Fast Refresh] rebuilding @ http://localhost:3000/_next/static/chunks/0.i0_next_dist_0fs.020._.js:2431
[  182580ms] [LOG] [Fast Refresh] done in 112ms @ http://localhost:3000/_next/static/chunks/0.i0_next_dist_0fs.020._.js:2431
[  261840ms] [LOG] [Fast Refresh] rebuilding @ http://localhost:3000/_next/static/chunks/0.i0_next_dist_0fs.020._.js:2431
[  261899ms] [WARNING] [Fast Refresh] performing full reload because your application had an unrecoverable error @ http://localhost:3000/_next/static/chunks/0.i0_next_dist_0fs.020._.js:2431
[  261900ms] [LOG] [Fast Refresh] done in 163ms @ http://localhost:3000/_next/static/chunks/0.i0_next_dist_0fs.020._.js:2431
[  262325ms] [LOG] [Fast Refresh] rebuilding @ http://localhost:3000/_next/static/chunks/0.i0_next_dist_0fs.020._.js:2431
[  262757ms] [LOG] [Fast Refresh] done in 532ms @ http://localhost:3000/_next/static/chunks/0.i0_next_dist_0fs.020._.js:2431
[  262942ms] [INFO] %cDownload the React DevTools for a better development experience: https://react.dev/link/react-devtools font-weight:bold @ http://localhost:3000/_next/static/chunks/0.i0_next_dist_0fs.020._.js:2431
[  263262ms] [LOG] [HMR] connected @ http://localhost:3000/_next/static/chunks/0.i0_next_dist_0fs.020._.js:2431
